Archive member included to satisfy reference by file (symbol)

C:/Users/ASUS/AppData/Local/stm32cube/bundles/gnu-tools-for-stm32/14.3.1+st.2/bin/../lib/gcc/arm-none-eabi/14.3.1/thumb/v7e-m+fp/hard\libgcc.a(_aeabi_uldivmod.o)
                              cmake/stm32cubemx/CMakeFiles/STM32_Drivers.dir/__/__/Drivers/STM32F4xx_HAL_Driver/Src/stm32f4xx_hal_rcc.c.obj (__aeabi_uldivmod)
C:/Users/ASUS/AppData/Local/stm32cube/bundles/gnu-tools-for-stm32/14.3.1+st.2/bin/../lib/gcc/arm-none-eabi/14.3.1/thumb/v7e-m+fp/hard\libgcc.a(_udivmoddi4.o)
                              C:/Users/ASUS/AppData/Local/stm32cube/bundles/gnu-tools-for-stm32/14.3.1+st.2/bin/../lib/gcc/arm-none-eabi/14.3.1/thumb/v7e-m+fp/hard\libgcc.a(_aeabi_uldivmod.o) (__udivmoddi4)
C:/Users/ASUS/AppData/Local/stm32cube/bundles/gnu-tools-for-stm32/14.3.1+st.2/bin/../lib/gcc/arm-none-eabi/14.3.1/thumb/v7e-m+fp/hard\libgcc.a(_dvmd_tls.o)
                              C:/Users/ASUS/AppData/Local/stm32cube/bundles/gnu-tools-for-stm32/14.3.1+st.2/bin/../lib/gcc/arm-none-eabi/14.3.1/thumb/v7e-m+fp/hard\libgcc.a(_aeabi_uldivmod.o) (__aeabi_ldiv0)
C:/Users/ASUS/AppData/Local/stm32cube/bundles/gnu-tools-for-stm32/14.3.1+st.2/bin/../lib/gcc/arm-none-eabi/14.3.1/../../../../arm-none-eabi/lib/thumb/v7e-m+fp/hard\libg_nano.a(libc_a-exit.o)
                              C:/Users/ASUS/AppData/Local/stm32cube/bundles/gnu-tools-for-stm32/14.3.1+st.2/bin/../lib/gcc/arm-none-eabi/14.3.1/../../../../arm-none-eabi/lib/thumb/v7e-m+fp/hard/crt0.o (exit)
C:/Users/ASUS/AppData/Local/stm32cube/bundles/gnu-tools-for-stm32/14.3.1+st.2/bin/../lib/gcc/arm-none-eabi/14.3.1/../../../../arm-none-eabi/lib/thumb/v7e-m+fp/hard\libg_nano.a(libc_a-findfp.o)
                              C:/Users/ASUS/AppData/Local/stm32cube/bundles/gnu-tools-for-stm32/14.3.1+st.2/bin/../lib/gcc/arm-none-eabi/14.3.1/../../../../arm-none-eabi/lib/thumb/v7e-m+fp/hard\libg_nano.a(libc_a-exit.o) (__stdio_exit_handler)
C:/Users/ASUS/AppData/Local/stm32cube/bundles/gnu-tools-for-stm32/14.3.1+st.2/bin/../lib/gcc/arm-none-eabi/14.3.1/../../../../arm-none-eabi/lib/thumb/v7e-m+fp/hard\libg_nano.a(libc_a-fwalk.o)
                              C:/Users/ASUS/AppData/Local/stm32cube/bundles/gnu-tools-for-stm32/14.3.1+st.2/bin/../lib/gcc/arm-none-eabi/14.3.1/../../../../arm-none-eabi/lib/thumb/v7e-m+fp/hard\libg_nano.a(libc_a-findfp.o) (_fwalk_sglue)
C:/Users/ASUS/AppData/Local/stm32cube/bundles/gnu-tools-for-stm32/14.3.1+st.2/bin/../lib/gcc/arm-none-eabi/14.3.1/../../../../arm-none-eabi/lib/thumb/v7e-m+fp/hard\libg_nano.a(libc_a-stdio.o)
                              C:/Users/ASUS/AppData/Local/stm32cube/bundles/gnu-tools-for-stm32/14.3.1+st.2/bin/../lib/gcc/arm-none-eabi/14.3.1/../../../../arm-none-eabi/lib/thumb/v7e-m+fp/hard\libg_nano.a(libc_a-findfp.o) (__sread)
C:/Users/ASUS/AppData/Local/stm32cube/bundles/gnu-tools-for-stm32/14.3.1+st.2/bin/../lib/gcc/arm-none-eabi/14.3.1/../../../../arm-none-eabi/lib/thumb/v7e-m+fp/hard\libg_nano.a(libc_a-vsnprintf.o)
                              CMakeFiles/06_RTC.dir/BSP/bsp_lcd.c.obj (vsnprintf)
C:/Users/ASUS/AppData/Local/stm32cube/bundles/gnu-tools-for-stm32/14.3.1+st.2/bin/../lib/gcc/arm-none-eabi/14.3.1/../../../../arm-none-eabi/lib/thumb/v7e-m+fp/hard\libg_nano.a(libc_a-memset.o)
                              C:/Users/ASUS/AppData/Local/stm32cube/bundles/gnu-tools-for-stm32/14.3.1+st.2/bin/../lib/gcc/arm-none-eabi/14.3.1/../../../../arm-none-eabi/lib/thumb/v7e-m+fp/hard/crt0.o (memset)
C:/Users/ASUS/AppData/Local/stm32cube/bundles/gnu-tools-for-stm32/14.3.1+st.2/bin/../lib/gcc/arm-none-eabi/14.3.1/../../../../arm-none-eabi/lib/thumb/v7e-m+fp/hard\libg_nano.a(libc_a-closer.o)
                              C:/Users/ASUS/AppData/Local/stm32cube/bundles/gnu-tools-for-stm32/14.3.1+st.2/bin/../lib/gcc/arm-none-eabi/14.3.1/../../../../arm-none-eabi/lib/thumb/v7e-m+fp/hard\libg_nano.a(libc_a-stdio.o) (_close_r)
C:/Users/ASUS/AppData/Local/stm32cube/bundles/gnu-tools-for-stm32/14.3.1+st.2/bin/../lib/gcc/arm-none-eabi/14.3.1/../../../../arm-none-eabi/lib/thumb/v7e-m+fp/hard\libg_nano.a(libc_a-reent.o)
                              C:/Users/ASUS/AppData/Local/stm32cube/bundles/gnu-tools-for-stm32/14.3.1+st.2/bin/../lib/gcc/arm-none-eabi/14.3.1/../../../../arm-none-eabi/lib/thumb/v7e-m+fp/hard\libg_nano.a(libc_a-closer.o) (errno)
C:/Users/ASUS/AppData/Local/stm32cube/bundles/gnu-tools-for-stm32/14.3.1+st.2/bin/../lib/gcc/arm-none-eabi/14.3.1/../../../../arm-none-eabi/lib/thumb/v7e-m+fp/hard\libg_nano.a(libc_a-impure.o)
                              C:/Users/ASUS/AppData/Local/stm32cube/bundles/gnu-tools-for-stm32/14.3.1+st.2/bin/../lib/gcc/arm-none-eabi/14.3.1/../../../../arm-none-eabi/lib/thumb/v7e-m+fp/hard\libg_nano.a(libc_a-vsnprintf.o) (_impure_ptr)
C:/Users/ASUS/AppData/Local/stm32cube/bundles/gnu-tools-for-stm32/14.3.1+st.2/bin/../lib/gcc/arm-none-eabi/14.3.1/../../../../arm-none-eabi/lib/thumb/v7e-m+fp/hard\libg_nano.a(libc_a-lseekr.o)
[...]
Memory Configuration

Name             Origin             Length             Attributes
RAM              0x20000000         0x00030000         xrw
CCMRAM           0x10000000         0x00010000         xrw
FLASH            0x08000000         0x00100000         xr
*default*        0x00000000         0xffffffff

Linker script and memory map

LOAD C:/Users/ASUS/AppData/Local/stm32cube/bundles/gnu-tools-for-stm32/14.3.1+st.2/bin/../lib/gcc/arm-none-eabi/14.3.1/thumb/v7e-m+fp/hard/crti.o
LOAD C:/Users/ASUS/AppData/Local/stm32cube/bundles/gnu-tools-for-stm32/14.3.1+st.2/bin/../lib/gcc/arm-none-eabi/14.3.1/thumb/v7e-m+fp/hard/crtbegin.o
LOAD C:/Users/ASUS/AppData/Local/stm32cube/bundles/gnu-tools-for-stm32/14.3.1+st.2/bin/../lib/gcc/arm-none-eabi/14.3.1/../../../../arm-none-eabi/lib/thumb/v7e-m+fp/hard/crt0.o
LOAD cmake/stm32cubemx/CMakeFiles/STM32_Drivers.dir/__/__/Core/Src/system_stm32f4xx.c.obj
LOAD cmake/stm32cubemx/CMakeFiles/STM32_Drivers.dir/__/__/Drivers/STM32F4xx_HAL_Driver/Src/stm32f4xx_hal_dma2d.c.obj
LOAD cmake/stm32cubemx/CMakeFiles/STM32_Drivers.dir/__/__/Drivers/STM32F4xx_HAL_Driver/Src/stm32f4xx_hal_rcc.c.obj
LOAD cmake/stm32cubemx/CMakeFiles/STM32_Drivers.dir/__/__/Drivers/STM32F4xx_HAL_Driver/Src/stm32f4xx_hal_rcc_ex.c.obj
LOAD cmake/stm32cubemx/CMakeFiles/STM32_Drivers.dir/__/__/Drivers/STM32F4xx_HAL_Driver/Src/stm32f4xx_hal_flash.c.obj
LOAD cmake/stm32cubemx/CMakeFiles/STM32_Drivers.dir/__/__/Drivers/STM32F4xx_HAL_Driver/Src/stm32f4xx_hal_flash_ex.c.obj
LOAD cmake/stm32cubemx/CMakeFiles/STM32_Drivers.dir/__/__/Drivers/STM32F4xx_HAL_Driver/Src/stm32f4xx_hal_flash_ramfunc.c.obj
LOAD cmake/stm32cubemx/CMakeFiles/STM32_Drivers.dir/__/__/Drivers/STM32F4xx_HAL_Driver/Src/stm32f4xx_hal_gpio.c.obj
LOAD cmake/stm32cubemx/CMakeFiles/STM32_Drivers.dir/__/__/Drivers/STM32F4xx_HAL_Driver/Src/stm32f4xx_hal_dma_ex.c.obj
LOAD cmake/stm32cubemx/CMakeFiles/STM32_Drivers.dir/__/__/Drivers/STM32F4xx_HAL_Driver/Src/stm32f4xx_hal_dma.c.obj
LOAD cmake/stm32cubemx/CMakeFiles/STM32_Drivers.dir/__/__/Drivers/STM32F4xx_HAL_Driver/Src/stm32f4xx_hal_pwr.c.obj
LOAD cmake/stm32cubemx/CMakeFiles/STM32_Drivers.dir/__/__/Drivers/STM32F4xx_HAL_Driver/Src/stm32f4xx_hal_pwr_ex.c.obj
LOAD cmake/stm32cubemx/CMakeFiles/STM32_Drivers.dir/__/__/Drivers/STM32F4xx_HAL_Driver/Src/stm32f4xx_hal_cortex.c.obj
LOAD cmake/stm32cubemx/CMakeFiles/STM32_Drivers.dir/__/__/Drivers/STM32F4xx_HAL_Driver/Src/stm32f4xx_hal.c.obj
LOAD cmake/stm32cubemx/CMakeFiles/STM32_Drivers.dir/__/__/Drivers/STM32F4xx_HAL_Driver/Src/stm32f4xx_hal_exti.c.obj
LOAD cmake/stm32cubemx/CMakeFiles/STM32_Drivers.dir/__/__/Drivers/STM32F4xx_HAL_Driver/Src/stm32f4xx_ll_fmc.c.obj
LOAD cmake/stm32cubemx/CMakeFiles/STM32_Drivers.dir/__/__/Drivers/STM32F4xx_HAL_Driver/Src/stm32f4xx_hal_nor.c.obj
LOAD cmake/stm32cubemx/CMakeFiles/STM32_Drivers.dir/__/__/Drivers/STM32F4xx_HAL_Driver/Src/stm32f4xx_hal_sram.c.obj
LOAD cmake/stm32cubemx/CMakeFiles/STM32_Drivers.dir/__/__/Drivers/STM32F4xx_HAL_Driver/Src/stm32f4xx_hal_nand.c.obj
LOAD cmake/stm32cubemx/CMakeFiles/STM32_Drivers.dir/__/__/Drivers/STM32F4xx_HAL_Driver/Src/stm32f4xx_hal_pccard.c.obj
LOAD cmake/stm32cubemx/CMakeFiles/STM32_Drivers.dir/__/__/Drivers/STM32F4xx_HAL_Driver/Src/stm32f4xx_hal_sdram.c.obj
LOAD cmake/stm32cubemx/CMakeFiles/STM32_Drivers.dir/__/__/Drivers/STM32F4xx_HAL_Driver/Src/stm32f4xx_hal_ltdc.c.obj
LOAD cmake/stm32cubemx/CMakeFiles/STM32_Drivers.dir/__/__/Drivers/STM32F4xx_HAL_Driver/Src/stm32f4xx_hal_ltdc_ex.c.obj
LOAD cmake/stm32cubemx/CMakeFiles/STM32_Drivers.dir/__/__/Drivers/STM32F4xx_HAL_Driver/Src/stm32f4xx_hal_dsi.c.obj
LOAD cmake/stm32cubemx/CMakeFiles/STM32_Drivers.dir/__/__/Drivers/STM32F4xx_HAL_Driver/Src/stm32f4xx_hal_rtc.c.obj
LOAD cmake/stm32cubemx/CMakeFiles/STM32_Drivers.dir/__/__/Drivers/STM32F4xx_HAL_Driver/Src/stm32f4xx_hal_rtc_ex.c.obj
LOAD cmake/stm32cubemx/CMakeFiles/STM32_Drivers.dir/__/__/Drivers/STM32F4xx_HAL_Driver/Src/stm32f4xx_hal_uart.c.obj
LOAD CMakeFiles/06_RTC.dir/Core/Src/main.c.obj
LOAD CMakeFiles/06_RTC.dir/Core/Src/gpio.c.obj
LOAD CMakeFiles/06_RTC.dir/Core/Src/dma2d.c.obj
LOAD CMakeFiles/06_RTC.dir/Core/Src/fmc.c.obj
LOAD CMakeFiles/06_RTC.dir/Core/Src/ltdc.c.obj
LOAD CMakeFiles/06_RTC.dir/Core/Src/rtc.c.obj
LOAD CMakeFiles/06_RTC.dir/Core/Src/usart.c.obj
LOAD CMakeFiles/06_RTC.dir/Core/Src/stm32f4xx_it.c.obj
LOAD CMakeFiles/06_RTC.dir/Core/Src/stm32f4xx_hal_msp.c.obj
LOAD CMakeFiles/06_RTC.dir/Core/Src/sysmem.c.obj
LOAD CMakeFiles/06_RTC.dir/Core/Src/syscalls.c.obj
LOAD CMakeFiles/06_RTC.dir/startup_stm32f429xx.s.obj
LOAD CMakeFiles/06_RTC.dir/BSP/bsp_buzzer.c.obj
LOAD CMakeFiles/06_RTC.dir/BSP/bsp_key.c.obj
LOAD CMakeFiles/06_RTC.dir/BSP/bsp_led.c.obj
LOAD CMakeFiles/06_RTC.dir/BSP/bsp_sdram.c.obj
LOAD CMakeFiles/06_RTC.dir/BSP/bsp_uart.c.obj
LOAD CMakeFiles/06_RTC.dir/BSP/bsp_lcd.c.obj
LOAD CMakeFiles/06_RTC.dir/BSP/fonts/font8.c.obj
LOAD CMakeFiles/06_RTC.dir/BSP/fonts/font12.c.obj
LOAD CMakeFiles/06_RTC.dir/BSP/fonts/font16.c.obj
LOAD CMakeFiles/06_RTC.dir/BSP/fonts/font20.c.obj
LOAD CMakeFiles/06_RTC.dir/BSP/fonts/font24.c.obj
LOAD C:/Users/ASUS/AppData/Local/stm32cube/bundles/gnu-tools-for-stm32/14.3.1+st.2/bin/../lib/gcc/arm-none-eabi/14.3.1/../../../../arm-none-eabi/lib/thumb/v7e-m+fp/hard\libm.a
START GROUP
LOAD C:/Users/ASUS/AppData/Local/stm32cube/bundles/gnu-tools-for-stm32/14.3.1+st.2/bin/../lib/gcc/arm-none-eabi/14.3.1/thumb/v7e-m+fp/hard\libgcc.a
LOAD C:/Users/ASUS/AppData/Local/stm32cube/bundles/gnu-tools-for-stm32/14.3.1+st.2/bin/../lib/gcc/arm-none-eabi/14.3.1/../../../../arm-none-eabi/lib/thumb/v7e-m+fp/hard\libg_nano.a
LOAD C:/Users/ASUS/AppData/Local/stm32cube/bundles/gnu-tools-for-stm32/14.3.1+st.2/bin/../lib/gcc/arm-none-eabi/14.3.1/../../../../arm-none-eabi/lib/thumb/v7e-m+fp/hard\libc_nano.a
END GROUP
START GROUP
LOAD C:/Users/ASUS/AppData/Local/stm32cube/bundles/gnu-tools-for-stm32/14.3.1+st.2/bin/../lib/gcc/arm-none-eabi/14.3.1/thumb/v7e-m+fp/hard\libgcc.a
LOAD C:/Users/ASUS/AppData/Local/stm32cube/bundles/gnu-tools-for-stm32/14.3.1+st.2/bin/../lib/gcc/arm-none-eabi/14.3.1/../../../../arm-none-eabi/lib/thumb/v7e-m+fp/hard\libc_nano.a
END GROUP
LOAD C:/Users/ASUS/AppData/Local/stm32cube/bundles/gnu-tools-for-stm32/14.3.1+st.2/bin/../lib/gcc/arm-none-eabi/14.3.1/thumb/v7e-m+fp/hard/crtend.o
LOAD C:/Users/ASUS/AppData/Local/stm32cube/bundles/gnu-tools-for-stm32/14.3.1+st.2/bin/../lib/gcc/arm-none-eabi/14.3.1/thumb/v7e-m+fp/hard/crtn.o
                0x20030000                        _estack = (ORIGIN (RAM) + LENGTH (RAM))
                0x2002fc00                        _sstack = (_estack - _Min_Stack_Size)
                0x00000200                        _Min_Heap_Size = 0x200
                0x00000400                        _Min_Stack_Size = 0x400

.isr_vector     0x08000000      0x1ac
                0x08000000                        . = ALIGN (0x4)
 *(.isr_vector)
 .isr_vector    0x08000000      0x1ac CMakeFiles/06_RTC.dir/startup_stm32f429xx.s.obj
                0x08000000                g_pfnVectors
                0x080001ac                        . = ALIGN (0x4)

.text           0x080001b0     0x6b60
                0x080001b0                        . = ALIGN (0x4)
 *(.text)
 .text          0x080001b0       0x40 C:/Users/ASUS/AppData/Local/stm32cube/bundles/gnu-tools-for-stm32/14.3.1+st.2/bin/../lib/gcc/arm-none-eabi/14.3.1/thumb/v7e-m+fp/hard/crtbegin.o
 .text          0x080001f0       0x30 C:/Users/ASUS/AppData/Local/stm32cube/bundles/gnu-tools-for-stm32/14.3.1+st.2/bin/../lib/gcc/arm-none-eabi/14.3.1/thumb/v7e-m+fp/hard\libgcc.a(_aeabi_uldivmod.o)
                0x080001f0                __aeabi_uldivmod
 .text          0x08000220      0x2f8 C:/Users/ASUS/AppData/Local/stm32cube/bundles/gnu-tools-for-stm32/14.3.1+st.2/bin/../lib/gcc/arm-none-eabi/14.3.1/thumb/v7e-m+fp/hard\libgcc.a(_udivmoddi4.o)
                0x08000220                __udivmoddi4
 .text          0x08000518        0x4 C:/Users/ASUS/AppData/Local/stm32cube/bundles/gnu-tools-for-stm32/14.3.1+st.2/bin/../lib/gcc/arm-none-eabi/14.3.1/thumb/v7e-m+fp/hard\libgcc.a(_dvmd_tls.o)
                0x08000518                __aeabi_idiv0
                0x08000518                __aeabi_ldiv0
 *fill*         0x0800051c        0x4 
 .text          0x08000520       0xa0 C:/Users/ASUS/AppData/Local/stm32cube/bundles/gnu-tools-for-stm32/14.3.1+st.2/bin/../lib/gcc/arm-none-eabi/14.3.1/../../../../arm-none-eabi/lib/thumb/v7e-m+fp/hard\libg_nano.a(libc_a-memchr.o)
                0x08000520                memchr
 *(.text*)
 .text.SystemInit
                0x080005c0       0x24 cmake/stm32cubemx/CMakeFiles/STM32_Drivers.dir/__/__/Core/Src/system_stm32f4xx.c.obj
                0x080005c0                SystemInit
 .text.HAL_DMA2D_Init
                0x080005e4      0x11c cmake/stm32cubemx/CMakeFiles/STM32_Drivers.dir/__/__/Drivers/STM32F4xx_HAL_Driver/Src/stm32f4xx_hal_dma2d.c.obj
                0x080005e4                HAL_DMA2D_Init
 .text.HAL_RCC_OscConfig
                0x08000700      0x658 cmake/stm32cubemx/CMakeFiles/STM32_Drivers.dir/__/__/Drivers/STM32F4xx_HAL_Driver/Src/stm32f4xx_hal_rcc.c.obj
                0x08000700                HAL_RCC_OscConfig
 .text.HAL_RCC_ClockConfig
                0x08000d58      0x34c cmake/stm32cubemx/CMakeFiles/STM32_Drivers.dir/__/__/Drivers/STM32F4xx_HAL_Driver/Src/stm32f4xx_hal_rcc.c.obj
                0x08000d58                HAL_RCC_ClockConfig
 .text.HAL_RCC_GetSysClockFreq
                0x080010a4      0x188 cmake/stm32cubemx/CMakeFiles/STM32_Drivers.dir/__/__/Drivers/STM32F4xx_HAL_Driver/Src/stm32f4xx_hal_rcc.c.obj
                0x080010a4                HAL_RCC_GetSysClockFreq
 .text.HAL_RCC_GetHCLKFreq
                0x0800122c       0x18 cmake/stm32cubemx/CMakeFiles/STM32_Drivers.dir/__/__/Drivers/STM32F4xx_HAL_Driver/Src/stm32f4xx_hal_rcc.c.obj
                0x0800122c                HAL_RCC_GetHCLKFreq
 .text.HAL_RCC_GetPCLK1Freq
                0x08001244       0x28 cmake/stm32cubemx/CMakeFiles/STM32_Drivers.dir/__/__/Drivers/STM32F4xx_HAL_Driver/Src/stm32f4xx_hal_rcc.c.obj
                0x08001244                HAL_RCC_GetPCLK1Freq
 .text.HAL_RCC_GetPCLK2Freq
                0x0800126c       0x28 cmake/stm32cubemx/CMakeFiles/STM32_Drivers.dir/__/__/Drivers/STM32F4xx_HAL_Driver/Src/stm32f4xx_hal_rcc.c.obj
                0x0800126c                HAL_RCC_GetPCLK2Freq
 .text.HAL_RCCEx_PeriphCLKConfig
                0x08001294      0x6bc cmake/stm32cubemx/CMakeFiles/STM32_Drivers.dir/__/__/Drivers/STM32F4xx_HAL_Driver/Src/stm32f4xx_hal_rcc_ex.c.obj
                0x08001294                HAL_RCCEx_PeriphCLKConfig
 .text.HAL_GPIO_Init
                0x08001950      0x640 cmake/stm32cubemx/CMakeFiles/STM32_Drivers.dir/__/__/Drivers/STM32F4xx_HAL_Driver/Src/stm32f4xx_hal_gpio.c.obj
                0x08001950                HAL_GPIO_Init
 .text.HAL_GPIO_WritePin
                0x08001f90       0x58 cmake/stm32cubemx/CMakeFiles/STM32_Drivers.dir/__/__/Drivers/STM32F4xx_HAL_Driver/Src/stm32f4xx_hal_gpio.c.obj
                0x08001f90                HAL_GPIO_WritePin
 .text.HAL_PWREx_EnableOverDrive
                0x08001fe8       0xa0 cmake/stm32cubemx/CMakeFiles/STM32_Drivers.dir/__/__/Drivers/STM32F4xx_HAL_Driver/Src/stm32f4xx_hal_pwr_ex.c.obj
                0x08001fe8                HAL_PWREx_EnableOverDrive
 .text.__NVIC_SetPriorityGrouping
                0x08002088       0x48 cmake/stm32cubemx/CMakeFiles/STM32_Drivers.dir/__/__/Drivers/STM32F4xx_HAL_Driver/Src/stm32f4xx_hal_cortex.c.obj
 .text.__NVIC_GetPriorityGrouping
                0x080020d0       0x1c cmake/stm32cubemx/CMakeFiles/STM32_Drivers.dir/__/__/Drivers/STM32F4xx_HAL_Driver/Src/stm32f4xx_hal_cortex.c.obj
 .text.__NVIC_SetPriority
                0x080020ec       0x54 cmake/stm32cubemx/CMakeFiles/STM32_Drivers.dir/__/__/Drivers/STM32F4xx_HAL_Driver/Src/stm32f4xx_hal_cortex.c.obj
 .text.NVIC_EncodePriority
                0x08002140       0x66 cmake/stm32cubemx/CMakeFiles/STM32_Drivers.dir/__/__/Drivers/STM32F4xx_HAL_Driver/Src/stm32f4xx_hal_cortex.c.obj
 *fill*         0x080021a6        0x2 
 .text.SysTick_Config
                0x080021a8       0x44 cmake/stm32cubemx/CMakeFiles/STM32_Drivers.dir/__/__/Drivers/STM32F4xx_HAL_Driver/Src/stm32f4xx_hal_cortex.c.obj
 .text.HAL_NVIC_SetPriorityGrouping
                0x080021ec       0x40 cmake/stm32cubemx/CMakeFiles/STM32_Drivers.dir/__/__/Drivers/STM32F4xx_HAL_Driver/Src/stm32f4xx_hal_cortex.c.obj
                0x080021ec                HAL_NVIC_SetPriorityGrouping
 .text.HAL_NVIC_SetPriority
                0x0800222c       0x58 cmake/stm32cubemx/CMakeFiles/STM32_Drivers.dir/__/__/Drivers/STM32F4xx_HAL_Driver/Src/stm32f4xx_hal_cortex.c.obj
                0x0800222c                HAL_NVIC_SetPriority
 .text.HAL_SYSTICK_Config
                0x08002284       0x18 cmake/stm32cubemx/CMakeFiles/STM32_Drivers.dir/__/__/Drivers/STM32F4xx_HAL_Driver/Src/stm32f4xx_hal_cortex.c.obj
                0x08002284                HAL_SYSTICK_Config
 .text.HAL_Init
                0x0800229c       0x44 cmake/stm32cubemx/CMakeFiles/STM32_Drivers.dir/__/__/Drivers/STM32F4xx_HAL_Driver/Src/stm32f4xx_hal.c.obj
                0x0800229c                HAL_Init
 .text.HAL_InitTick
                0x080022e0       0x60 cmake/stm32cubemx/CMakeFiles/STM32_Drivers.dir/__/__/Drivers/STM32F4xx_HAL_Driver/Src/stm32f4xx_hal.c.obj
                0x080022e0                HAL_InitTick
 .text.HAL_IncTick
                0x08002340       0x28 cmake/stm32cubemx/CMakeFiles/STM32_Drivers.dir/__/__/Drivers/STM32F4xx_HAL_Driver/Src/stm32f4xx_hal.c.obj
                0x08002340                HAL_IncTick
 .text.HAL_GetTick
                0x08002368       0x18 cmake/stm32cubemx/CMakeFiles/STM32_Drivers.dir/__/__/Drivers/STM32F4xx_HAL_Driver/Src/stm32f4xx_hal.c.obj
                0x08002368                HAL_GetTick
 .text.HAL_Delay
                0x08002380       0x48 cmake/stm32cubemx/CMakeFiles/STM32_Drivers.dir/__/__/Drivers/STM32F4xx_HAL_Driver/Src/stm32f4xx_hal.c.obj
                0x08002380                HAL_Delay
 .text.FMC_SDRAM_Init
                0x080023c8      0x21c cmake/stm32cubemx/CMakeFiles/STM32_Drivers.dir/__/__/Drivers/STM32F4xx_HAL_Driver/Src/stm32f4xx_ll_fmc.c.obj
                0x080023c8                FMC_SDRAM_Init
 .text.FMC_SDRAM_Timing_Init
                0x080025e4      0x1b4 cmake/stm32cubemx/CMakeFiles/STM32_Drivers.dir/__/__/Drivers/STM32F4xx_HAL_Driver/Src/stm32f4xx_ll_fmc.c.obj
                0x080025e4                FMC_SDRAM_Timing_Init
 .text.FMC_SDRAM_SendCommand
                0x08002798      0x128 cmake/stm32cubemx/CMakeFiles/STM32_Drivers.dir/__/__/Drivers/STM32F4xx_HAL_Driver/Src/stm32f4xx_ll_fmc.c.obj
                0x08002798                FMC_SDRAM_SendCommand
 .text.FMC_SDRAM_SetAutoRefreshNumber
                0x080028c0       0x58 cmake/stm32cubemx/CMakeFiles/STM32_Drivers.dir/__/__/Drivers/STM32F4xx_HAL_Driver/Src/stm32f4xx_ll_fmc.c.obj
                0x080028c0                FMC_SDRAM_SetAutoRefreshNumber
 .text.HAL_SDRAM_Init
                0x08002918       0x68 cmake/stm32cubemx/CMakeFiles/STM32_Drivers.dir/__/__/Drivers/STM32F4xx_HAL_Driver/Src/stm32f4xx_hal_sdram.c.obj
                0x08002918                HAL_SDRAM_Init
 .text.HAL_SDRAM_Read_32b
                0x08002980       0x9a cmake/stm32cubemx/CMakeFiles/STM32_Drivers.dir/__/__/Drivers/STM32F4xx_HAL_Driver/Src/stm32f4xx_hal_sdram.c.obj
                0x08002980                HAL_SDRAM_Read_32b
 .text.HAL_SDRAM_Write_32b
                0x08002a1a       0x98 cmake/stm32cubemx/CMakeFiles/STM32_Drivers.dir/__/__/Drivers/STM32F4xx_HAL_Driver/Src/stm32f4xx_hal_sdram.c.obj
                0x08002a1a                HAL_SDRAM_Write_32b
 .text.HAL_SDRAM_SendCommand
                0x08002ab2       0x6a cmake/stm32cubemx/CMakeFiles/STM32_Drivers.dir/__/__/Drivers/STM32F4xx_HAL_Driver/Src/stm32f4xx_hal_sdram.c.obj
                0x08002ab2                HAL_SDRAM_SendCommand
 .text.HAL_SDRAM_SetAutoRefreshNumber
                0x08002b1c       0x50 cmake/stm32cubemx/CMakeFiles/STM32_Drivers.dir/__/__/Drivers/STM32F4xx_HAL_Driver/Src/stm32f4xx_hal_sdram.c.obj
                0x08002b1c                HAL_SDRAM_SetAutoRefreshNumber
 .text.HAL_LTDC_Init
                0x08002b6c      0x24c cmake/stm32cubemx/CMakeFiles/STM32_Drivers.dir/__/__/Drivers/STM32F4xx_HAL_Driver/Src/stm32f4xx_hal_ltdc.c.obj
                0x08002b6c                HAL_LTDC_Init
 .text.HAL_LTDC_ConfigLayer
                0x08002db8      0x1b0 cmake/stm32cubemx/CMakeFiles/STM32_Drivers.dir/__/__/Drivers/STM32F4xx_HAL_Driver/Src/stm32f4xx_hal_ltdc.c.obj
                0x08002db8                HAL_LTDC_ConfigLayer
 .text.LTDC_SetConfig
                0x08002f68      0x2e6 cmake/stm32cubemx/CMakeFiles/STM32_Drivers.dir/__/__/Drivers/STM32F4xx_HAL_Driver/Src/stm32f4xx_hal_ltdc.c.obj
 *fill*         0x0800324e        0x2 
 .text.HAL_RTC_Init
                0x08003250      0x1c8 cmake/stm32cubemx/CMakeFiles/STM32_Drivers.dir/__/__/Drivers/STM32F4xx_HAL_Driver/Src/stm32f4xx_hal_rtc.c.obj
                0x08003250                HAL_RTC_Init
 .text.HAL_RTC_SetTime
                0x08003418      0x290 cmake/stm32cubemx/CMakeFiles/STM32_Drivers.dir/__/__/Drivers/STM32F4xx_HAL_Driver/Src/stm32f4xx_hal_rtc.c.obj
                0x08003418                HAL_RTC_SetTime
 .text.HAL_RTC_GetTime
                0x080036a8       0xd8 cmake/stm32cubemx/CMakeFiles/STM32_Drivers.dir/__/__/Drivers/STM32F4xx_HAL_Driver/Src/stm32f4xx_hal_rtc.c.obj
                0x080036a8                HAL_RTC_GetTime
 .text.HAL_RTC_SetDate
                0x08003780      0x218 cmake/stm32cubemx/CMakeFiles/STM32_Drivers.dir/__/__/Drivers/STM32F4xx_HAL_Driver/Src/stm32f4xx_hal_rtc.c.obj
                0x08003780                HAL_RTC_SetDate
 .text.HAL_RTC_GetDate
                0x08003998       0xb8 cmake/stm32cubemx/CMakeFiles/STM32_Drivers.dir/__/__/Drivers/STM32F4xx_HAL_Driver/Src/stm32f4xx_hal_rtc.c.obj
                0x08003998                HAL_RTC_GetDate
 .text.HAL_RTC_WaitForSynchro
                0x08003a50       0x4c cmake/stm32cubemx/CMakeFiles/STM32_Drivers.dir/__/__/Drivers/STM32F4xx_HAL_Driver/Src/stm32f4xx_hal_rtc.c.obj
                0x08003a50                HAL_RTC_WaitForSynchro
 .text.RTC_EnterInitMode
                0x08003a9c       0x6e cmake/stm32cubemx/CMakeFiles/STM32_Drivers.dir/__/__/Drivers/STM32F4xx_HAL_Driver/Src/stm32f4xx_hal_rtc.c.obj
                0x08003a9c                RTC_EnterInitMode
 .text.RTC_ExitInitMode
                0x08003b0a       0x4a cmake/stm32cubemx/CMakeFiles/STM32_Drivers.dir/__/__/Drivers/STM32F4xx_HAL_Driver/Src/stm32f4xx_hal_rtc.c.obj
                0x08003b0a                RTC_ExitInitMode
 .text.RTC_ByteToBcd2
                0x08003b54       0x3c cmake/stm32cubemx/CMakeFiles/STM32_Drivers.dir/__/__/Drivers/STM32F4xx_HAL_Driver/Src/stm32f4xx_hal_rtc.c.obj
                0x08003b54                RTC_ByteToBcd2
 .text.RTC_Bcd2ToByte
                0x08003b90       0x3c cmake/stm32cubemx/CMakeFiles/STM32_Drivers.dir/__/__/Drivers/STM32F4xx_HAL_Driver/Src/stm32f4xx_hal_rtc.c.obj
                0x08003b90                RTC_Bcd2ToByte
 .text.HAL_UART_Init
                0x08003bcc      0x1c4 cmake/stm32cubemx/CMakeFiles/STM32_Drivers.dir/__/__/Drivers/STM32F4xx_HAL_Driver/Src/stm32f4xx_hal_uart.c.obj
                0x08003bcc                HAL_UART_Init
 .text.UART_SetConfig
                0x08003d90      0x574 cmake/stm32cubemx/CMakeFiles/STM32_Drivers.dir/__/__/Drivers/STM32F4xx_HAL_Driver/Src/stm32f4xx_hal_uart.c.obj
 .text.main     0x08004304       0xec CMakeFiles/06_RTC.dir/Core/Src/main.c.obj
                0x08004304                main
 .text.SystemClock_Config
                0x080043f0       0xe4 CMakeFiles/06_RTC.dir/Core/Src/main.c.obj
                0x080043f0                SystemClock_Config
 .text.Error_Handler
                0x080044d4       0x12 CMakeFiles/06_RTC.dir/Core/Src/main.c.obj
                0x080044d4                Error_Handler
 .text.assert_failed
                0x080044e6       0x16 CMakeFiles/06_RTC.dir/Core/Src/main.c.obj
                0x080044e6                assert_failed
 .text.MX_GPIO_Init
                0x080044fc      0x1e0 CMakeFiles/06_RTC.dir/Core/Src/gpio.c.obj
                0x080044fc                MX_GPIO_Init
 .text.MX_DMA2D_Init
                0x080046dc       0x3c CMakeFiles/06_RTC.dir/Core/Src/dma2d.c.obj
                0x080046dc                MX_DMA2D_Init
 .text.HAL_DMA2D_MspInit
                0x08004718       0x44 CMakeFiles/06_RTC.dir/Core/Src/dma2d.c.obj
                0x08004718                HAL_DMA2D_MspInit
 .text.MX_FMC_Init
                0x0800475c       0xa0 CMakeFiles/06_RTC.dir/Core/Src/fmc.c.obj
                0x0800475c                MX_FMC_Init
 .text.HAL_FMC_MspInit
                0x080047fc      0x124 CMakeFiles/06_RTC.dir/Core/Src/fmc.c.obj
 .text.HAL_SDRAM_MspInit
                0x08004920       0x14 CMakeFiles/06_RTC.dir/Core/Src/fmc.c.obj
                0x08004920                HAL_SDRAM_MspInit
 .text.MX_LTDC_Init
                0x08004934      0x17c CMakeFiles/06_RTC.dir/Core/Src/ltdc.c.obj
                0x08004934                MX_LTDC_Init
 .text.HAL_LTDC_MspInit
                0x08004ab0      0x2f0 CMakeFiles/06_RTC.dir/Core/Src/ltdc.c.obj
                0x08004ab0                HAL_LTDC_MspInit
 .text.MX_RTC_Init
                0x08004da0       0xb4 CMakeFiles/06_RTC.dir/Core/Src/rtc.c.obj
                0x08004da0                MX_RTC_Init
 .text.HAL_RTC_MspInit
                0x08004e54       0x54 CMakeFiles/06_RTC.dir/Core/Src/rtc.c.obj
                0x08004e54                HAL_RTC_MspInit
 .text.MX_USART1_UART_Init
                0x08004ea8       0x54 CMakeFiles/06_RTC.dir/Core/Src/usart.c.obj
                0x08004ea8                MX_USART1_UART_Init
 .text.HAL_UART_MspInit
                0x08004efc       0x90 CMakeFiles/06_RTC.dir/Core/Src/usart.c.obj
                0x08004efc                HAL_UART_MspInit
 .text.NMI_Handler
                0x08004f8c        0x8 CMakeFiles/06_RTC.dir/Core/Src/stm32f4xx_it.c.obj
                0x08004f8c                NMI_Handler
 .text.HardFault_Handler
                0x08004f94        0x8 CMakeFiles/06_RTC.dir/Core/Src/stm32f4xx_it.c.obj
                0x08004f94                HardFault_Handler
 .text.MemManage_Handler
                0x08004f9c        0x8 CMakeFiles/06_RTC.dir/Core/Src/stm32f4xx_it.c.obj
                0x08004f9c                MemManage_Handler
 .text.BusFault_Handler
                0x08004fa4        0x8 CMakeFiles/06_RTC.dir/Core/Src/stm32f4xx_it.c.obj
                0x08004fa4                BusFault_Handler
 .text.UsageFault_Handler
                0x08004fac        0x8 CMakeFiles/06_RTC.dir/Core/Src/stm32f4xx_it.c.obj
                0x08004fac                UsageFault_Handler
 .text.SVC_Handler
                0x08004fb4        0xe CMakeFiles/06_RTC.dir/Core/Src/stm32f4xx_it.c.obj
                0x08004fb4                SVC_Handler
 .text.DebugMon_Handler
                0x08004fc2        0xe CMakeFiles/06_RTC.dir/Core/Src/stm32f4xx_it.c.obj
                0x08004fc2                DebugMon_Handler
 .text.PendSV_Handler
                0x08004fd0        0xe CMakeFiles/06_RTC.dir/Core/Src/stm32f4xx_it.c.obj
                0x08004fd0                PendSV_Handler
 .text.SysTick_Handler
                0x08004fde        0xc CMakeFiles/06_RTC.dir/Core/Src/stm32f4xx_it.c.obj
                0x08004fde                SysTick_Handler
 *fill*         0x08004fea        0x2 
 .text.HAL_MspInit
                0x08004fec       0x50 CMakeFiles/06_RTC.dir/Core/Src/stm32f4xx_hal_msp.c.obj
                0x08004fec                HAL_MspInit
 .text._sbrk    0x0800503c       0x6c CMakeFiles/06_RTC.dir/Core/Src/sysmem.c.obj
                0x0800503c                _sbrk
 .text.Reset_Handler
                0x080050a8       0x50 CMakeFiles/06_RTC.dir/startup_stm32f429xx.s.obj
                0x080050a8                Reset_Handler
 .text.Default_Handler
                0x080050f8        0x2 CMakeFiles/06_RTC.dir/startup_stm32f429xx.s.obj
                0x080050f8                RTC_Alarm_IRQHandler
                0x080050f8                HASH_RNG_IRQHandler
                0x080050f8                EXTI2_IRQHandler
                0x080050f8                TIM8_CC_IRQHandler
                0x080050f8                UART8_IRQHandler
                0x080050f8                SPI4_IRQHandler
                0x080050f8                TIM1_CC_IRQHandler
                0x080050f8                DMA2_Stream5_IRQHandler
                0x080050f8                DMA1_Stream5_IRQHandler
                0x080050f8                PVD_IRQHandler
                0x080050f8                SDIO_IRQHandler
                0x080050f8                TAMP_STAMP_IRQHandler
                0x080050f8                CAN2_RX1_IRQHandler
                0x080050f8                EXTI3_IRQHandler
                0x080050f8                TIM8_TRG_COM_TIM14_IRQHandler
                0x080050f8                TIM1_UP_TIM10_IRQHandler
                0x080050f8                TIM8_UP_TIM13_IRQHandler
                0x080050f8                I2C3_ER_IRQHandler
                0x080050f8                EXTI0_IRQHandler
                0x080050f8                I2C2_EV_IRQHandler
                0x080050f8                DMA1_Stream2_IRQHandler
                0x080050f8                CAN1_RX0_IRQHandler
                0x080050f8                FPU_IRQHandler
                0x080050f8                OTG_HS_WKUP_IRQHandler
                0x080050f8                LTDC_ER_IRQHandler
                0x080050f8                CAN2_SCE_IRQHandler
                0x080050f8                DMA2_Stream2_IRQHandler
                0x080050f8                SPI1_IRQHandler
                0x080050f8                TIM6_DAC_IRQHandler
                0x080050f8                TIM1_BRK_TIM9_IRQHandler
                0x080050f8                DCMI_IRQHandler
                0x080050f8                CAN2_RX0_IRQHandler
                0x080050f8                DMA2_Stream3_IRQHandler
                0x080050f8                USART6_IRQHandler
                0x080050f8                USART3_IRQHandler
                0x080050f8                CAN1_RX1_IRQHandler
                0x080050f8                UART5_IRQHandler
                0x080050f8                DMA2_Stream0_IRQHandler
                0x080050f8                TIM4_IRQHandler
                0x080050f8                I2C1_EV_IRQHandler
                0x080050f8                DMA1_Stream6_IRQHandler
                0x080050f8                DMA1_Stream1_IRQHandler
                0x080050f8                UART4_IRQHandler
                0x080050f8                TIM3_IRQHandler
                0x080050f8                RCC_IRQHandler
                0x080050f8                TIM8_BRK_TIM12_IRQHandler
                0x080050f8                Default_Handler
                0x080050f8                EXTI15_10_IRQHandler
                0x080050f8                ADC_IRQHandler
                0x080050f8                DMA1_Stream7_IRQHandler
                0x080050f8                SPI5_IRQHandler
                0x080050f8                TIM7_IRQHandler
                0x080050f8                CAN2_TX_IRQHandler
                0x080050f8                TIM5_IRQHandler
                0x080050f8                DMA2_Stream7_IRQHandler
                0x080050f8                I2C3_EV_IRQHandler
                0x080050f8                EXTI9_5_IRQHandler
                0x080050f8                RTC_WKUP_IRQHandler
                0x080050f8                LTDC_IRQHandler
                0x080050f8                ETH_WKUP_IRQHandler
                0x080050f8                SPI2_IRQHandler
                0x080050f8                OTG_HS_EP1_IN_IRQHandler
                0x080050f8                DMA1_Stream0_IRQHandler
                0x080050f8                CAN1_TX_IRQHandler
                0x080050f8                EXTI4_IRQHandler
                0x080050f8                ETH_IRQHandler
                0x080050f8                OTG_HS_EP1_OUT_IRQHandler
                0x080050f8                WWDG_IRQHandler
                0x080050f8                SPI6_IRQHandler
                0x080050f8                TIM2_IRQHandler
                0x080050f8                OTG_FS_WKUP_IRQHandler
                0x080050f8                TIM1_TRG_COM_TIM11_IRQHandler
                0x080050f8                OTG_HS_IRQHandler
                0x080050f8                DMA2D_IRQHandler
                0x080050f8                EXTI1_IRQHandler
                0x080050f8                UART7_IRQHandler
                0x080050f8                USART2_IRQHandler
                0x080050f8                I2C2_ER_IRQHandler
                0x080050f8                DMA2_Stream1_IRQHandler
                0x080050f8                CAN1_SCE_IRQHandler
                0x080050f8                FLASH_IRQHandler
                0x080050f8                DMA2_Stream4_IRQHandler
                0x080050f8                USART1_IRQHandler
                0x080050f8                OTG_FS_IRQHandler
                0x080050f8                SPI3_IRQHandler
                0x080050f8                DMA1_Stream4_IRQHandler
                0x080050f8                I2C1_ER_IRQHandler
                0x080050f8                FMC_IRQHandler
                0x080050f8                DMA2_Stream6_IRQHandler
                0x080050f8                SAI1_IRQHandler
                0x080050f8                DMA1_Stream3_IRQHandler
 *fill*         0x080050fa        0x2 
 .text.SDRAM_Initialization_Sequence
                0x080050fc       0xc8 CMakeFiles/06_RTC.dir/BSP/bsp_sdram.c.obj
                0x080050fc                SDRAM_Initialization_Sequence
 .text.BSP_LCD_SetActiveLayer
                0x080051c4       0x20 CMakeFiles/06_RTC.dir/BSP/bsp_lcd.c.obj
                0x080051c4                BSP_LCD_SetActiveLayer
 .text.getCurrentLayerAddr
                0x080051e4       0x28 CMakeFiles/06_RTC.dir/BSP/bsp_lcd.c.obj
 .text.BSP_LCD_Init
                0x0800520c       0x60 CMakeFiles/06_RTC.dir/BSP/bsp_lcd.c.obj
                0x0800520c                BSP_LCD_Init
 .text.BSP_LCD_FillBackground
                0x0800526c       0x6c CMakeFiles/06_RTC.dir/BSP/bsp_lcd.c.obj
                0x0800526c                BSP_LCD_FillBackground
 .text.BSP_LCD_FillForeground
                0x080052d8       0x6c CMakeFiles/06_RTC.dir/BSP/bsp_lcd.c.obj
                0x080052d8                BSP_LCD_FillForeground
 .text.BSP_LCD_DrawPixel
                0x08005344       0x50 CMakeFiles/06_RTC.dir/BSP/bsp_lcd.c.obj
                0x08005344                BSP_LCD_DrawPixel
 .text.BSP_LCD_DrawLine
                0x08005394       0xd6 CMakeFiles/06_RTC.dir/BSP/bsp_lcd.c.obj
                0x08005394                BSP_LCD_DrawLine
 .text.BSP_LCD_DrawCircle
                0x0800546a      0x148 CMakeFiles/06_RTC.dir/BSP/bsp_lcd.c.obj
                0x0800546a                BSP_LCD_DrawCircle
 .text.BSP_LCD_DrawRectangle
                0x080055b2       0x96 CMakeFiles/06_RTC.dir/BSP/bsp_lcd.c.obj
                0x080055b2                BSP_LCD_DrawRectangle
 .text.BSP_LCD_FillRectangle
                0x08005648       0x76 CMakeFiles/06_RTC.dir/BSP/bsp_lcd.c.obj
                0x08005648                BSP_LCD_FillRectangle
 .text.BSP_LCD_FillCircle
                0x080056be      0x138 CMakeFiles/06_RTC.dir/BSP/bsp_lcd.c.obj
                0x080056be                BSP_LCD_FillCircle
 .text.BSP_LCD_DrawChar
                0x080057f6      0x140 CMakeFiles/06_RTC.dir/BSP/bsp_lcd.c.obj
                0x080057f6                BSP_LCD_DrawChar
 .text.BSP_LCD_DrawString
                0x08005936       0xa6 CMakeFiles/06_RTC.dir/BSP/bsp_lcd.c.obj
                0x08005936                BSP_LCD_DrawString
 .text.BSP_LCD_DrawDec
                0x080059dc      0x164 CMakeFiles/06_RTC.dir/BSP/bsp_lcd.c.obj
                0x080059dc                BSP_LCD_DrawDec
 .text.BSP_LCD_DrawHex
                0x08005b40      0x148 CMakeFiles/06_RTC.dir/BSP/bsp_lcd.c.obj
                0x08005b40                BSP_LCD_DrawHex
 .text.BSP_LCD_DrawFloat
                0x08005c88      0x330 CMakeFiles/06_RTC.dir/BSP/bsp_lcd.c.obj
                0x08005c88                BSP_LCD_DrawFloat
 .text.BSP_LCD_Printf
                0x08005fb8       0xaa CMakeFiles/06_RTC.dir/BSP/bsp_lcd.c.obj
                0x08005fb8                BSP_LCD_Printf
 *fill*         0x08006062        0x2 
 .text.BSP_LCD_Test
                0x08006064      0x310 CMakeFiles/06_RTC.dir/BSP/bsp_lcd.c.obj
                0x08006064                BSP_LCD_Test
 .text._vsnprintf_r
                0x08006374       0x5c C:/Users/ASUS/AppData/Local/stm32cube/bundles/gnu-tools-for-stm32/14.3.1+st.2/bin/../lib/gcc/arm-none-eabi/14.3.1/../../../../arm-none-eabi/lib/thumb/v7e-m+fp/hard\libg_nano.a(libc_a-vsnprintf.o)
                0x08006374                _vsniprintf_r
                0x08006374                _vsnprintf_r
 .text.vsnprintf
                0x080063d0       0x1c C:/Users/ASUS/AppData/Local/stm32cube/bundles/gnu-tools-for-stm32/14.3.1+st.2/bin/../lib/gcc/arm-none-eabi/14.3.1/../../../../arm-none-eabi/lib/thumb/v7e-m+fp/hard\libg_nano.a(libc_a-vsnprintf.o)
                0x080063d0                vsniprintf
                0x080063d0                vsnprintf
 .text.memset   0x080063ec       0x10 C:/Users/ASUS/AppData/Local/stm32cube/bundles/gnu-tools-for-stm32/14.3.1+st.2/bin/../lib/gcc/arm-none-eabi/14.3.1/../../../../arm-none-eabi/lib/thumb/v7e-m+fp/hard\libg_nano.a(libc_a-memset.o)
                0x080063ec                memset
 .text.__errno  0x080063fc        0xc C:/Users/ASUS/AppData/Local/stm32cube/bundles/gnu-tools-for-stm32/14.3.1+st.2/bin/../lib/gcc/arm-none-eabi/14.3.1/../../../../arm-none-eabi/lib/thumb/v7e-m+fp/hard\libg_nano.a(libc_a-errno.o)
                0x080063fc                __errno
 .text.__libc_init_array
                0x08006408       0x48 C:/Users/ASUS/AppData/Local/stm32cube/bundles/gnu-tools-for-stm32/14.3.1+st.2/bin/../lib/gcc/arm-none-eabi/14.3.1/../../../../arm-none-eabi/lib/thumb/v7e-m+fp/hard\libg_nano.a(libc_a-init.o)
                0x08006408                __libc_init_array
 .text.__retarget_lock_acquire_recursive
                0x08006450        0x2 C:/Users/ASUS/AppData/Local/stm32cube/bundles/gnu-tools-for-stm32/14.3.1+st.2/bin/../lib/gcc/arm-none-eabi/14.3.1/../../../../arm-none-eabi/lib/thumb/v7e-m+fp/hard\libg_nano.a(libc_a-lock.o)
                0x08006450                __retarget_lock_acquire_recursive
 .text.__retarget_lock_release_recursive
                0x08006452        0x2 C:/Users/ASUS/AppData/Local/stm32cube/bundles/gnu-tools-for-stm32/14.3.1+st.2/bin/../lib/gcc/arm-none-eabi/14.3.1/../../../../arm-none-eabi/lib/thumb/v7e-m+fp/hard\libg_nano.a(libc_a-lock.o)
                0x08006452                __retarget_lock_release_recursive
 .text._free_r  0x08006454       0x94 C:/Users/ASUS/AppData/Local/stm32cube/bundles/gnu-tools-for-stm32/14.3.1+st.2/bin/../lib/gcc/arm-none-eabi/14.3.1/../../../../arm-none-eabi/lib/thumb/v7e-m+fp/hard\libg_nano.a(libc_a-freer.o)
                0x08006454                _free_r
 .text.sbrk_aligned
                0x080064e8       0x44 C:/Users/ASUS/AppData/Local/stm32cube/bundles/gnu-tools-for-stm32/14.3.1+st.2/bin/../lib/gcc/arm-none-eabi/14.3.1/../../../../arm-none-eabi/lib/thumb/v7e-m+fp/hard\libg_nano.a(libc_a-mallocr.o)
 .text._malloc_r
                0x0800652c      0x100 C:/Users/ASUS/AppData/Local/stm32cube/bundles/gnu-tools-for-stm32/14.3.1+st.2/bin/../lib/gcc/arm-none-eabi/14.3.1/../../../../arm-none-eabi/lib/thumb/v7e-m+fp/hard\libg_nano.a(libc_a-mallocr.o)
                0x0800652c                _malloc_r
 .text.__malloc_lock
                0x0800662c        0xc C:/Users/ASUS/AppData/Local/stm32cube/bundles/gnu-tools-for-stm32/14.3.1+st.2/bin/../lib/gcc/arm-none-eabi/14.3.1/../../../../arm-none-eabi/lib/thumb/v7e-m+fp/hard\libg_nano.a(libc_a-mlock.o)
                0x0800662c                __malloc_lock
 .text.__malloc_unlock
                0x08006638        0xc C:/Users/ASUS/AppData/Local/stm32cube/bundles/gnu-tools-for-stm32/14.3.1+st.2/bin/../lib/gcc/arm-none-eabi/14.3.1/../../../../arm-none-eabi/lib/thumb/v7e-m+fp/hard\libg_nano.a(libc_a-mlock.o)
                0x08006638                __malloc_unlock
 .text.__ssputs_r
                0x08006644       0xc0 C:/Users/ASUS/AppData/Local/stm32cube/bundles/gnu-tools-for-stm32/14.3.1+st.2/bin/../lib/gcc/arm-none-eabi/14.3.1/../../../../arm-none-eabi/lib/thumb/v7e-m+fp/hard\libg_nano.a(libc_a-nano-svfprintf.o)
                0x08006644                __ssputs_r
 .text._svfprintf_r
                0x08006704      0x1f0 C:/Users/ASUS/AppData/Local/stm32cube/bundles/gnu-tools-for-stm32/14.3.1+st.2/bin/../lib/gcc/arm-none-eabi/14.3.1/../../../../arm-none-eabi/lib/thumb/v7e-m+fp/hard\libg_nano.a(libc_a-nano-svfprintf.o)
                0x08006704                _svfiprintf_r
                0x08006704                _svfprintf_r
 .text._printf_common
                0x080068f4       0xda C:/Users/ASUS/AppData/Local/stm32cube/bundles/gnu-tools-for-stm32/14.3.1+st.2/bin/../lib/gcc/arm-none-eabi/14.3.1/../../../../arm-none-eabi/lib/thumb/v7e-m+fp/hard\libg_nano.a(libc_a-nano-vfprintf_i.o)
                0x080068f4                _printf_common
 *fill*         0x080069ce        0x2 
 .text._printf_i
                0x080069d0      0x24c C:/Users/ASUS/AppData/Local/stm32cube/bundles/gnu-tools-for-stm32/14.3.1+st.2/bin/../lib/gcc/arm-none-eabi/14.3.1/../../../../arm-none-eabi/lib/thumb/v7e-m+fp/hard\libg_nano.a(libc_a-nano-vfprintf_i.o)
                0x080069d0                _printf_i
 .text.memmove  0x08006c1c       0x32 C:/Users/ASUS/AppData/Local/stm32cube/bundles/gnu-tools-for-stm32/14.3.1+st.2/bin/../lib/gcc/arm-none-eabi/14.3.1/../../../../arm-none-eabi/lib/thumb/v7e-m+fp/hard\libg_nano.a(libc_a-memmove.o)
                0x08006c1c                memmove
 *fill*         0x08006c4e        0x2 
 .text._sbrk_r  0x08006c50       0x20 C:/Users/ASUS/AppData/Local/stm32cube/bundles/gnu-tools-for-stm32/14.3.1+st.2/bin/../lib/gcc/arm-none-eabi/14.3.1/../../../../arm-none-eabi/lib/thumb/v7e-m+fp/hard\libg_nano.a(libc_a-sbrkr.o)
                0x08006c50                _sbrk_r
 .text.memcpy   0x08006c70       0x1c C:/Users/ASUS/AppData/Local/stm32cube/bundles/gnu-tools-for-stm32/14.3.1+st.2/bin/../lib/gcc/arm-none-eabi/14.3.1/../../../../arm-none-eabi/lib/thumb/v7e-m+fp/hard\libg_nano.a(libc_a-memcpy-stub.o)
                0x08006c70                memcpy
 .text._realloc_r
                0x08006c8c       0x5c C:/Users/ASUS/AppData/Local/stm32cube/bundles/gnu-tools-for-stm32/14.3.1+st.2/bin/../lib/gcc/arm-none-eabi/14.3.1/../../../../arm-none-eabi/lib/thumb/v7e-m+fp/hard\libg_nano.a(libc_a-reallocr.o)
                0x08006c8c                _realloc_r
 .text._malloc_usable_size_r
                0x08006ce8       0x10 C:/Users/ASUS/AppData/Local/stm32cube/bundles/gnu-tools-for-stm32/14.3.1+st.2/bin/../lib/gcc/arm-none-eabi/14.3.1/../../../../arm-none-eabi/lib/thumb/v7e-m+fp/hard\libg_nano.a(libc_a-msizer.o)
                0x08006ce8                _malloc_usable_size_r
 *(.glue_7)
 .glue_7        0x08006cf8        0x0 linker stubs
 *(.glue_7t)
 .glue_7t       0x08006cf8        0x0 linker stubs
 *(.eh_frame)
 .eh_frame      0x08006cf8        0x0 C:/Users/ASUS/AppData/Local/stm32cube/bundles/gnu-tools-for-stm32/14.3.1+st.2/bin/../lib/gcc/arm-none-eabi/14.3.1/thumb/v7e-m+fp/hard/crtbegin.o
 *(.init)
 .init          0x08006cf8        0x4 C:/Users/ASUS/AppData/Local/stm32cube/bundles/gnu-tools-for-stm32/14.3.1+st.2/bin/../lib/gcc/arm-none-eabi/14.3.1/thumb/v7e-m+fp/hard/crti.o
                0x08006cf8                _init
 .init          0x08006cfc        0x8 C:/Users/ASUS/AppData/Local/stm32cube/bundles/gnu-tools-for-stm32/14.3.1+st.2/bin/../lib/gcc/arm-none-eabi/14.3.1/thumb/v7e-m+fp/hard/crtn.o
 *(.fini)
 .fini          0x08006d04        0x4 C:/Users/ASUS/AppData/Local/stm32cube/bundles/gnu-tools-for-stm32/14.3.1+st.2/bin/../lib/gcc/arm-none-eabi/14.3.1/thumb/v7e-m+fp/hard/crti.o
                0x08006d04                _fini
 .fini          0x08006d08        0x8 C:/Users/ASUS/AppData/Local/stm32cube/bundles/gnu-tools-for-stm32/14.3.1+st.2/bin/../lib/gcc/arm-none-eabi/14.3.1/thumb/v7e-m+fp/hard/crtn.o
                0x08006d10                        . = ALIGN (0x4)
                0x08006d10                        _etext = .

.vfp11_veneer   0x08006d10        0x0
 .vfp11_veneer  0x08006d10        0x0 linker stubs

.v4_bx          0x08006d10        0x0
 .v4_bx         0x08006d10        0x0 linker stubs

.iplt           0x08006d10        0x0
 .iplt          0x08006d10        0x0 C:/Users/ASUS/AppData/Local/stm32cube/bundles/gnu-tools-for-stm32/14.3.1+st.2/bin/../lib/gcc/arm-none-eabi/14.3.1/thumb/v7e-m+fp/hard/crtbegin.o

.rodata         0x08006d10     0x2b74
                0x08006d10                        . = ALIGN (0x4)
 *(.rodata)
 .rodata        0x08006d10       0x72 cmake/stm32cubemx/CMakeFiles/STM32_Drivers.dir/__/__/Drivers/STM32F4xx_HAL_Driver/Src/stm32f4xx_hal_dma2d.c.obj
 *fill*         0x08006d82        0x2 
 .rodata        0x08006d84       0x70 cmake/stm32cubemx/CMakeFiles/STM32_Drivers.dir/__/__/Drivers/STM32F4xx_HAL_Driver/Src/stm32f4xx_hal_rcc.c.obj
 .rodata        0x08006df4       0x73 cmake/stm32cubemx/CMakeFiles/STM32_Drivers.dir/__/__/Drivers/STM32F4xx_HAL_Driver/Src/stm32f4xx_hal_rcc_ex.c.obj
 *fill*         0x08006e67        0x1 
 .rodata        0x08006e68       0x71 cmake/stm32cubemx/CMakeFiles/STM32_Drivers.dir/__/__/Drivers/STM32F4xx_HAL_Driver/Src/stm32f4xx_hal_gpio.c.obj
 *fill*         0x08006ed9        0x3 
 .rodata        0x08006edc       0x73 cmake/stm32cubemx/CMakeFiles/STM32_Drivers.dir/__/__/Drivers/STM32F4xx_HAL_Driver/Src/stm32f4xx_hal_cortex.c.obj
 *fill*         0x08006f4f        0x1 
 .rodata        0x08006f50       0x6f cmake/stm32cubemx/CMakeFiles/STM32_Drivers.dir/__/__/Drivers/STM32F4xx_HAL_Driver/Src/stm32f4xx_ll_fmc.c.obj
 *fill*         0x08006fbf        0x1 
 .rodata        0x08006fc0       0x71 cmake/stm32cubemx/CMakeFiles/STM32_Drivers.dir/__/__/Drivers/STM32F4xx_HAL_Driver/Src/stm32f4xx_hal_ltdc.c.obj
 *fill*         0x08007031        0x3 
 .rodata        0x08007034       0x70 cmake/stm32cubemx/CMakeFiles/STM32_Drivers.dir/__/__/Drivers/STM32F4xx_HAL_Driver/Src/stm32f4xx_hal_rtc.c.obj
 .rodata        0x080070a4       0x71 cmake/stm32cubemx/CMakeFiles/STM32_Drivers.dir/__/__/Drivers/STM32F4xx_HAL_Driver/Src/stm32f4xx_hal_uart.c.obj
 *fill*         0x08007115        0x3 
 .rodata        0x08007118       0x3f CMakeFiles/06_RTC.dir/Core/Src/main.c.obj
 *fill*         0x08007157        0x1 
 .rodata        0x08007158       0x48 CMakeFiles/06_RTC.dir/BSP/bsp_lcd.c.obj
 *(.rodata*)
 .rodata.AHBPrescTable
                0x080071a0       0x10 cmake/stm32cubemx/CMakeFiles/STM32_Drivers.dir/__/__/Core/Src/system_stm32f4xx.c.obj
                0x080071a0                AHBPrescTable
 .rodata.APBPrescTable
                0x080071b0        0x8 cmake/stm32cubemx/CMakeFiles/STM32_Drivers.dir/__/__/Core/Src/system_stm32f4xx.c.obj
                0x080071b0                APBPrescTable
 .rodata.Font16_Table
                0x080071b8      0xbe0 CMakeFiles/06_RTC.dir/BSP/fonts/font16.c.obj
                0x080071b8                Font16_Table
 .rodata.Font24_Table
                0x08007d98     0x1ab8 CMakeFiles/06_RTC.dir/BSP/fonts/font24.c.obj
                0x08007d98                Font24_Table
 .rodata._svfprintf_r.str1.1
                0x08009850       0x33 C:/Users/ASUS/AppData/Local/stm32cube/bundles/gnu-tools-for-stm32/14.3.1+st.2/bin/../lib/gcc/arm-none-eabi/14.3.1/../../../../arm-none-eabi/lib/thumb/v7e-m+fp/hard\libg_nano.a(libc_a-nano-svfprintf.o)
                                 0x11 (size before relaxing)
 .rodata._printf_i.str1.1
                0x08009883       0x22 C:/Users/ASUS/AppData/Local/stm32cube/bundles/gnu-tools-for-stm32/14.3.1+st.2/bin/../lib/gcc/arm-none-eabi/14.3.1/../../../../arm-none-eabi/lib/thumb/v7e-m+fp/hard\libg_nano.a(libc_a-nano-vfprintf_i.o)
                0x080098a8                        . = ALIGN (0x4)
 *fill*         0x08009883        0x1 

.ARM.extab      0x08009884        0x0
                0x08009884                        . = ALIGN (0x4)
 *(.ARM.extab* .gnu.linkonce.armextab.*)
                0x08009884                        . = ALIGN (0x4)

.ARM            0x08009884        0x8
                0x08009884                        . = ALIGN (0x4)
                0x08009884                        __exidx_start = .
 *(.ARM.exidx*)
 .ARM.exidx     0x08009884        0x8 C:/Users/ASUS/AppData/Local/stm32cube/bundles/gnu-tools-for-stm32/14.3.1+st.2/bin/../lib/gcc/arm-none-eabi/14.3.1/thumb/v7e-m+fp/hard\libgcc.a(_udivmoddi4.o)
 .ARM.exidx     0x0800988c        0x0 C:/Users/ASUS/AppData/Local/stm32cube/bundles/gnu-tools-for-stm32/14.3.1+st.2/bin/../lib/gcc/arm-none-eabi/14.3.1/../../../../arm-none-eabi/lib/thumb/v7e-m+fp/hard\libg_nano.a(libc_a-memchr.o)
                                  0x8 (size before relaxing)
                0x0800988c                        __exidx_end = .
                0x0800988c                        . = ALIGN (0x4)

.preinit_array  0x0800988c        0x0
                0x0800988c                        . = ALIGN (0x4)
                0x0800988c                        PROVIDE (__preinit_array_start = .)
 *(.preinit_array*)
                0x0800988c                        PROVIDE (__preinit_array_end = .)
                0x0800988c                        . = ALIGN (0x4)

.init_array     0x0800988c        0x4
                0x0800988c                        . = ALIGN (0x4)
                0x0800988c                        PROVIDE (__init_array_start = .)
 *(SORT_BY_NAME(.init_array.*))
 *(.init_array*)
 .init_array    0x0800988c        0x4 C:/Users/ASUS/AppData/Local/stm32cube/bundles/gnu-tools-for-stm32/14.3.1+st.2/bin/../lib/gcc/arm-none-eabi/14.3.1/thumb/v7e-m+fp/hard/crtbegin.o
                0x08009890                        PROVIDE (__init_array_end = .)
                0x08009890                        . = ALIGN (0x4)

.fini_array     0x08009890        0x4
                0x08009890                        . = ALIGN (0x4)
                [!provide]                        PROVIDE (__fini_array_start = .)
 *(SORT_BY_NAME(.fini_array.*))
 *(.fini_array*)
 .fini_array    0x08009890        0x4 C:/Users/ASUS/AppData/Local/stm32cube/bundles/gnu-tools-for-stm32/14.3.1+st.2/bin/../lib/gcc/arm-none-eabi/14.3.1/thumb/v7e-m+fp/hard/crtbegin.o
                [!provide]                        PROVIDE (__fini_array_end = .)
                0x08009894                        . = ALIGN (0x4)
                0x08009894                        _siccmram = LOADADDR (.ccmram)

.rel.dyn        0x08009894        0x0
 .rel.iplt      0x08009894        0x0 C:/Users/ASUS/AppData/Local/stm32cube/bundles/gnu-tools-for-stm32/14.3.1+st.2/bin/../lib/gcc/arm-none-eabi/14.3.1/thumb/v7e-m+fp/hard/crtbegin.o

.ccmram         0x10000000        0x0 load address 0x08009894
                0x10000000                        . = ALIGN (0x4)
                0x10000000                        _sccmram = .
 *(.ccmram)
 *(.ccmram*)
                0x10000000                        . = ALIGN (0x4)
                0x10000000                        _eccmram = .
                0x08009894                        _sidata = LOADADDR (.data)

.data           0x20000000       0x6c load address 0x08009894
                0x20000000                        . = ALIGN (0x4)
                0x20000000                        _sdata = .
 *(.data)
 *(.data*)
 .data.SystemCoreClock
                0x20000000        0x4 cmake/stm32cubemx/CMakeFiles/STM32_Drivers.dir/__/__/Core/Src/system_stm32f4xx.c.obj
                0x20000000                SystemCoreClock
 .data.uwTickPrio
                0x20000004        0x4 cmake/stm32cubemx/CMakeFiles/STM32_Drivers.dir/__/__/Drivers/STM32F4xx_HAL_Driver/Src/stm32f4xx_hal.c.obj
                0x20000004                uwTickPrio
 .data.uwTickFreq
                0x20000008        0x1 cmake/stm32cubemx/CMakeFiles/STM32_Drivers.dir/__/__/Drivers/STM32F4xx_HAL_Driver/Src/stm32f4xx_hal.c.obj
                0x20000008                uwTickFreq
 .data.currentLayer
                0x20000009        0x1 CMakeFiles/06_RTC.dir/BSP/bsp_lcd.c.obj
 *fill*         0x2000000a        0x2 
 .data.Font16   0x2000000c        0x8 CMakeFiles/06_RTC.dir/BSP/fonts/font16.c.obj
                0x2000000c                Font16
 .data.Font24   0x20000014        0x8 CMakeFiles/06_RTC.dir/BSP/fonts/font24.c.obj
                0x20000014                Font24
 .data._impure_ptr
                0x2000001c        0x4 C:/Users/ASUS/AppData/Local/stm32cube/bundles/gnu-tools-for-stm32/14.3.1+st.2/bin/../lib/gcc/arm-none-eabi/14.3.1/../../../../arm-none-eabi/lib/thumb/v7e-m+fp/hard\libg_nano.a(libc_a-impure.o)
                0x2000001c                _impure_ptr
 .data._impure_data
                0x20000020       0x4c C:/Users/ASUS/AppData/Local/stm32cube/bundles/gnu-tools-for-stm32/14.3.1+st.2/bin/../lib/gcc/arm-none-eabi/14.3.1/../../../../arm-none-eabi/lib/thumb/v7e-m+fp/hard\libg_nano.a(libc_a-impure.o)
                0x20000020                _impure_data
 *(.RamFunc)
 *(.RamFunc*)
                0x2000006c                        . = ALIGN (0x4)

.igot.plt       0x2000006c        0x0 load address 0x08009900
 .igot.plt      0x2000006c        0x0 C:/Users/ASUS/AppData/Local/stm32cube/bundles/gnu-tools-for-stm32/14.3.1+st.2/bin/../lib/gcc/arm-none-eabi/14.3.1/thumb/v7e-m+fp/hard/crtbegin.o

.tdata          0x2000006c        0x0 load address 0x08009900
 *(.tdata .tdata.* .gnu.linkonce.td.*)
                0x2000006c                        . = ALIGN (0x4)
                0x2000006c                        _edata = .
                [!provide]                        PROVIDE (__data_end = .)
                [!provide]                        PROVIDE (__tdata_end = .)
                [!provide]                        PROVIDE (__tdata_start = ADDR (.tdata))
                [!provide]                        PROVIDE (__tdata_size = (__tdata_end - __tdata_start))
                [!provide]                        PROVIDE (__data_start = ADDR (.data))
                [!provide]                        PROVIDE (__data_size = (__data_end - __data_start))
                [!provide]                        PROVIDE (__tdata_source = LOADADDR (.tdata))
                [!provide]                        PROVIDE (__tdata_source_end = (LOADADDR (.tdata) + SIZEOF (.tdata)))
                [!provide]                        PROVIDE (__tdata_source_size = (__tdata_source_end - __tdata_source))
                [!provide]                        PROVIDE (__data_source = LOADADDR (.data))
                [!provide]                        PROVIDE (__data_source_end = __tdata_source_end)
                [!provide]                        PROVIDE (__data_source_size = (__data_source_end - __data_source))

.tbss           0x2000006c        0x0 load address 0x08009900
                0x2000006c                        _sbss = .
                0x2000006c                        __bss_start__ = _sbss
 *(.tbss .tbss.*)
                0x2000006c                        . = ALIGN (0x4)
                [!provide]                        PROVIDE (__tbss_end = .)
                [!provide]                        PROVIDE (__tbss_start = ADDR (.tbss))
                [!provide]                        PROVIDE (__tbss_size = (__tbss_end - __tbss_start))
                [!provide]                        PROVIDE (__tbss_offset = (ADDR (.tbss) - ADDR (.tdata)))
                [!provide]                        PROVIDE (__tls_base = __tdata_start)
                [!provide]                        PROVIDE (__tls_end = __tbss_end)
                [!provide]                        PROVIDE (__tls_size = (__tls_end - __tls_base))
                [!provide]                        PROVIDE (__tls_align = MAX (ALIGNOF (.tdata), ALIGNOF (.tbss)))
                [!provide]                        PROVIDE (__tls_size_align = (((__tls_size + __tls_align) - 0x1) & ~ ((__tls_align - 0x1))))
                [!provide]                        PROVIDE (__arm32_tls_tcb_offset = MAX (0x8, __tls_align))
                [!provide]                        PROVIDE (__arm64_tls_tcb_offset = MAX (0x10, __tls_align))

.bss            0x2000006c      0x2f4 load address 0x08009900
 *(.bss)
 .bss           0x2000006c       0x1c C:/Users/ASUS/AppData/Local/stm32cube/bundles/gnu-tools-for-stm32/14.3.1+st.2/bin/../lib/gcc/arm-none-eabi/14.3.1/thumb/v7e-m+fp/hard/crtbegin.o
 *(.bss*)
 .bss.uwTick    0x20000088        0x4 cmake/stm32cubemx/CMakeFiles/STM32_Drivers.dir/__/__/Drivers/STM32F4xx_HAL_Driver/Src/stm32f4xx_hal.c.obj
                0x20000088                uwTick
 .bss.hdma2d    0x2000008c       0x40 CMakeFiles/06_RTC.dir/Core/Src/dma2d.c.obj
                0x2000008c                hdma2d
 .bss.hsdram2   0x200000cc       0x34 CMakeFiles/06_RTC.dir/Core/Src/fmc.c.obj
                0x200000cc                hsdram2
 .bss.FMC_Initialized
                0x20000100        0x4 CMakeFiles/06_RTC.dir/Core/Src/fmc.c.obj
 .bss.hltdc     0x20000104       0xa8 CMakeFiles/06_RTC.dir/Core/Src/ltdc.c.obj
                0x20000104                hltdc
 .bss.hrtc      0x200001ac       0x20 CMakeFiles/06_RTC.dir/Core/Src/rtc.c.obj
                0x200001ac                hrtc
 .bss.huart1    0x200001cc       0x48 CMakeFiles/06_RTC.dir/Core/Src/usart.c.obj
                0x200001cc                huart1
 .bss.__sbrk_heap_end
                0x20000214        0x4 CMakeFiles/06_RTC.dir/Core/Src/sysmem.c.obj
 .bss.__sf      0x20000218      0x138 C:/Users/ASUS/AppData/Local/stm32cube/bundles/gnu-tools-for-stm32/14.3.1+st.2/bin/../lib/gcc/arm-none-eabi/14.3.1/../../../../arm-none-eabi/lib/thumb/v7e-m+fp/hard\libg_nano.a(libc_a-findfp.o)
                0x20000218                __sf
 .bss.errno     0x20000350        0x4 C:/Users/ASUS/AppData/Local/stm32cube/bundles/gnu-tools-for-stm32/14.3.1+st.2/bin/../lib/gcc/arm-none-eabi/14.3.1/../../../../arm-none-eabi/lib/thumb/v7e-m+fp/hard\libg_nano.a(libc_a-reent.o)
                0x20000350                errno
 .bss.__lock___malloc_recursive_mutex
                0x20000354        0x1 C:/Users/ASUS/AppData/Local/stm32cube/bundles/gnu-tools-for-stm32/14.3.1+st.2/bin/../lib/gcc/arm-none-eabi/14.3.1/../../../../arm-none-eabi/lib/thumb/v7e-m+fp/hard\libg_nano.a(libc_a-lock.o)
                0x20000354                __lock___malloc_recursive_mutex
 *fill*         0x20000355        0x3 
 .bss.__malloc_sbrk_start
                0x20000358        0x4 C:/Users/ASUS/AppData/Local/stm32cube/bundles/gnu-tools-for-stm32/14.3.1+st.2/bin/../lib/gcc/arm-none-eabi/14.3.1/../../../../arm-none-eabi/lib/thumb/v7e-m+fp/hard\libg_nano.a(libc_a-mallocr.o)
                0x20000358                __malloc_sbrk_start
 .bss.__malloc_free_list
                0x2000035c        0x4 C:/Users/ASUS/AppData/Local/stm32cube/bundles/gnu-tools-for-stm32/14.3.1+st.2/bin/../lib/gcc/arm-none-eabi/14.3.1/../../../../arm-none-eabi/lib/thumb/v7e-m+fp/hard\libg_nano.a(libc_a-mallocr.o)
                0x2000035c                __malloc_free_list
 *(COMMON)
                0x20000360                        . = ALIGN (0x4)
                0x20000360                        _ebss = .
                0x20000360                        __bss_end__ = _ebss
                [!provide]                        PROVIDE (__bss_end = .)
                [!provide]                        PROVIDE (__non_tls_bss_start = ADDR (.bss))
                [!provide]                        PROVIDE (__bss_start = __tbss_start)
                [!provide]                        PROVIDE (__bss_size = (__bss_end - __bss_start))

._user_heap_stack
                0x20000360      0x600 load address 0x08009900
                0x20000360                        . = ALIGN (0x8)
                [!provide]                        PROVIDE (end = .)
                0x20000360                        PROVIDE (_end = .)
                0x20000560                        . = (. + _Min_Heap_Size)
 *fill*         0x20000360      0x200 
                0x20000960                        . = (. + _Min_Stack_Size)
 *fill*         0x20000560      0x400 
                0x20000960                        . = ALIGN (0x8)

/DISCARD/
 libc.a:*(*)
 libm.a:*(*)
 libgcc.a:*(*)
OUTPUT(06_RTC.elf elf32-littlearm)
LOAD linker stubs

.ARM.attributes
                0x00000000       0x30
 .ARM.attributes
                0x00000000       0x22 C:/Users/ASUS/AppData/Local/stm32cube/bundles/gnu-tools-for-stm32/14.3.1+st.2/bin/../lib/gcc/arm-none-eabi/14.3.1/thumb/v7e-m+fp/hard/crti.o
 .ARM.attributes
                0x00000022       0x34 C:/Users/ASUS/AppData/Local/stm32cube/bundles/gnu-tools-for-stm32/14.3.1+st.2/bin/../lib/gcc/arm-none-eabi/14.3.1/thumb/v7e-m+fp/hard/crtbegin.o
 .ARM.attributes
                0x00000056       0x34 cmake/stm32cubemx/CMakeFiles/STM32_Drivers.dir/__/__/Core/Src/system_stm32f4xx.c.obj
 .ARM.attributes
                0x0000008a       0x34 cmake/stm32cubemx/CMakeFiles/STM32_Drivers.dir/__/__/Drivers/STM32F4xx_HAL_Driver/Src/stm32f4xx_hal_dma2d.c.obj
 .ARM.attributes
                0x000000be       0x34 cmake/stm32cubemx/CMakeFiles/STM32_Drivers.dir/__/__/Drivers/STM32F4xx_HAL_Driver/Src/stm32f4xx_hal_rcc.c.obj
 .ARM.attributes
                0x000000f2       0x34 cmake/stm32cubemx/CMakeFiles/STM32_Drivers.dir/__/__/Drivers/STM32F4xx_HAL_Driver/Src/stm32f4xx_hal_rcc_ex.c.obj
 .ARM.attributes
                0x00000126       0x34 cmake/stm32cubemx/CMakeFiles/STM32_Drivers.dir/__/__/Drivers/STM32F4xx_HAL_Driver/Src/stm32f4xx_hal_gpio.c.obj
 .ARM.attributes
                0x0000015a       0x34 cmake/stm32cubemx/CMakeFiles/STM32_Drivers.dir/__/__/Drivers/STM32F4xx_HAL_Driver/Src/stm32f4xx_hal_pwr_ex.c.obj
 .ARM.attributes
                0x0000018e       0x34 cmake/stm32cubemx/CMakeFiles/STM32_Drivers.dir/__/__/Drivers/STM32F4xx_HAL_Driver/Src/stm32f4xx_hal_cortex.c.obj
 .ARM.attributes
                0x000001c2       0x34 cmake/stm32cubemx/CMakeFiles/STM32_Drivers.dir/__/__/Drivers/STM32F4xx_HAL_Driver/Src/stm32f4xx_hal.c.obj
 .ARM.attributes
                0x000001f6       0x34 cmake/stm32cubemx/CMakeFiles/STM32_Drivers.dir/__/__/Drivers/STM32F4xx_HAL_Driver/Src/stm32f4xx_ll_fmc.c.obj
 .ARM.attributes
                0x0000022a       0x34 cmake/stm32cubemx/CMakeFiles/STM32_Drivers.dir/__/__/Drivers/STM32F4xx_HAL_Driver/Src/stm32f4xx_hal_sdram.c.obj
 .ARM.attributes
                0x0000025e       0x34 cmake/stm32cubemx/CMakeFiles/STM32_Drivers.dir/__/__/Drivers/STM32F4xx_HAL_Driver/Src/stm32f4xx_hal_ltdc.c.obj
 .ARM.attributes
                0x00000292       0x34 cmake/stm32cubemx/CMakeFiles/STM32_Drivers.dir/__/__/Drivers/STM32F4xx_HAL_Driver/Src/stm32f4xx_hal_rtc.c.obj
 .ARM.attributes
                0x000002c6       0x34 cmake/stm32cubemx/CMakeFiles/STM32_Drivers.dir/__/__/Drivers/STM32F4xx_HAL_Driver/Src/stm32f4xx_hal_uart.c.obj
 .ARM.attributes
                0x000002fa       0x34 CMakeFiles/06_RTC.dir/Core/Src/main.c.obj
 .ARM.attributes
                0x0000032e       0x34 CMakeFiles/06_RTC.dir/Core/Src/gpio.c.obj
 .ARM.attributes
                0x00000362       0x34 CMakeFiles/06_RTC.dir/Core/Src/dma2d.c.obj
 .ARM.attributes
                0x00000396       0x34 CMakeFiles/06_RTC.dir/Core/Src/fmc.c.obj
 .ARM.attributes
                0x000003ca       0x34 CMakeFiles/06_RTC.dir/Core/Src/ltdc.c.obj
 .ARM.attributes
                0x000003fe       0x34 CMakeFiles/06_RTC.dir/Core/Src/rtc.c.obj
 .ARM.attributes
                0x00000432       0x34 CMakeFiles/06_RTC.dir/Core/Src/usart.c.obj
 .ARM.attributes
                0x00000466       0x34 CMakeFiles/06_RTC.dir/Core/Src/stm32f4xx_it.c.obj
 .ARM.attributes
                0x0000049a       0x34 CMakeFiles/06_RTC.dir/Core/Src/stm32f4xx_hal_msp.c.obj
 .ARM.attributes
                0x000004ce       0x34 CMakeFiles/06_RTC.dir/Core/Src/sysmem.c.obj
 .ARM.attributes
                0x00000502       0x21 CMakeFiles/06_RTC.dir/startup_stm32f429xx.s.obj
 .ARM.attributes
                0x00000523       0x34 CMakeFiles/06_RTC.dir/BSP/bsp_sdram.c.obj
 .ARM.attributes
                0x00000557       0x34 CMakeFiles/06_RTC.dir/BSP/bsp_lcd.c.obj
 .ARM.attributes
                0x0000058b       0x34 CMakeFiles/06_RTC.dir/BSP/fonts/font16.c.obj
 .ARM.attributes
                0x000005bf       0x34 CMakeFiles/06_RTC.dir/BSP/fonts/font24.c.obj
 .ARM.attributes
                0x000005f3       0x22 C:/Users/ASUS/AppData/Local/stm32cube/bundles/gnu-tools-for-stm32/14.3.1+st.2/bin/../lib/gcc/arm-none-eabi/14.3.1/thumb/v7e-m+fp/hard\libgcc.a(_aeabi_uldivmod.o)
 .ARM.attributes
                0x00000615       0x34 C:/Users/ASUS/AppData/Local/stm32cube/bundles/gnu-tools-for-stm32/14.3.1+st.2/bin/../lib/gcc/arm-none-eabi/14.3.1/thumb/v7e-m+fp/hard\libgcc.a(_udivmoddi4.o)
 .ARM.attributes
                0x00000649       0x22 C:/Users/ASUS/AppData/Local/stm32cube/bundles/gnu-tools-for-stm32/14.3.1+st.2/bin/../lib/gcc/arm-none-eabi/14.3.1/thumb/v7e-m+fp/hard\libgcc.a(_dvmd_tls.o)
 .ARM.attributes
                0x0000066b       0x34 C:/Users/ASUS/AppData/Local/stm32cube/bundles/gnu-tools-for-stm32/14.3.1+st.2/bin/../lib/gcc/arm-none-eabi/14.3.1/../../../../arm-none-eabi/lib/thumb/v7e-m+fp/hard\libg_nano.a(libc_a-findfp.o)
 .ARM.attributes
                0x0000069f       0x34 C:/Users/ASUS/AppData/Local/stm32cube/bundles/gnu-tools-for-stm32/14.3.1+st.2/bin/../lib/gcc/arm-none-eabi/14.3.1/../../../../arm-none-eabi/lib/thumb/v7e-m+fp/hard\libg_nano.a(libc_a-vsnprintf.o)
 .ARM.attributes
                0x000006d3       0x34 C:/Users/ASUS/AppData/Local/stm32cube/bundles/gnu-tools-for-stm32/14.3.1+st.2/bin/../lib/gcc/arm-none-eabi/14.3.1/../../../../arm-none-eabi/lib/thumb/v7e-m+fp/hard\libg_nano.a(libc_a-memset.o)
 .ARM.attributes
                0x00000707       0x34 C:/Users/ASUS/AppData/Local/stm32cube/bundles/gnu-tools-for-stm32/14.3.1+st.2/bin/../lib/gcc/arm-none-eabi/14.3.1/../../../../arm-none-eabi/lib/thumb/v7e-m+fp/hard\libg_nano.a(libc_a-reent.o)
 .ARM.attributes
                0x0000073b       0x34 C:/Users/ASUS/AppData/Local/stm32cube/bundles/gnu-tools-for-stm32/14.3.1+st.2/bin/../lib/gcc/arm-none-eabi/14.3.1/../../../../arm-none-eabi/lib/thumb/v7e-m+fp/hard\libg_nano.a(libc_a-impure.o)
 .ARM.attributes
                0x0000076f       0x34 C:/Users/ASUS/AppData/Local/stm32cube/bundles/gnu-tools-for-stm32/14.3.1+st.2/bin/../lib/gcc/arm-none-eabi/14.3.1/../../../../arm-none-eabi/lib/thumb/v7e-m+fp/hard\libg_nano.a(libc_a-errno.o)
 .ARM.attributes
                0x000007a3       0x34 C:/Users/ASUS/AppData/Local/stm32cube/bundles/gnu-tools-for-stm32/14.3.1+st.2/bin/../lib/gcc/arm-none-eabi/14.3.1/../../../../arm-none-eabi/lib/thumb/v7e-m+fp/hard\libg_nano.a(libc_a-init.o)
 .ARM.attributes
                0x000007d7       0x34 C:/Users/ASUS/AppData/Local/stm32cube/bundles/gnu-tools-for-stm32/14.3.1+st.2/bin/../lib/gcc/arm-none-eabi/14.3.1/../../../../arm-none-eabi/lib/thumb/v7e-m+fp/hard\libg_nano.a(libc_a-lock.o)
 .ARM.attributes
                0x0000080b       0x34 C:/Users/ASUS/AppData/Local/stm32cube/bundles/gnu-tools-for-stm32/14.3.1+st.2/bin/../lib/gcc/arm-none-eabi/14.3.1/../../../../arm-none-eabi/lib/thumb/v7e-m+fp/hard\libg_nano.a(libc_a-freer.o)
 .ARM.attributes
                0x0000083f       0x34 C:/Users/ASUS/AppData/Local/stm32cube/bundles/gnu-tools-for-stm32/14.3.1+st.2/bin/../lib/gcc/arm-none-eabi/14.3.1/../../../../arm-none-eabi/lib/thumb/v7e-m+fp/hard\libg_nano.a(libc_a-mallocr.o)
 .ARM.attributes
                0x00000873       0x34 C:/Users/ASUS/AppData/Local/stm32cube/bundles/gnu-tools-for-stm32/14.3.1+st.2/bin/../lib/gcc/arm-none-eabi/14.3.1/../../../../arm-none-eabi/lib/thumb/v7e-m+fp/hard\libg_nano.a(libc_a-mlock.o)
 .ARM.attributes
                0x000008a7       0x34 C:/Users/ASUS/AppData/Local/stm32cube/bundles/gnu-tools-for-stm32/14.3.1+st.2/bin/../lib/gcc/arm-none-eabi/14.3.1/../../../../arm-none-eabi/lib/thumb/v7e-m+fp/hard\libg_nano.a(libc_a-nano-svfprintf.o)
 .ARM.attributes
                0x000008db       0x34 C:/Users/ASUS/AppData/Local/stm32cube/bundles/gnu-tools-for-stm32/14.3.1+st.2/bin/../lib/gcc/arm-none-eabi/14.3.1/../../../../arm-none-eabi/lib/thumb/v7e-m+fp/hard\libg_nano.a(libc_a-nano-vfprintf_i.o)
 .ARM.attributes
                0x0000090f       0x34 C:/Users/ASUS/AppData/Local/stm32cube/bundles/gnu-tools-for-stm32/14.3.1+st.2/bin/../lib/gcc/arm-none-eabi/14.3.1/../../../../arm-none-eabi/lib/thumb/v7e-m+fp/hard\libg_nano.a(libc_a-memmove.o)
 .ARM.attributes
                0x00000943       0x34 C:/Users/ASUS/AppData/Local/stm32cube/bundles/gnu-tools-for-stm32/14.3.1+st.2/bin/../lib/gcc/arm-none-eabi/14.3.1/../../../../arm-none-eabi/lib/thumb/v7e-m+fp/hard\libg_nano.a(libc_a-sbrkr.o)
 .ARM.attributes
                0x00000977       0x1c C:/Users/ASUS/AppData/Local/stm32cube/bundles/gnu-tools-for-stm32/14.3.1+st.2/bin/../lib/gcc/arm-none-eabi/14.3.1/../../../../arm-none-eabi/lib/thumb/v7e-m+fp/hard\libg_nano.a(libc_a-memchr.o)
 .ARM.attributes
                0x00000993       0x34 C:/Users/ASUS/AppData/Local/stm32cube/bundles/gnu-tools-for-stm32/14.3.1+st.2/bin/../lib/gcc/arm-none-eabi/14.3.1/../../../../arm-none-eabi/lib/thumb/v7e-m+fp/hard\libg_nano.a(libc_a-memcpy-stub.o)
 .ARM.attributes
                0x000009c7       0x34 C:/Users/ASUS/AppData/Local/stm32cube/bundles/gnu-tools-for-stm32/14.3.1+st.2/bin/../lib/gcc/arm-none-eabi/14.3.1/../../../../arm-none-eabi/lib/thumb/v7e-m+fp/hard\libg_nano.a(libc_a-reallocr.o)
 .ARM.attributes
                0x000009fb       0x34 C:/Users/ASUS/AppData/Local/stm32cube/bundles/gnu-tools-for-stm32/14.3.1+st.2/bin/../lib/gcc/arm-none-eabi/14.3.1/../../../../arm-none-eabi/lib/thumb/v7e-m+fp/hard\libg_nano.a(libc_a-msizer.o)
 .ARM.attributes
                0x00000a2f       0x22 C:/Users/ASUS/AppData/Local/stm32cube/bundles/gnu-tools-for-stm32/14.3.1+st.2/bin/../lib/gcc/arm-none-eabi/14.3.1/thumb/v7e-m+fp/hard/crtn.o

.comment        0x00000000       0x43
 .comment       0x00000000       0x43 cmake/stm32cubemx/CMakeFiles/STM32_Drivers.dir/__/__/Core/Src/system_stm32f4xx.c.obj
                                 0x44 (size before relaxing)
 .comment       0x00000043       0x44 cmake/stm32cubemx/CMakeFiles/STM32_Drivers.dir/__/__/Drivers/STM32F4xx_HAL_Driver/Src/stm32f4xx_hal_dma2d.c.obj
 .comment       0x00000043       0x44 cmake/stm32cubemx/CMakeFiles/STM32_Drivers.dir/__/__/Drivers/STM32F4xx_HAL_Driver/Src/stm32f4xx_hal_rcc.c.obj
 .comment       0x00000043       0x44 cmake/stm32cubemx/CMakeFiles/STM32_Drivers.dir/__/__/Drivers/STM32F4xx_HAL_Driver/Src/stm32f4xx_hal_rcc_ex.c.obj
 .comment       0x00000043       0x44 cmake/stm32cubemx/CMakeFiles/STM32_Drivers.dir/__/__/Drivers/STM32F4xx_HAL_Driver/Src/stm32f4xx_hal_gpio.c.obj
 .comment       0x00000043       0x44 cmake/stm32cubemx/CMakeFiles/STM32_Drivers.dir/__/__/Drivers/STM32F4xx_HAL_Driver/Src/stm32f4xx_hal_pwr_ex.c.obj
 .comment       0x00000043       0x44 cmake/stm32cubemx/CMakeFiles/STM32_Drivers.dir/__/__/Drivers/STM32F4xx_HAL_Driver/Src/stm32f4xx_hal_cortex.c.obj
 .comment       0x00000043       0x44 cmake/stm32cubemx/CMakeFiles/STM32_Drivers.dir/__/__/Drivers/STM32F4xx_HAL_Driver/Src/stm32f4xx_hal.c.obj
 .comment       0x00000043       0x44 cmake/stm32cubemx/CMakeFiles/STM32_Drivers.dir/__/__/Drivers/STM32F4xx_HAL_Driver/Src/stm32f4xx_ll_fmc.c.obj
 .comment       0x00000043       0x44 cmake/stm32cubemx/CMakeFiles/STM32_Drivers.dir/__/__/Drivers/STM32F4xx_HAL_Driver/Src/stm32f4xx_hal_sdram.c.obj
 .comment       0x00000043       0x44 cmake/stm32cubemx/CMakeFiles/STM32_Drivers.dir/__/__/Drivers/STM32F4xx_HAL_Driver/Src/stm32f4xx_hal_ltdc.c.obj
 .comment       0x00000043       0x44 cmake/stm32cubemx/CMakeFiles/STM32_Drivers.dir/__/__/Drivers/STM32F4xx_HAL_Driver/Src/stm32f4xx_hal_rtc.c.obj
 .comment       0x00000043       0x44 cmake/stm32cubemx/CMakeFiles/STM32_Drivers.dir/__/__/Drivers/STM32F4xx_HAL_Driver/Src/stm32f4xx_hal_uart.c.obj
 .comment       0x00000043       0x44 CMakeFiles/06_RTC.dir/Core/Src/main.c.obj
 .comment       0x00000043       0x44 CMakeFiles/06_RTC.dir/Core/Src/gpio.c.obj
 .comment       0x00000043       0x44 CMakeFiles/06_RTC.dir/Core/Src/dma2d.c.obj
 .comment       0x00000043       0x44 CMakeFiles/06_RTC.dir/Core/Src/fmc.c.obj
 .comment       0x00000043       0x44 CMakeFiles/06_RTC.dir/Core/Src/ltdc.c.obj
 .comment       0x00000043       0x44 CMakeFiles/06_RTC.dir/Core/Src/rtc.c.obj
 .comment       0x00000043       0x44 CMakeFiles/06_RTC.dir/Core/Src/usart.c.obj
 .comment       0x00000043       0x44 CMakeFiles/06_RTC.dir/Core/Src/stm32f4xx_it.c.obj
 .comment       0x00000043       0x44 CMakeFiles/06_RTC.dir/Core/Src/stm32f4xx_hal_msp.c.obj
 .comment       0x00000043       0x44 CMakeFiles/06_RTC.dir/Core/Src/sysmem.c.obj
 .comment       0x00000043       0x44 CMakeFiles/06_RTC.dir/BSP/bsp_sdram.c.obj
 .comment       0x00000043       0x44 CMakeFiles/06_RTC.dir/BSP/bsp_lcd.c.obj
 .comment       0x00000043       0x44 CMakeFiles/06_RTC.dir/BSP/fonts/font16.c.obj
 .comment       0x00000043       0x44 CMakeFiles/06_RTC.dir/BSP/fonts/font24.c.obj
 .comment       0x00000043       0x44 C:/Users/ASUS/AppData/Local/stm32cube/bundles/gnu-tools-for-stm32/14.3.1+st.2/bin/../lib/gcc/arm-none-eabi/14.3.1/../../../../arm-none-eabi/lib/thumb/v7e-m+fp/hard\libg_nano.a(libc_a-findfp.o)
 .comment       0x00000043       0x44 C:/Users/ASUS/AppData/Local/stm32cube/bundles/gnu-tools-for-stm32/14.3.1+st.2/bin/../lib/gcc/arm-none-eabi/14.3.1/../../../../arm-none-eabi/lib/thumb/v7e-m+fp/hard\libg_nano.a(libc_a-vsnprintf.o)
 .comment       0x00000043       0x44 C:/Users/ASUS/AppData/Local/stm32cube/bundles/gnu-tools-for-stm32/14.3.1+st.2/bin/../lib/gcc/arm-none-eabi/14.3.1/../../../../arm-none-eabi/lib/thumb/v7e-m+fp/hard\libg_nano.a(libc_a-memset.o)
 .comment       0x00000043       0x44 C:/Users/ASUS/AppData/Local/stm32cube/bundles/gnu-tools-for-stm32/14.3.1+st.2/bin/../lib/gcc/arm-none-eabi/14.3.1/../../../../arm-none-eabi/lib/thumb/v7e-m+fp/hard\libg_nano.a(libc_a-reent.o)
 .comment       0x00000043       0x44 C:/Users/ASUS/AppData/Local/stm32cube/bundles/gnu-tools-for-stm32/14.3.1+st.2/bin/../lib/gcc/arm-none-eabi/14.3.1/../../../../arm-none-eabi/lib/thumb/v7e-m+fp/hard\libg_nano.a(libc_a-impure.o)
 .comment       0x00000043       0x44 C:/Users/ASUS/AppData/Local/stm32cube/bundles/gnu-tools-for-stm32/14.3.1+st.2/bin/../lib/gcc/arm-none-eabi/14.3.1/../../../../arm-none-eabi/lib/thumb/v7e-m+fp/hard\libg_nano.a(libc_a-errno.o)
 .comment       0x00000043       0x44 C:/Users/ASUS/AppData/Local/stm32cube/bundles/gnu-tools-for-stm32/14.3.1+st.2/bin/../lib/gcc/arm-none-eabi/14.3.1/../../../../arm-none-eabi/lib/thumb/v7e-m+fp/hard\libg_nano.a(libc_a-init.o)
 .comment       0x00000043       0x44 C:/Users/ASUS/AppData/Local/stm32cube/bundles/gnu-tools-for-stm32/14.3.1+st.2/bin/../lib/gcc/arm-none-eabi/14.3.1/../../../../arm-none-eabi/lib/thumb/v7e-m+fp/hard\libg_nano.a(libc_a-lock.o)
 .comment       0x00000043       0x44 C:/Users/ASUS/AppData/Local/stm32cube/bundles/gnu-tools-for-stm32/14.3.1+st.2/bin/../lib/gcc/arm-none-eabi/14.3.1/../../../../arm-none-eabi/lib/thumb/v7e-m+fp/hard\libg_nano.a(libc_a-freer.o)
 .comment       0x00000043       0x44 C:/Users/ASUS/AppData/Local/stm32cube/bundles/gnu-tools-for-stm32/14.3.1+st.2/bin/../lib/gcc/arm-none-eabi/14.3.1/../../../../arm-none-eabi/lib/thumb/v7e-m+fp/hard\libg_nano.a(libc_a-mallocr.o)
 .comment       0x00000043       0x44 C:/Users/ASUS/AppData/Local/stm32cube/bundles/gnu-tools-for-stm32/14.3.1+st.2/bin/../lib/gcc/arm-none-eabi/14.3.1/../../../../arm-none-eabi/lib/thumb/v7e-m+fp/hard\libg_nano.a(libc_a-mlock.o)
 .comment       0x00000043       0x44 C:/Users/ASUS/AppData/Local/stm32cube/bundles/gnu-tools-for-stm32/14.3.1+st.2/bin/../lib/gcc/arm-none-eabi/14.3.1/../../../../arm-none-eabi/lib/thumb/v7e-m+fp/hard\libg_nano.a(libc_a-nano-svfprintf.o)
 .comment       0x00000043       0x44 C:/Users/ASUS/AppData/Local/stm32cube/bundles/gnu-tools-for-stm32/14.3.1+st.2/bin/../lib/gcc/arm-none-eabi/14.3.1/../../../../arm-none-eabi/lib/thumb/v7e-m+fp/hard\libg_nano.a(libc_a-nano-vfprintf_i.o)
 .comment       0x00000043       0x44 C:/Users/ASUS/AppData/Local/stm32cube/bundles/gnu-tools-for-stm32/14.3.1+st.2/bin/../lib/gcc/arm-none-eabi/14.3.1/../../../../arm-none-eabi/lib/thumb/v7e-m+fp/hard\libg_nano.a(libc_a-memmove.o)
 .comment       0x00000043       0x44 C:/Users/ASUS/AppData/Local/stm32cube/bundles/gnu-tools-for-stm32/14.3.1+st.2/bin/../lib/gcc/arm-none-eabi/14.3.1/../../../../arm-none-eabi/lib/thumb/v7e-m+fp/hard\libg_nano.a(libc_a-sbrkr.o)
 .comment       0x00000043       0x44 C:/Users/ASUS/AppData/Local/stm32cube/bundles/gnu-tools-for-stm32/14.3.1+st.2/bin/../lib/gcc/arm-none-eabi/14.3.1/../../../../arm-none-eabi/lib/thumb/v7e-m+fp/hard\libg_nano.a(libc_a-memcpy-stub.o)
 .comment       0x00000043       0x44 C:/Users/ASUS/AppData/Local/stm32cube/bundles/gnu-tools-for-stm32/14.3.1+st.2/bin/../lib/gcc/arm-none-eabi/14.3.1/../../../../arm-none-eabi/lib/thumb/v7e-m+fp/hard\libg_nano.a(libc_a-reallocr.o)
 .comment       0x00000043       0x44 C:/Users/ASUS/AppData/Local/stm32cube/bundles/gnu-tools-for-stm32/14.3.1+st.2/bin/../lib/gcc/arm-none-eabi/14.3.1/../../../../arm-none-eabi/lib/thumb/v7e-m+fp/hard\libg_nano.a(libc_a-msizer.o)

.debug_info     0x00000000    0x19517
 .debug_info    0x00000000      0x52e cmake/stm32cubemx/CMakeFiles/STM32_Drivers.dir/__/__/Core/Src/system_stm32f4xx.c.obj
 .debug_info    0x0000052e      0xe98 cmake/stm32cubemx/CMakeFiles/STM32_Drivers.dir/__/__/Drivers/STM32F4xx_HAL_Driver/Src/stm32f4xx_hal_dma2d.c.obj
 .debug_info    0x000013c6      0x8f8 cmake/stm32cubemx/CMakeFiles/STM32_Drivers.dir/__/__/Drivers/STM32F4xx_HAL_Driver/Src/stm32f4xx_hal_rcc.c.obj
 .debug_info    0x00001cbe      0x669 cmake/stm32cubemx/CMakeFiles/STM32_Drivers.dir/__/__/Drivers/STM32F4xx_HAL_Driver/Src/stm32f4xx_hal_rcc_ex.c.obj
 .debug_info    0x00002327      0x6f4 cmake/stm32cubemx/CMakeFiles/STM32_Drivers.dir/__/__/Drivers/STM32F4xx_HAL_Driver/Src/stm32f4xx_hal_gpio.c.obj
 .debug_info    0x00002a1b      0x6da cmake/stm32cubemx/CMakeFiles/STM32_Drivers.dir/__/__/Drivers/STM32F4xx_HAL_Driver/Src/stm32f4xx_hal_pwr_ex.c.obj
 .debug_info    0x000030f5      0xdf7 cmake/stm32cubemx/CMakeFiles/STM32_Drivers.dir/__/__/Drivers/STM32F4xx_HAL_Driver/Src/stm32f4xx_hal_cortex.c.obj
 .debug_info    0x00003eec      0x9f4 cmake/stm32cubemx/CMakeFiles/STM32_Drivers.dir/__/__/Drivers/STM32F4xx_HAL_Driver/Src/stm32f4xx_hal.c.obj
 .debug_info    0x000048e0      0xe64 cmake/stm32cubemx/CMakeFiles/STM32_Drivers.dir/__/__/Drivers/STM32F4xx_HAL_Driver/Src/stm32f4xx_ll_fmc.c.obj
 .debug_info    0x00005744      0xed7 cmake/stm32cubemx/CMakeFiles/STM32_Drivers.dir/__/__/Drivers/STM32F4xx_HAL_Driver/Src/stm32f4xx_hal_sdram.c.obj
 .debug_info    0x0000661b     0x105b cmake/stm32cubemx/CMakeFiles/STM32_Drivers.dir/__/__/Drivers/STM32F4xx_HAL_Driver/Src/stm32f4xx_hal_ltdc.c.obj
 .debug_info    0x00007676      0xc3d cmake/stm32cubemx/CMakeFiles/STM32_Drivers.dir/__/__/Drivers/STM32F4xx_HAL_Driver/Src/stm32f4xx_hal_rtc.c.obj
 .debug_info    0x000082b3     0x2f64 cmake/stm32cubemx/CMakeFiles/STM32_Drivers.dir/__/__/Drivers/STM32F4xx_HAL_Driver/Src/stm32f4xx_hal_uart.c.obj
 .debug_info    0x0000b217      0xf31 CMakeFiles/06_RTC.dir/Core/Src/main.c.obj
 .debug_info    0x0000c148      0x4ad CMakeFiles/06_RTC.dir/Core/Src/gpio.c.obj
 .debug_info    0x0000c5f5      0x5ef CMakeFiles/06_RTC.dir/Core/Src/dma2d.c.obj
 .debug_info    0x0000cbe4      0x9a2 CMakeFiles/06_RTC.dir/Core/Src/fmc.c.obj
 .debug_info    0x0000d586      0xade CMakeFiles/06_RTC.dir/Core/Src/ltdc.c.obj
 .debug_info    0x0000e064      0x717 CMakeFiles/06_RTC.dir/Core/Src/rtc.c.obj
 .debug_info    0x0000e77b      0x935 CMakeFiles/06_RTC.dir/Core/Src/usart.c.obj
 .debug_info    0x0000f0b0      0x112 CMakeFiles/06_RTC.dir/Core/Src/stm32f4xx_it.c.obj
 .debug_info    0x0000f1c2      0x281 CMakeFiles/06_RTC.dir/Core/Src/stm32f4xx_hal_msp.c.obj
 .debug_info    0x0000f443      0x168 CMakeFiles/06_RTC.dir/Core/Src/sysmem.c.obj
 .debug_info    0x0000f5ab       0x30 CMakeFiles/06_RTC.dir/startup_stm32f429xx.s.obj
 .debug_info    0x0000f5db      0x63e CMakeFiles/06_RTC.dir/BSP/bsp_sdram.c.obj
 .debug_info    0x0000fc19     0x1167 CMakeFiles/06_RTC.dir/BSP/bsp_lcd.c.obj
 .debug_info    0x00010d80      0x125 CMakeFiles/06_RTC.dir/BSP/fonts/font16.c.obj
 .debug_info    0x00010ea5      0x125 CMakeFiles/06_RTC.dir/BSP/fonts/font24.c.obj
 .debug_info    0x00010fca      0xfb8 C:/Users/ASUS/AppData/Local/stm32cube/bundles/gnu-tools-for-stm32/14.3.1+st.2/bin/../lib/gcc/arm-none-eabi/14.3.1/../../../../arm-none-eabi/lib/thumb/v7e-m+fp/hard\libg_nano.a(libc_a-findfp.o)
 .debug_info    0x00011f82      0x89c C:/Users/ASUS/AppData/Local/stm32cube/bundles/gnu-tools-for-stm32/14.3.1+st.2/bin/../lib/gcc/arm-none-eabi/14.3.1/../../../../arm-none-eabi/lib/thumb/v7e-m+fp/hard\libg_nano.a(libc_a-vsnprintf.o)
 .debug_info    0x0001281e       0xe0 C:/Users/ASUS/AppData/Local/stm32cube/bundles/gnu-tools-for-stm32/14.3.1+st.2/bin/../lib/gcc/arm-none-eabi/14.3.1/../../../../arm-none-eabi/lib/thumb/v7e-m+fp/hard\libg_nano.a(libc_a-memset.o)
 .debug_info    0x000128fe      0x8a1 C:/Users/ASUS/AppData/Local/stm32cube/bundles/gnu-tools-for-stm32/14.3.1+st.2/bin/../lib/gcc/arm-none-eabi/14.3.1/../../../../arm-none-eabi/lib/thumb/v7e-m+fp/hard\libg_nano.a(libc_a-reent.o)
 .debug_info    0x0001319f      0x715 C:/Users/ASUS/AppData/Local/stm32cube/bundles/gnu-tools-for-stm32/14.3.1+st.2/bin/../lib/gcc/arm-none-eabi/14.3.1/../../../../arm-none-eabi/lib/thumb/v7e-m+fp/hard\libg_nano.a(libc_a-impure.o)
 .debug_info    0x000138b4      0x6fb C:/Users/ASUS/AppData/Local/stm32cube/bundles/gnu-tools-for-stm32/14.3.1+st.2/bin/../lib/gcc/arm-none-eabi/14.3.1/../../../../arm-none-eabi/lib/thumb/v7e-m+fp/hard\libg_nano.a(libc_a-errno.o)
 .debug_info    0x00013faf      0x10b C:/Users/ASUS/AppData/Local/stm32cube/bundles/gnu-tools-for-stm32/14.3.1+st.2/bin/../lib/gcc/arm-none-eabi/14.3.1/../../../../arm-none-eabi/lib/thumb/v7e-m+fp/hard\libg_nano.a(libc_a-init.o)
 .debug_info    0x000140ba      0x218 C:/Users/ASUS/AppData/Local/stm32cube/bundles/gnu-tools-for-stm32/14.3.1+st.2/bin/../lib/gcc/arm-none-eabi/14.3.1/../../../../arm-none-eabi/lib/thumb/v7e-m+fp/hard\libg_nano.a(libc_a-lock.o)
 .debug_info    0x000142d2      0x851 C:/Users/ASUS/AppData/Local/stm32cube/bundles/gnu-tools-for-stm32/14.3.1+st.2/bin/../lib/gcc/arm-none-eabi/14.3.1/../../../../arm-none-eabi/lib/thumb/v7e-m+fp/hard\libg_nano.a(libc_a-freer.o)
 .debug_info    0x00014b23      0x9bc C:/Users/ASUS/AppData/Local/stm32cube/bundles/gnu-tools-for-stm32/14.3.1+st.2/bin/../lib/gcc/arm-none-eabi/14.3.1/../../../../arm-none-eabi/lib/thumb/v7e-m+fp/hard\libg_nano.a(libc_a-mallocr.o)
 .debug_info    0x000154df      0x76b C:/Users/ASUS/AppData/Local/stm32cube/bundles/gnu-tools-for-stm32/14.3.1+st.2/bin/../lib/gcc/arm-none-eabi/14.3.1/../../../../arm-none-eabi/lib/thumb/v7e-m+fp/hard\libg_nano.a(libc_a-mlock.o)
 .debug_info    0x00015c4a     0x10b3 C:/Users/ASUS/AppData/Local/stm32cube/bundles/gnu-tools-for-stm32/14.3.1+st.2/bin/../lib/gcc/arm-none-eabi/14.3.1/../../../../arm-none-eabi/lib/thumb/v7e-m+fp/hard\libg_nano.a(libc_a-nano-svfprintf.o)
 .debug_info    0x00016cfd      0xde2 C:/Users/ASUS/AppData/Local/stm32cube/bundles/gnu-tools-for-stm32/14.3.1+st.2/bin/../lib/gcc/arm-none-eabi/14.3.1/../../../../arm-none-eabi/lib/thumb/v7e-m+fp/hard\libg_nano.a(libc_a-nano-vfprintf_i.o)
 .debug_info    0x00017adf      0x10f C:/Users/ASUS/AppData/Local/stm32cube/bundles/gnu-tools-for-stm32/14.3.1+st.2/bin/../lib/gcc/arm-none-eabi/14.3.1/../../../../arm-none-eabi/lib/thumb/v7e-m+fp/hard\libg_nano.a(libc_a-memmove.o)
 .debug_info    0x00017bee      0x782 C:/Users/ASUS/AppData/Local/stm32cube/bundles/gnu-tools-for-stm32/14.3.1+st.2/bin/../lib/gcc/arm-none-eabi/14.3.1/../../../../arm-none-eabi/lib/thumb/v7e-m+fp/hard\libg_nano.a(libc_a-sbrkr.o)
 .debug_info    0x00018370       0x25 C:/Users/ASUS/AppData/Local/stm32cube/bundles/gnu-tools-for-stm32/14.3.1+st.2/bin/../lib/gcc/arm-none-eabi/14.3.1/../../../../arm-none-eabi/lib/thumb/v7e-m+fp/hard\libg_nano.a(libc_a-memchr.o)
 .debug_info    0x00018395      0x121 C:/Users/ASUS/AppData/Local/stm32cube/bundles/gnu-tools-for-stm32/14.3.1+st.2/bin/../lib/gcc/arm-none-eabi/14.3.1/../../../../arm-none-eabi/lib/thumb/v7e-m+fp/hard\libg_nano.a(libc_a-memcpy-stub.o)
 .debug_info    0x000184b6      0x8cd C:/Users/ASUS/AppData/Local/stm32cube/bundles/gnu-tools-for-stm32/14.3.1+st.2/bin/../lib/gcc/arm-none-eabi/14.3.1/../../../../arm-none-eabi/lib/thumb/v7e-m+fp/hard\libg_nano.a(libc_a-reallocr.o)
 .debug_info    0x00018d83      0x794 C:/Users/ASUS/AppData/Local/stm32cube/bundles/gnu-tools-for-stm32/14.3.1+st.2/bin/../lib/gcc/arm-none-eabi/14.3.1/../../../../arm-none-eabi/lib/thumb/v7e-m+fp/hard\libg_nano.a(libc_a-msizer.o)

.debug_abbrev   0x00000000     0x51b9
 .debug_abbrev  0x00000000      0x11a cmake/stm32cubemx/CMakeFiles/STM32_Drivers.dir/__/__/Core/Src/system_stm32f4xx.c.obj
 .debug_abbrev  0x0000011a      0x253 cmake/stm32cubemx/CMakeFiles/STM32_Drivers.dir/__/__/Drivers/STM32F4xx_HAL_Driver/Src/stm32f4xx_hal_dma2d.c.obj
 .debug_abbrev  0x0000036d      0x2cc cmake/stm32cubemx/CMakeFiles/STM32_Drivers.dir/__/__/Drivers/STM32F4xx_HAL_Driver/Src/stm32f4xx_hal_rcc.c.obj
 .debug_abbrev  0x00000639      0x1c5 cmake/stm32cubemx/CMakeFiles/STM32_Drivers.dir/__/__/Drivers/STM32F4xx_HAL_Driver/Src/stm32f4xx_hal_rcc_ex.c.obj
 .debug_abbrev  0x000007fe      0x1f1 cmake/stm32cubemx/CMakeFiles/STM32_Drivers.dir/__/__/Drivers/STM32F4xx_HAL_Driver/Src/stm32f4xx_hal_gpio.c.obj
 .debug_abbrev  0x000009ef      0x1d7 cmake/stm32cubemx/CMakeFiles/STM32_Drivers.dir/__/__/Drivers/STM32F4xx_HAL_Driver/Src/stm32f4xx_hal_pwr_ex.c.obj
 .debug_abbrev  0x00000bc6      0x339 cmake/stm32cubemx/CMakeFiles/STM32_Drivers.dir/__/__/Drivers/STM32F4xx_HAL_Driver/Src/stm32f4xx_hal_cortex.c.obj
 .debug_abbrev  0x00000eff      0x21b cmake/stm32cubemx/CMakeFiles/STM32_Drivers.dir/__/__/Drivers/STM32F4xx_HAL_Driver/Src/stm32f4xx_hal.c.obj
 .debug_abbrev  0x0000111a      0x1a9 cmake/stm32cubemx/CMakeFiles/STM32_Drivers.dir/__/__/Drivers/STM32F4xx_HAL_Driver/Src/stm32f4xx_ll_fmc.c.obj
 .debug_abbrev  0x000012c3      0x227 cmake/stm32cubemx/CMakeFiles/STM32_Drivers.dir/__/__/Drivers/STM32F4xx_HAL_Driver/Src/stm32f4xx_hal_sdram.c.obj
 .debug_abbrev  0x000014ea      0x255 cmake/stm32cubemx/CMakeFiles/STM32_Drivers.dir/__/__/Drivers/STM32F4xx_HAL_Driver/Src/stm32f4xx_hal_ltdc.c.obj
 .debug_abbrev  0x0000173f      0x1dd cmake/stm32cubemx/CMakeFiles/STM32_Drivers.dir/__/__/Drivers/STM32F4xx_HAL_Driver/Src/stm32f4xx_hal_rtc.c.obj
 .debug_abbrev  0x0000191c      0x323 cmake/stm32cubemx/CMakeFiles/STM32_Drivers.dir/__/__/Drivers/STM32F4xx_HAL_Driver/Src/stm32f4xx_hal_uart.c.obj
 .debug_abbrev  0x00001c3f      0x259 CMakeFiles/06_RTC.dir/Core/Src/main.c.obj
 .debug_abbrev  0x00001e98      0x152 CMakeFiles/06_RTC.dir/Core/Src/gpio.c.obj
 .debug_abbrev  0x00001fea      0x1d7 CMakeFiles/06_RTC.dir/Core/Src/dma2d.c.obj
 .debug_abbrev  0x000021c1      0x23b CMakeFiles/06_RTC.dir/Core/Src/fmc.c.obj
 .debug_abbrev  0x000023fc      0x1cc CMakeFiles/06_RTC.dir/Core/Src/ltdc.c.obj
 .debug_abbrev  0x000025c8      0x199 CMakeFiles/06_RTC.dir/Core/Src/rtc.c.obj
 .debug_abbrev  0x00002761      0x1f9 CMakeFiles/06_RTC.dir/Core/Src/usart.c.obj
 .debug_abbrev  0x0000295a       0x73 CMakeFiles/06_RTC.dir/Core/Src/stm32f4xx_it.c.obj
 .debug_abbrev  0x000029cd       0xd8 CMakeFiles/06_RTC.dir/Core/Src/stm32f4xx_hal_msp.c.obj
 .debug_abbrev  0x00002aa5       0xbc CMakeFiles/06_RTC.dir/Core/Src/sysmem.c.obj
 .debug_abbrev  0x00002b61       0x24 CMakeFiles/06_RTC.dir/startup_stm32f429xx.s.obj
 .debug_abbrev  0x00002b85      0x188 CMakeFiles/06_RTC.dir/BSP/bsp_sdram.c.obj
 .debug_abbrev  0x00002d0d      0x2f1 CMakeFiles/06_RTC.dir/BSP/bsp_lcd.c.obj
 .debug_abbrev  0x00002ffe       0xb1 CMakeFiles/06_RTC.dir/BSP/fonts/font16.c.obj
 .debug_abbrev  0x000030af       0xb1 CMakeFiles/06_RTC.dir/BSP/fonts/font24.c.obj
 .debug_abbrev  0x00003160      0x424 C:/Users/ASUS/AppData/Local/stm32cube/bundles/gnu-tools-for-stm32/14.3.1+st.2/bin/../lib/gcc/arm-none-eabi/14.3.1/../../../../arm-none-eabi/lib/thumb/v7e-m+fp/hard\libg_nano.a(libc_a-findfp.o)
 .debug_abbrev  0x00003584      0x228 C:/Users/ASUS/AppData/Local/stm32cube/bundles/gnu-tools-for-stm32/14.3.1+st.2/bin/../lib/gcc/arm-none-eabi/14.3.1/../../../../arm-none-eabi/lib/thumb/v7e-m+fp/hard\libg_nano.a(libc_a-vsnprintf.o)
 .debug_abbrev  0x000037ac       0x9e C:/Users/ASUS/AppData/Local/stm32cube/bundles/gnu-tools-for-stm32/14.3.1+st.2/bin/../lib/gcc/arm-none-eabi/14.3.1/../../../../arm-none-eabi/lib/thumb/v7e-m+fp/hard\libg_nano.a(libc_a-memset.o)
 .debug_abbrev  0x0000384a      0x1f7 C:/Users/ASUS/AppData/Local/stm32cube/bundles/gnu-tools-for-stm32/14.3.1+st.2/bin/../lib/gcc/arm-none-eabi/14.3.1/../../../../arm-none-eabi/lib/thumb/v7e-m+fp/hard\libg_nano.a(libc_a-reent.o)
 .debug_abbrev  0x00003a41      0x149 C:/Users/ASUS/AppData/Local/stm32cube/bundles/gnu-tools-for-stm32/14.3.1+st.2/bin/../lib/gcc/arm-none-eabi/14.3.1/../../../../arm-none-eabi/lib/thumb/v7e-m+fp/hard\libg_nano.a(libc_a-impure.o)
 .debug_abbrev  0x00003b8a      0x15e C:/Users/ASUS/AppData/Local/stm32cube/bundles/gnu-tools-for-stm32/14.3.1+st.2/bin/../lib/gcc/arm-none-eabi/14.3.1/../../../../arm-none-eabi/lib/thumb/v7e-m+fp/hard\libg_nano.a(libc_a-errno.o)
 .debug_abbrev  0x00003ce8       0xc9 C:/Users/ASUS/AppData/Local/stm32cube/bundles/gnu-tools-for-stm32/14.3.1+st.2/bin/../lib/gcc/arm-none-eabi/14.3.1/../../../../arm-none-eabi/lib/thumb/v7e-m+fp/hard\libg_nano.a(libc_a-init.o)
 .debug_abbrev  0x00003db1      0x115 C:/Users/ASUS/AppData/Local/stm32cube/bundles/gnu-tools-for-stm32/14.3.1+st.2/bin/../lib/gcc/arm-none-eabi/14.3.1/../../../../arm-none-eabi/lib/thumb/v7e-m+fp/hard\libg_nano.a(libc_a-lock.o)
 .debug_abbrev  0x00003ec6      0x236 C:/Users/ASUS/AppData/Local/stm32cube/bundles/gnu-tools-for-stm32/14.3.1+st.2/bin/../lib/gcc/arm-none-eabi/14.3.1/../../../../arm-none-eabi/lib/thumb/v7e-m+fp/hard\libg_nano.a(libc_a-freer.o)
 .debug_abbrev  0x000040fc      0x24a C:/Users/ASUS/AppData/Local/stm32cube/bundles/gnu-tools-for-stm32/14.3.1+st.2/bin/../lib/gcc/arm-none-eabi/14.3.1/../../../../arm-none-eabi/lib/thumb/v7e-m+fp/hard\libg_nano.a(libc_a-mallocr.o)
 .debug_abbrev  0x00004346      0x1bf C:/Users/ASUS/AppData/Local/stm32cube/bundles/gnu-tools-for-stm32/14.3.1+st.2/bin/../lib/gcc/arm-none-eabi/14.3.1/../../../../arm-none-eabi/lib/thumb/v7e-m+fp/hard\libg_nano.a(libc_a-mlock.o)
 .debug_abbrev  0x00004505      0x31e C:/Users/ASUS/AppData/Local/stm32cube/bundles/gnu-tools-for-stm32/14.3.1+st.2/bin/../lib/gcc/arm-none-eabi/14.3.1/../../../../arm-none-eabi/lib/thumb/v7e-m+fp/hard\libg_nano.a(libc_a-nano-svfprintf.o)
 .debug_abbrev  0x00004823      0x28e C:/Users/ASUS/AppData/Local/stm32cube/bundles/gnu-tools-for-stm32/14.3.1+st.2/bin/../lib/gcc/arm-none-eabi/14.3.1/../../../../arm-none-eabi/lib/thumb/v7e-m+fp/hard\libg_nano.a(libc_a-nano-vfprintf_i.o)
 .debug_abbrev  0x00004ab1       0xac C:/Users/ASUS/AppData/Local/stm32cube/bundles/gnu-tools-for-stm32/14.3.1+st.2/bin/../lib/gcc/arm-none-eabi/14.3.1/../../../../arm-none-eabi/lib/thumb/v7e-m+fp/hard\libg_nano.a(libc_a-memmove.o)
 .debug_abbrev  0x00004b5d      0x1da C:/Users/ASUS/AppData/Local/stm32cube/bundles/gnu-tools-for-stm32/14.3.1+st.2/bin/../lib/gcc/arm-none-eabi/14.3.1/../../../../arm-none-eabi/lib/thumb/v7e-m+fp/hard\libg_nano.a(libc_a-sbrkr.o)
 .debug_abbrev  0x00004d37       0x14 C:/Users/ASUS/AppData/Local/stm32cube/bundles/gnu-tools-for-stm32/14.3.1+st.2/bin/../lib/gcc/arm-none-eabi/14.3.1/../../../../arm-none-eabi/lib/thumb/v7e-m+fp/hard\libg_nano.a(libc_a-memchr.o)
 .debug_abbrev  0x00004d4b       0xc1 C:/Users/ASUS/AppData/Local/stm32cube/bundles/gnu-tools-for-stm32/14.3.1+st.2/bin/../lib/gcc/arm-none-eabi/14.3.1/../../../../arm-none-eabi/lib/thumb/v7e-m+fp/hard\libg_nano.a(libc_a-memcpy-stub.o)
 .debug_abbrev  0x00004e0c      0x217 C:/Users/ASUS/AppData/Local/stm32cube/bundles/gnu-tools-for-stm32/14.3.1+st.2/bin/../lib/gcc/arm-none-eabi/14.3.1/../../../../arm-none-eabi/lib/thumb/v7e-m+fp/hard\libg_nano.a(libc_a-reallocr.o)
 .debug_abbrev  0x00005023      0x196 C:/Users/ASUS/AppData/Local/stm32cube/bundles/gnu-tools-for-stm32/14.3.1+st.2/bin/../lib/gcc/arm-none-eabi/14.3.1/../../../../arm-none-eabi/lib/thumb/v7e-m+fp/hard\libg_nano.a(libc_a-msizer.o)

.debug_aranges  0x00000000     0x1170
 .debug_aranges
                0x00000000       0x28 cmake/stm32cubemx/CMakeFiles/STM32_Drivers.dir/__/__/Core/Src/system_stm32f4xx.c.obj
 .debug_aranges
                0x00000028      0x118 cmake/stm32cubemx/CMakeFiles/STM32_Drivers.dir/__/__/Drivers/STM32F4xx_HAL_Driver/Src/stm32f4xx_hal_dma2d.c.obj
 .debug_aranges
                0x00000140       0x88 cmake/stm32cubemx/CMakeFiles/STM32_Drivers.dir/__/__/Drivers/STM32F4xx_HAL_Driver/Src/stm32f4xx_hal_rcc.c.obj
 .debug_aranges
                0x000001c8       0x58 cmake/stm32cubemx/CMakeFiles/STM32_Drivers.dir/__/__/Drivers/STM32F4xx_HAL_Driver/Src/stm32f4xx_hal_rcc_ex.c.obj
 .debug_aranges
                0x00000220       0x58 cmake/stm32cubemx/CMakeFiles/STM32_Drivers.dir/__/__/Drivers/STM32F4xx_HAL_Driver/Src/stm32f4xx_hal_gpio.c.obj
 .debug_aranges
                0x00000278       0x60 cmake/stm32cubemx/CMakeFiles/STM32_Drivers.dir/__/__/Drivers/STM32F4xx_HAL_Driver/Src/stm32f4xx_hal_pwr_ex.c.obj
 .debug_aranges
                0x000002d8      0x130 cmake/stm32cubemx/CMakeFiles/STM32_Drivers.dir/__/__/Drivers/STM32F4xx_HAL_Driver/Src/stm32f4xx_hal_cortex.c.obj
 .debug_aranges
                0x00000408      0x100 cmake/stm32cubemx/CMakeFiles/STM32_Drivers.dir/__/__/Drivers/STM32F4xx_HAL_Driver/Src/stm32f4xx_hal.c.obj
 .debug_aranges
                0x00000508       0xf0 cmake/stm32cubemx/CMakeFiles/STM32_Drivers.dir/__/__/Drivers/STM32F4xx_HAL_Driver/Src/stm32f4xx_ll_fmc.c.obj
 .debug_aranges
                0x000005f8       0xe8 cmake/stm32cubemx/CMakeFiles/STM32_Drivers.dir/__/__/Drivers/STM32F4xx_HAL_Driver/Src/stm32f4xx_hal_sdram.c.obj
 .debug_aranges
                0x000006e0      0x158 cmake/stm32cubemx/CMakeFiles/STM32_Drivers.dir/__/__/Drivers/STM32F4xx_HAL_Driver/Src/stm32f4xx_hal_ltdc.c.obj
 .debug_aranges
                0x00000838       0xe8 cmake/stm32cubemx/CMakeFiles/STM32_Drivers.dir/__/__/Drivers/STM32F4xx_HAL_Driver/Src/stm32f4xx_hal_rtc.c.obj
 .debug_aranges
                0x00000920      0x208 cmake/stm32cubemx/CMakeFiles/STM32_Drivers.dir/__/__/Drivers/STM32F4xx_HAL_Driver/Src/stm32f4xx_hal_uart.c.obj
 .debug_aranges
                0x00000b28       0x38 CMakeFiles/06_RTC.dir/Core/Src/main.c.obj
 .debug_aranges
                0x00000b60       0x20 CMakeFiles/06_RTC.dir/Core/Src/gpio.c.obj
 .debug_aranges
                0x00000b80       0x30 CMakeFiles/06_RTC.dir/Core/Src/dma2d.c.obj
 .debug_aranges
                0x00000bb0       0x40 CMakeFiles/06_RTC.dir/Core/Src/fmc.c.obj
 .debug_aranges
                0x00000bf0       0x30 CMakeFiles/06_RTC.dir/Core/Src/ltdc.c.obj
 .debug_aranges
                0x00000c20       0x30 CMakeFiles/06_RTC.dir/Core/Src/rtc.c.obj
 .debug_aranges
                0x00000c50       0x30 CMakeFiles/06_RTC.dir/Core/Src/usart.c.obj
 .debug_aranges
                0x00000c80       0x60 CMakeFiles/06_RTC.dir/Core/Src/stm32f4xx_it.c.obj
 .debug_aranges
                0x00000ce0       0x20 CMakeFiles/06_RTC.dir/Core/Src/stm32f4xx_hal_msp.c.obj
 .debug_aranges
                0x00000d00       0x20 CMakeFiles/06_RTC.dir/Core/Src/sysmem.c.obj
 .debug_aranges
                0x00000d20       0x28 CMakeFiles/06_RTC.dir/startup_stm32f429xx.s.obj
 .debug_aranges
                0x00000d48       0x20 CMakeFiles/06_RTC.dir/BSP/bsp_sdram.c.obj
 .debug_aranges
                0x00000d68       0xb0 CMakeFiles/06_RTC.dir/BSP/bsp_lcd.c.obj
 .debug_aranges
                0x00000e18       0x18 CMakeFiles/06_RTC.dir/BSP/fonts/font16.c.obj
 .debug_aranges
                0x00000e30       0x18 CMakeFiles/06_RTC.dir/BSP/fonts/font24.c.obj
 .debug_aranges
                0x00000e48       0x78 C:/Users/ASUS/AppData/Local/stm32cube/bundles/gnu-tools-for-stm32/14.3.1+st.2/bin/../lib/gcc/arm-none-eabi/14.3.1/../../../../arm-none-eabi/lib/thumb/v7e-m+fp/hard\libg_nano.a(libc_a-findfp.o)
 .debug_aranges
                0x00000ec0       0x28 C:/Users/ASUS/AppData/Local/stm32cube/bundles/gnu-tools-for-stm32/14.3.1+st.2/bin/../lib/gcc/arm-none-eabi/14.3.1/../../../../arm-none-eabi/lib/thumb/v7e-m+fp/hard\libg_nano.a(libc_a-vsnprintf.o)
 .debug_aranges
                0x00000ee8       0x20 C:/Users/ASUS/AppData/Local/stm32cube/bundles/gnu-tools-for-stm32/14.3.1+st.2/bin/../lib/gcc/arm-none-eabi/14.3.1/../../../../arm-none-eabi/lib/thumb/v7e-m+fp/hard\libg_nano.a(libc_a-memset.o)
 .debug_aranges
                0x00000f08       0x20 C:/Users/ASUS/AppData/Local/stm32cube/bundles/gnu-tools-for-stm32/14.3.1+st.2/bin/../lib/gcc/arm-none-eabi/14.3.1/../../../../arm-none-eabi/lib/thumb/v7e-m+fp/hard\libg_nano.a(libc_a-reent.o)
 .debug_aranges
                0x00000f28       0x18 C:/Users/ASUS/AppData/Local/stm32cube/bundles/gnu-tools-for-stm32/14.3.1+st.2/bin/../lib/gcc/arm-none-eabi/14.3.1/../../../../arm-none-eabi/lib/thumb/v7e-m+fp/hard\libg_nano.a(libc_a-impure.o)
 .debug_aranges
                0x00000f40       0x20 C:/Users/ASUS/AppData/Local/stm32cube/bundles/gnu-tools-for-stm32/14.3.1+st.2/bin/../lib/gcc/arm-none-eabi/14.3.1/../../../../arm-none-eabi/lib/thumb/v7e-m+fp/hard\libg_nano.a(libc_a-errno.o)
 .debug_aranges
                0x00000f60       0x20 C:/Users/ASUS/AppData/Local/stm32cube/bundles/gnu-tools-for-stm32/14.3.1+st.2/bin/../lib/gcc/arm-none-eabi/14.3.1/../../../../arm-none-eabi/lib/thumb/v7e-m+fp/hard\libg_nano.a(libc_a-init.o)
 .debug_aranges
                0x00000f80       0x68 C:/Users/ASUS/AppData/Local/stm32cube/bundles/gnu-tools-for-stm32/14.3.1+st.2/bin/../lib/gcc/arm-none-eabi/14.3.1/../../../../arm-none-eabi/lib/thumb/v7e-m+fp/hard\libg_nano.a(libc_a-lock.o)
 .debug_aranges