Archive member included to satisfy reference by file (symbol)

C:/Users/ASUS/AppData/Local/stm32cube/bundles/gnu-tools-for-stm32/14.3.1+st.2/bin/../lib/gcc/arm-none-eabi/14.3.1/thumb/v7e-m+fp/hard\libgcc.a(_aeabi_uldivmod.o)
                              cmake/stm32cubemx/CMakeFiles/STM32_Drivers.dir/__/__/Drivers/STM32F4xx_HAL_Driver/Src/stm32f4xx_hal_rcc.c.obj (__aeabi_uldivmod)
C:/Users/ASUS/AppData/Local/stm32cube/bundles/gnu-tools-for-stm32/14.3.1+st.2/bin/../lib/gcc/arm-none-eabi/14.3.1/thumb/v7e-m+fp/hard\libgcc.a(_udivmoddi4.o)
                              C:/Users/ASUS/AppData/Local/stm32cube/bundles/gnu-tools-for-stm32/14.3.1+st.2/bin/../lib/gcc/arm-none-eabi/14.3.1/thumb/v7e-m+fp/hard\libgcc.a(_aeabi_uldivmod.o) (__udivmoddi4)
C:/Users/ASUS/AppData/Local/stm32cube/bundles/gnu-tools-for-stm32/14.3.1+st.2/bin/../lib/gcc/arm-none-eabi/14.3.1/thumb/v7e-m+fp/hard\libgcc.a(_dvmd_tls.o)
                              C:/Users/ASUS/AppData/Local/stm32cube/bundles/gnu-tools-for-stm32/14.3.1+st.2/bin/../lib/gcc/arm-none-eabi/14.3.1/thumb/v7e-m+fp/hard\libgcc.a(_aeabi_uldivmod.o) (__aeabi_ldiv0)
C:/Users/ASUS/AppData/Local/stm32cube/bundles/gnu-tools-for-stm32/14.3.1+st.2/bin/../lib/gcc/arm-none-eabi/14.3.1/../../../../arm-none-eabi/lib/thumb/v7e-m+fp/hard\libg_nano.a(libc_a-exit.o)
                              C:/Users/ASUS/AppData/Local/stm32cube/bundles/gnu-tools-for-stm32/14.3.1+st.2/bin/../lib/gcc/arm-none-eabi/14.3.1/../../../../arm-none-eabi/lib/thumb/v7e-m+fp/hard/crt0.o (exit)
C:/Users/ASUS/AppData/Local/stm32cube/bundles/gnu-tools-for-stm32/14.3.1+st.2/bin/../lib/gcc/arm-none-eabi/14.3.1/../../../../arm-none-eabi/lib/thumb/v7e-m+fp/hard\libg_nano.a(libc_a-findfp.o)
                              C:/Users/ASUS/AppData/Local/stm32cube/bundles/gnu-tools-for-stm32/14.3.1+st.2/bin/../lib/gcc/arm-none-eabi/14.3.1/../../../../arm-none-eabi/lib/thumb/v7e-m+fp/hard\libg_nano.a(libc_a-exit.o) (__stdio_exit_handler)
C:/Users/ASUS/AppData/Local/stm32cube/bundles/gnu-tools-for-stm32/14.3.1+st.2/bin/../lib/gcc/arm-none-eabi/14.3.1/../../../../arm-none-eabi/lib/thumb/v7e-m+fp/hard\libg_nano.a(libc_a-fwalk.o)
                              C:/Users/ASUS/AppData/Local/stm32cube/bundles/gnu-tools-for-stm32/14.3.1+st.2/bin/../lib/gcc/arm-none-eabi/14.3.1/../../../../arm-none-eabi/lib/thumb/v7e-m+fp/hard\libg_nano.a(libc_a-findfp.o) (_fwalk_sglue)
C:/Users/ASUS/AppData/Local/stm32cube/bundles/gnu-tools-for-stm32/14.3.1+st.2/bin/../lib/gcc/arm-none-eabi/14.3.1/../../../../arm-none-eabi/lib/thumb/v7e-m+fp/hard\libg_nano.a(libc_a-puts.o)
                              CMakeFiles/06_RTC.dir/Core/Src/main.c.obj (puts)
C:/Users/ASUS/AppData/Local/stm32cube/bundles/gnu-tools-for-stm32/14.3.1+st.2/bin/../lib/gcc/arm-none-eabi/14.3.1/../../../../arm-none-eabi/lib/thumb/v7e-m+fp/hard\libg_nano.a(libc_a-stdio.o)
                              C:/Users/ASUS/AppData/Local/stm32cube/bundles/gnu-tools-for-stm32/14.3.1+st.2/bin/../lib/gcc/arm-none-eabi/14.3.1/../../../../arm-none-eabi/lib/thumb/v7e-m+fp/hard\libg_nano.a(libc_a-findfp.o) (__sread)
C:/Users/ASUS/AppData/Local/stm32cube/bundles/gnu-tools-for-stm32/14.3.1+st.2/bin/../lib/gcc/arm-none-eabi/14.3.1/../../../../arm-none-eabi/lib/thumb/v7e-m+fp/hard\libg_nano.a(libc_a-vsnprintf.o)
                              CMakeFiles/06_RTC.dir/BSP/bsp_lcd.c.obj (vsnprintf)
C:/Users/ASUS/AppData/Local/stm32cube/bundles/gnu-tools-for-stm32/14.3.1+st.2/bin/../lib/gcc/arm-none-eabi/14.3.1/../../../../arm-none-eabi/lib/thumb/v7e-m+fp/hard\libg_nano.a(libc_a-wbuf.o)
                              C:/Users/ASUS/AppData/Local/stm32cube/bundles/gnu-tools-for-stm32/14.3.1+st.2/bin/../lib/gcc/arm-none-eabi/14.3.1/../../../../arm-none-eabi/lib/thumb/v7e-m+fp/hard\libg_nano.a(libc_a-puts.o) (__swbuf_r)
C:/Users/ASUS/AppData/Local/stm32cube/bundles/gnu-tools-for-stm32/14.3.1+st.2/bin/../lib/gcc/arm-none-eabi/14.3.1/../../../../arm-none-eabi/lib/thumb/v7e-m+fp/hard\libg_nano.a(libc_a-wsetup.o)
                              C:/Users/ASUS/AppData/Local/stm32cube/bundles/gnu-tools-for-stm32/14.3.1+st.2/bin/../lib/gcc/arm-none-eabi/14.3.1/../../../../arm-none-eabi/lib/thumb/v7e-m+fp/hard\libg_nano.a(libc_a-puts.o) (__swsetup_r)
C:/Users/ASUS/AppData/Local/stm32cube/bundles/gnu-tools-for-stm32/14.3.1+st.2/bin/../lib/gcc/arm-none-eabi/14.3.1/../../../../arm-none-eabi/lib/thumb/v7e-m+fp/hard\libg_nano.a(libc_a-memset.o)
                              C:/Users/ASUS/AppData/Local/stm32cube/bundles/gnu-tools-for-stm32/14.3.1+st.2/bin/../lib/gcc/arm-none-eabi/14.3.1/../../../../arm-none-eabi/lib/thumb/v7e-m+fp/hard/crt0.o (memset)
C:/Users/ASUS/AppData/Local/stm32cube/bundles/gnu-tools-for-stm32/14.3.1+st.2/bin/../lib/gcc/arm-none-eabi/14.3.1/../../../../arm-none-eabi/lib/thumb/v7e-m+fp/hard\libg_nano.a(libc_a-closer.o)
[...]
Memory Configuration

Name             Origin             Length             Attributes
RAM              0x20000000         0x00030000         xrw
CCMRAM           0x10000000         0x00010000         xrw
FLASH            0x08000000         0x00100000         xr
*default*        0x00000000         0xffffffff

Linker script and memory map

LOAD C:/Users/ASUS/AppData/Local/stm32cube/bundles/gnu-tools-for-stm32/14.3.1+st.2/bin/../lib/gcc/arm-none-eabi/14.3.1/thumb/v7e-m+fp/hard/crti.o
LOAD C:/Users/ASUS/AppData/Local/stm32cube/bundles/gnu-tools-for-stm32/14.3.1+st.2/bin/../lib/gcc/arm-none-eabi/14.3.1/thumb/v7e-m+fp/hard/crtbegin.o
LOAD C:/Users/ASUS/AppData/Local/stm32cube/bundles/gnu-tools-for-stm32/14.3.1+st.2/bin/../lib/gcc/arm-none-eabi/14.3.1/../../../../arm-none-eabi/lib/thumb/v7e-m+fp/hard/crt0.o
LOAD cmake/stm32cubemx/CMakeFiles/STM32_Drivers.dir/__/__/Core/Src/system_stm32f4xx.c.obj
LOAD cmake/stm32cubemx/CMakeFiles/STM32_Drivers.dir/__/__/Drivers/STM32F4xx_HAL_Driver/Src/stm32f4xx_hal_dma2d.c.obj
LOAD cmake/stm32cubemx/CMakeFiles/STM32_Drivers.dir/__/__/Drivers/STM32F4xx_HAL_Driver/Src/stm32f4xx_hal_rcc.c.obj
LOAD cmake/stm32cubemx/CMakeFiles/STM32_Drivers.dir/__/__/Drivers/STM32F4xx_HAL_Driver/Src/stm32f4xx_hal_rcc_ex.c.obj
LOAD cmake/stm32cubemx/CMakeFiles/STM32_Drivers.dir/__/__/Drivers/STM32F4xx_HAL_Driver/Src/stm32f4xx_hal_flash.c.obj
LOAD cmake/stm32cubemx/CMakeFiles/STM32_Drivers.dir/__/__/Drivers/STM32F4xx_HAL_Driver/Src/stm32f4xx_hal_flash_ex.c.obj
LOAD cmake/stm32cubemx/CMakeFiles/STM32_Drivers.dir/__/__/Drivers/STM32F4xx_HAL_Driver/Src/stm32f4xx_hal_flash_ramfunc.c.obj
LOAD cmake/stm32cubemx/CMakeFiles/STM32_Drivers.dir/__/__/Drivers/STM32F4xx_HAL_Driver/Src/stm32f4xx_hal_gpio.c.obj
LOAD cmake/stm32cubemx/CMakeFiles/STM32_Drivers.dir/__/__/Drivers/STM32F4xx_HAL_Driver/Src/stm32f4xx_hal_dma_ex.c.obj
LOAD cmake/stm32cubemx/CMakeFiles/STM32_Drivers.dir/__/__/Drivers/STM32F4xx_HAL_Driver/Src/stm32f4xx_hal_dma.c.obj
LOAD cmake/stm32cubemx/CMakeFiles/STM32_Drivers.dir/__/__/Drivers/STM32F4xx_HAL_Driver/Src/stm32f4xx_hal_pwr.c.obj
LOAD cmake/stm32cubemx/CMakeFiles/STM32_Drivers.dir/__/__/Drivers/STM32F4xx_HAL_Driver/Src/stm32f4xx_hal_pwr_ex.c.obj
LOAD cmake/stm32cubemx/CMakeFiles/STM32_Drivers.dir/__/__/Drivers/STM32F4xx_HAL_Driver/Src/stm32f4xx_hal_cortex.c.obj
LOAD cmake/stm32cubemx/CMakeFiles/STM32_Drivers.dir/__/__/Drivers/STM32F4xx_HAL_Driver/Src/stm32f4xx_hal.c.obj
LOAD cmake/stm32cubemx/CMakeFiles/STM32_Drivers.dir/__/__/Drivers/STM32F4xx_HAL_Driver/Src/stm32f4xx_hal_exti.c.obj
LOAD cmake/stm32cubemx/CMakeFiles/STM32_Drivers.dir/__/__/Drivers/STM32F4xx_HAL_Driver/Src/stm32f4xx_ll_fmc.c.obj
LOAD cmake/stm32cubemx/CMakeFiles/STM32_Drivers.dir/__/__/Drivers/STM32F4xx_HAL_Driver/Src/stm32f4xx_hal_nor.c.obj
LOAD cmake/stm32cubemx/CMakeFiles/STM32_Drivers.dir/__/__/Drivers/STM32F4xx_HAL_Driver/Src/stm32f4xx_hal_sram.c.obj
LOAD cmake/stm32cubemx/CMakeFiles/STM32_Drivers.dir/__/__/Drivers/STM32F4xx_HAL_Driver/Src/stm32f4xx_hal_nand.c.obj
LOAD cmake/stm32cubemx/CMakeFiles/STM32_Drivers.dir/__/__/Drivers/STM32F4xx_HAL_Driver/Src/stm32f4xx_hal_pccard.c.obj
LOAD cmake/stm32cubemx/CMakeFiles/STM32_Drivers.dir/__/__/Drivers/STM32F4xx_HAL_Driver/Src/stm32f4xx_hal_sdram.c.obj
LOAD cmake/stm32cubemx/CMakeFiles/STM32_Drivers.dir/__/__/Drivers/STM32F4xx_HAL_Driver/Src/stm32f4xx_hal_ltdc.c.obj
LOAD cmake/stm32cubemx/CMakeFiles/STM32_Drivers.dir/__/__/Drivers/STM32F4xx_HAL_Driver/Src/stm32f4xx_hal_ltdc_ex.c.obj
LOAD cmake/stm32cubemx/CMakeFiles/STM32_Drivers.dir/__/__/Drivers/STM32F4xx_HAL_Driver/Src/stm32f4xx_hal_dsi.c.obj
LOAD cmake/stm32cubemx/CMakeFiles/STM32_Drivers.dir/__/__/Drivers/STM32F4xx_HAL_Driver/Src/stm32f4xx_hal_rtc.c.obj
LOAD cmake/stm32cubemx/CMakeFiles/STM32_Drivers.dir/__/__/Drivers/STM32F4xx_HAL_Driver/Src/stm32f4xx_hal_rtc_ex.c.obj
LOAD cmake/stm32cubemx/CMakeFiles/STM32_Drivers.dir/__/__/Drivers/STM32F4xx_HAL_Driver/Src/stm32f4xx_hal_uart.c.obj
LOAD CMakeFiles/06_RTC.dir/Core/Src/main.c.obj
LOAD CMakeFiles/06_RTC.dir/Core/Src/gpio.c.obj
LOAD CMakeFiles/06_RTC.dir/Core/Src/dma2d.c.obj
LOAD CMakeFiles/06_RTC.dir/Core/Src/fmc.c.obj
LOAD CMakeFiles/06_RTC.dir/Core/Src/ltdc.c.obj
LOAD CMakeFiles/06_RTC.dir/Core/Src/rtc.c.obj
LOAD CMakeFiles/06_RTC.dir/Core/Src/usart.c.obj
LOAD CMakeFiles/06_RTC.dir/Core/Src/stm32f4xx_it.c.obj
LOAD CMakeFiles/06_RTC.dir/Core/Src/stm32f4xx_hal_msp.c.obj
LOAD CMakeFiles/06_RTC.dir/Core/Src/sysmem.c.obj
LOAD CMakeFiles/06_RTC.dir/Core/Src/syscalls.c.obj
LOAD CMakeFiles/06_RTC.dir/startup_stm32f429xx.s.obj
LOAD CMakeFiles/06_RTC.dir/BSP/bsp_buzzer.c.obj
LOAD CMakeFiles/06_RTC.dir/BSP/bsp_key.c.obj
LOAD CMakeFiles/06_RTC.dir/BSP/bsp_led.c.obj
LOAD CMakeFiles/06_RTC.dir/BSP/bsp_sdram.c.obj
LOAD CMakeFiles/06_RTC.dir/BSP/bsp_uart.c.obj
LOAD CMakeFiles/06_RTC.dir/BSP/bsp_lcd.c.obj
LOAD CMakeFiles/06_RTC.dir/BSP/fonts/font8.c.obj
LOAD CMakeFiles/06_RTC.dir/BSP/fonts/font12.c.obj
LOAD CMakeFiles/06_RTC.dir/BSP/fonts/font16.c.obj
LOAD CMakeFiles/06_RTC.dir/BSP/fonts/font20.c.obj
LOAD CMakeFiles/06_RTC.dir/BSP/fonts/font24.c.obj
LOAD C:/Users/ASUS/AppData/Local/stm32cube/bundles/gnu-tools-for-stm32/14.3.1+st.2/bin/../lib/gcc/arm-none-eabi/14.3.1/../../../../arm-none-eabi/lib/thumb/v7e-m+fp/hard\libm.a
START GROUP
LOAD C:/Users/ASUS/AppData/Local/stm32cube/bundles/gnu-tools-for-stm32/14.3.1+st.2/bin/../lib/gcc/arm-none-eabi/14.3.1/thumb/v7e-m+fp/hard\libgcc.a
LOAD C:/Users/ASUS/AppData/Local/stm32cube/bundles/gnu-tools-for-stm32/14.3.1+st.2/bin/../lib/gcc/arm-none-eabi/14.3.1/../../../../arm-none-eabi/lib/thumb/v7e-m+fp/hard\libg_nano.a
LOAD C:/Users/ASUS/AppData/Local/stm32cube/bundles/gnu-tools-for-stm32/14.3.1+st.2/bin/../lib/gcc/arm-none-eabi/14.3.1/../../../../arm-none-eabi/lib/thumb/v7e-m+fp/hard\libc_nano.a
END GROUP
START GROUP
LOAD C:/Users/ASUS/AppData/Local/stm32cube/bundles/gnu-tools-for-stm32/14.3.1+st.2/bin/../lib/gcc/arm-none-eabi/14.3.1/thumb/v7e-m+fp/hard\libgcc.a
LOAD C:/Users/ASUS/AppData/Local/stm32cube/bundles/gnu-tools-for-stm32/14.3.1+st.2/bin/../lib/gcc/arm-none-eabi/14.3.1/../../../../arm-none-eabi/lib/thumb/v7e-m+fp/hard\libc_nano.a
END GROUP
LOAD C:/Users/ASUS/AppData/Local/stm32cube/bundles/gnu-tools-for-stm32/14.3.1+st.2/bin/../lib/gcc/arm-none-eabi/14.3.1/thumb/v7e-m+fp/hard/crtend.o
LOAD C:/Users/ASUS/AppData/Local/stm32cube/bundles/gnu-tools-for-stm32/14.3.1+st.2/bin/../lib/gcc/arm-none-eabi/14.3.1/thumb/v7e-m+fp/hard/crtn.o
                0x20030000                        _estack = (ORIGIN (RAM) + LENGTH (RAM))
                0x2002fc00                        _sstack = (_estack - _Min_Stack_Size)
                0x00000200                        _Min_Heap_Size = 0x200
                0x00000400                        _Min_Stack_Size = 0x400

.isr_vector     0x08000000      0x1ac
                0x08000000                        . = ALIGN (0x4)
 *(.isr_vector)
 .isr_vector    0x08000000      0x1ac CMakeFiles/06_RTC.dir/startup_stm32f429xx.s.obj
                0x08000000                g_pfnVectors
                0x080001ac                        . = ALIGN (0x4)

.text           0x080001b0     0x6c60
                0x080001b0                        . = ALIGN (0x4)
 *(.text)
 .text          0x080001b0       0x40 C:/Users/ASUS/AppData/Local/stm32cube/bundles/gnu-tools-for-stm32/14.3.1+st.2/bin/../lib/gcc/arm-none-eabi/14.3.1/thumb/v7e-m+fp/hard/crtbegin.o
 .text          0x080001f0       0x30 C:/Users/ASUS/AppData/Local/stm32cube/bundles/gnu-tools-for-stm32/14.3.1+st.2/bin/../lib/gcc/arm-none-eabi/14.3.1/thumb/v7e-m+fp/hard\libgcc.a(_aeabi_uldivmod.o)
                0x080001f0                __aeabi_uldivmod
 .text          0x08000220      0x2f8 C:/Users/ASUS/AppData/Local/stm32cube/bundles/gnu-tools-for-stm32/14.3.1+st.2/bin/../lib/gcc/arm-none-eabi/14.3.1/thumb/v7e-m+fp/hard\libgcc.a(_udivmoddi4.o)
                0x08000220                __udivmoddi4
 .text          0x08000518        0x4 C:/Users/ASUS/AppData/Local/stm32cube/bundles/gnu-tools-for-stm32/14.3.1+st.2/bin/../lib/gcc/arm-none-eabi/14.3.1/thumb/v7e-m+fp/hard\libgcc.a(_dvmd_tls.o)
                0x08000518                __aeabi_idiv0
                0x08000518                __aeabi_ldiv0
 *fill*         0x0800051c        0x4 
 .text          0x08000520       0xa0 C:/Users/ASUS/AppData/Local/stm32cube/bundles/gnu-tools-for-stm32/14.3.1+st.2/bin/../lib/gcc/arm-none-eabi/14.3.1/../../../../arm-none-eabi/lib/thumb/v7e-m+fp/hard\libg_nano.a(libc_a-memchr.o)
                0x08000520                memchr
 *(.text*)
 .text.SystemInit
                0x080005c0       0x24 cmake/stm32cubemx/CMakeFiles/STM32_Drivers.dir/__/__/Core/Src/system_stm32f4xx.c.obj
                0x080005c0                SystemInit
 .text.HAL_DMA2D_Init
                0x080005e4      0x11c cmake/stm32cubemx/CMakeFiles/STM32_Drivers.dir/__/__/Drivers/STM32F4xx_HAL_Driver/Src/stm32f4xx_hal_dma2d.c.obj
                0x080005e4                HAL_DMA2D_Init
 .text.HAL_RCC_OscConfig
                0x08000700      0x658 cmake/stm32cubemx/CMakeFiles/STM32_Drivers.dir/__/__/Drivers/STM32F4xx_HAL_Driver/Src/stm32f4xx_hal_rcc.c.obj
                0x08000700                HAL_RCC_OscConfig
 .text.HAL_RCC_ClockConfig
                0x08000d58      0x34c cmake/stm32cubemx/CMakeFiles/STM32_Drivers.dir/__/__/Drivers/STM32F4xx_HAL_Driver/Src/stm32f4xx_hal_rcc.c.obj
                0x08000d58                HAL_RCC_ClockConfig
 .text.HAL_RCC_GetSysClockFreq
                0x080010a4      0x188 cmake/stm32cubemx/CMakeFiles/STM32_Drivers.dir/__/__/Drivers/STM32F4xx_HAL_Driver/Src/stm32f4xx_hal_rcc.c.obj
                0x080010a4                HAL_RCC_GetSysClockFreq
 .text.HAL_RCC_GetHCLKFreq
                0x0800122c       0x18 cmake/stm32cubemx/CMakeFiles/STM32_Drivers.dir/__/__/Drivers/STM32F4xx_HAL_Driver/Src/stm32f4xx_hal_rcc.c.obj
                0x0800122c                HAL_RCC_GetHCLKFreq
 .text.HAL_RCC_GetPCLK1Freq
                0x08001244       0x28 cmake/stm32cubemx/CMakeFiles/STM32_Drivers.dir/__/__/Drivers/STM32F4xx_HAL_Driver/Src/stm32f4xx_hal_rcc.c.obj
                0x08001244                HAL_RCC_GetPCLK1Freq
 .text.HAL_RCC_GetPCLK2Freq
                0x0800126c       0x28 cmake/stm32cubemx/CMakeFiles/STM32_Drivers.dir/__/__/Drivers/STM32F4xx_HAL_Driver/Src/stm32f4xx_hal_rcc.c.obj
                0x0800126c                HAL_RCC_GetPCLK2Freq
 .text.HAL_RCCEx_PeriphCLKConfig
                0x08001294      0x6bc cmake/stm32cubemx/CMakeFiles/STM32_Drivers.dir/__/__/Drivers/STM32F4xx_HAL_Driver/Src/stm32f4xx_hal_rcc_ex.c.obj
                0x08001294                HAL_RCCEx_PeriphCLKConfig
 .text.HAL_GPIO_Init
                0x08001950      0x640 cmake/stm32cubemx/CMakeFiles/STM32_Drivers.dir/__/__/Drivers/STM32F4xx_HAL_Driver/Src/stm32f4xx_hal_gpio.c.obj
                0x08001950                HAL_GPIO_Init
 .text.HAL_GPIO_WritePin
                0x08001f90       0x58 cmake/stm32cubemx/CMakeFiles/STM32_Drivers.dir/__/__/Drivers/STM32F4xx_HAL_Driver/Src/stm32f4xx_hal_gpio.c.obj
                0x08001f90                HAL_GPIO_WritePin
 .text.HAL_PWREx_EnableOverDrive
                0x08001fe8       0xa0 cmake/stm32cubemx/CMakeFiles/STM32_Drivers.dir/__/__/Drivers/STM32F4xx_HAL_Driver/Src/stm32f4xx_hal_pwr_ex.c.obj
                0x08001fe8                HAL_PWREx_EnableOverDrive
 .text.__NVIC_SetPriorityGrouping
                0x08002088       0x48 cmake/stm32cubemx/CMakeFiles/STM32_Drivers.dir/__/__/Drivers/STM32F4xx_HAL_Driver/Src/stm32f4xx_hal_cortex.c.obj
 .text.__NVIC_GetPriorityGrouping
                0x080020d0       0x1c cmake/stm32cubemx/CMakeFiles/STM32_Drivers.dir/__/__/Drivers/STM32F4xx_HAL_Driver/Src/stm32f4xx_hal_cortex.c.obj
 .text.__NVIC_SetPriority
                0x080020ec       0x54 cmake/stm32cubemx/CMakeFiles/STM32_Drivers.dir/__/__/Drivers/STM32F4xx_HAL_Driver/Src/stm32f4xx_hal_cortex.c.obj
 .text.NVIC_EncodePriority
                0x08002140       0x66 cmake/stm32cubemx/CMakeFiles/STM32_Drivers.dir/__/__/Drivers/STM32F4xx_HAL_Driver/Src/stm32f4xx_hal_cortex.c.obj
 *fill*         0x080021a6        0x2 
 .text.SysTick_Config
                0x080021a8       0x44 cmake/stm32cubemx/CMakeFiles/STM32_Drivers.dir/__/__/Drivers/STM32F4xx_HAL_Driver/Src/stm32f4xx_hal_cortex.c.obj
 .text.HAL_NVIC_SetPriorityGrouping
                0x080021ec       0x40 cmake/stm32cubemx/CMakeFiles/STM32_Drivers.dir/__/__/Drivers/STM32F4xx_HAL_Driver/Src/stm32f4xx_hal_cortex.c.obj
                0x080021ec                HAL_NVIC_SetPriorityGrouping
 .text.HAL_NVIC_SetPriority
                0x0800222c       0x58 cmake/stm32cubemx/CMakeFiles/STM32_Drivers.dir/__/__/Drivers/STM32F4xx_HAL_Driver/Src/stm32f4xx_hal_cortex.c.obj
                0x0800222c                HAL_NVIC_SetPriority
 .text.HAL_SYSTICK_Config
                0x08002284       0x18 cmake/stm32cubemx/CMakeFiles/STM32_Drivers.dir/__/__/Drivers/STM32F4xx_HAL_Driver/Src/stm32f4xx_hal_cortex.c.obj
                0x08002284                HAL_SYSTICK_Config
 .text.HAL_Init
                0x0800229c       0x44 cmake/stm32cubemx/CMakeFiles/STM32_Drivers.dir/__/__/Drivers/STM32F4xx_HAL_Driver/Src/stm32f4xx_hal.c.obj
                0x0800229c                HAL_Init
 .text.HAL_InitTick
                0x080022e0       0x60 cmake/stm32cubemx/CMakeFiles/STM32_Drivers.dir/__/__/Drivers/STM32F4xx_HAL_Driver/Src/stm32f4xx_hal.c.obj
                0x080022e0                HAL_InitTick
 .text.HAL_IncTick
                0x08002340       0x28 cmake/stm32cubemx/CMakeFiles/STM32_Drivers.dir/__/__/Drivers/STM32F4xx_HAL_Driver/Src/stm32f4xx_hal.c.obj
                0x08002340                HAL_IncTick
 .text.HAL_GetTick
                0x08002368       0x18 cmake/stm32cubemx/CMakeFiles/STM32_Drivers.dir/__/__/Drivers/STM32F4xx_HAL_Driver/Src/stm32f4xx_hal.c.obj
                0x08002368                HAL_GetTick
 .text.HAL_Delay
                0x08002380       0x48 cmake/stm32cubemx/CMakeFiles/STM32_Drivers.dir/__/__/Drivers/STM32F4xx_HAL_Driver/Src/stm32f4xx_hal.c.obj
                0x08002380                HAL_Delay
 .text.FMC_SDRAM_Init
                0x080023c8      0x21c cmake/stm32cubemx/CMakeFiles/STM32_Drivers.dir/__/__/Drivers/STM32F4xx_HAL_Driver/Src/stm32f4xx_ll_fmc.c.obj
                0x080023c8                FMC_SDRAM_Init
 .text.FMC_SDRAM_Timing_Init
                0x080025e4      0x1b4 cmake/stm32cubemx/CMakeFiles/STM32_Drivers.dir/__/__/Drivers/STM32F4xx_HAL_Driver/Src/stm32f4xx_ll_fmc.c.obj
                0x080025e4                FMC_SDRAM_Timing_Init
 .text.FMC_SDRAM_SendCommand
                0x08002798      0x128 cmake/stm32cubemx/CMakeFiles/STM32_Drivers.dir/__/__/Drivers/STM32F4xx_HAL_Driver/Src/stm32f4xx_ll_fmc.c.obj
                0x08002798                FMC_SDRAM_SendCommand
 .text.FMC_SDRAM_SetAutoRefreshNumber
                0x080028c0       0x58 cmake/stm32cubemx/CMakeFiles/STM32_Drivers.dir/__/__/Drivers/STM32F4xx_HAL_Driver/Src/stm32f4xx_ll_fmc.c.obj
                0x080028c0                FMC_SDRAM_SetAutoRefreshNumber
 .text.HAL_SDRAM_Init
                0x08002918       0x68 cmake/stm32cubemx/CMakeFiles/STM32_Drivers.dir/__/__/Drivers/STM32F4xx_HAL_Driver/Src/stm32f4xx_hal_sdram.c.obj
                0x08002918                HAL_SDRAM_Init
 .text.HAL_SDRAM_Read_32b
                0x08002980       0x9a cmake/stm32cubemx/CMakeFiles/STM32_Drivers.dir/__/__/Drivers/STM32F4xx_HAL_Driver/Src/stm32f4xx_hal_sdram.c.obj
                0x08002980                HAL_SDRAM_Read_32b
 .text.HAL_SDRAM_Write_32b
                0x08002a1a       0x98 cmake/stm32cubemx/CMakeFiles/STM32_Drivers.dir/__/__/Drivers/STM32F4xx_HAL_Driver/Src/stm32f4xx_hal_sdram.c.obj
                0x08002a1a                HAL_SDRAM_Write_32b
 .text.HAL_SDRAM_SendCommand
                0x08002ab2       0x6a cmake/stm32cubemx/CMakeFiles/STM32_Drivers.dir/__/__/Drivers/STM32F4xx_HAL_Driver/Src/stm32f4xx_hal_sdram.c.obj
                0x08002ab2                HAL_SDRAM_SendCommand
 .text.HAL_SDRAM_SetAutoRefreshNumber
                0x08002b1c       0x50 cmake/stm32cubemx/CMakeFiles/STM32_Drivers.dir/__/__/Drivers/STM32F4xx_HAL_Driver/Src/stm32f4xx_hal_sdram.c.obj
                0x08002b1c                HAL_SDRAM_SetAutoRefreshNumber
 .text.HAL_LTDC_Init
                0x08002b6c      0x24c cmake/stm32cubemx/CMakeFiles/STM32_Drivers.dir/__/__/Drivers/STM32F4xx_HAL_Driver/Src/stm32f4xx_hal_ltdc.c.obj
                0x08002b6c                HAL_LTDC_Init
 .text.HAL_LTDC_ConfigLayer
                0x08002db8      0x1b0 cmake/stm32cubemx/CMakeFiles/STM32_Drivers.dir/__/__/Drivers/STM32F4xx_HAL_Driver/Src/stm32f4xx_hal_ltdc.c.obj
                0x08002db8                HAL_LTDC_ConfigLayer
 .text.LTDC_SetConfig
                0x08002f68      0x2e6 cmake/stm32cubemx/CMakeFiles/STM32_Drivers.dir/__/__/Drivers/STM32F4xx_HAL_Driver/Src/stm32f4xx_hal_ltdc.c.obj
 *fill*         0x0800324e        0x2 
 .text.HAL_RTC_Init
                0x08003250      0x1c8 cmake/stm32cubemx/CMakeFiles/STM32_Drivers.dir/__/__/Drivers/STM32F4xx_HAL_Driver/Src/stm32f4xx_hal_rtc.c.obj
                0x08003250                HAL_RTC_Init
 .text.HAL_RTC_SetTime
                0x08003418      0x290 cmake/stm32cubemx/CMakeFiles/STM32_Drivers.dir/__/__/Drivers/STM32F4xx_HAL_Driver/Src/stm32f4xx_hal_rtc.c.obj
                0x08003418                HAL_RTC_SetTime
 .text.HAL_RTC_GetTime
                0x080036a8       0xd8 cmake/stm32cubemx/CMakeFiles/STM32_Drivers.dir/__/__/Drivers/STM32F4xx_HAL_Driver/Src/stm32f4xx_hal_rtc.c.obj
                0x080036a8                HAL_RTC_GetTime
 .text.HAL_RTC_SetDate
                0x08003780      0x218 cmake/stm32cubemx/CMakeFiles/STM32_Drivers.dir/__/__/Drivers/STM32F4xx_HAL_Driver/Src/stm32f4xx_hal_rtc.c.obj
                0x08003780                HAL_RTC_SetDate
 .text.HAL_RTC_GetDate
                0x08003998       0xb8 cmake/stm32cubemx/CMakeFiles/STM32_Drivers.dir/__/__/Drivers/STM32F4xx_HAL_Driver/Src/stm32f4xx_hal_rtc.c.obj
                0x08003998                HAL_RTC_GetDate
 .text.HAL_RTC_WaitForSynchro
                0x08003a50       0x4c cmake/stm32cubemx/CMakeFiles/STM32_Drivers.dir/__/__/Drivers/STM32F4xx_HAL_Driver/Src/stm32f4xx_hal_rtc.c.obj
                0x08003a50                HAL_RTC_WaitForSynchro
 .text.RTC_EnterInitMode
                0x08003a9c       0x6e cmake/stm32cubemx/CMakeFiles/STM32_Drivers.dir/__/__/Drivers/STM32F4xx_HAL_Driver/Src/stm32f4xx_hal_rtc.c.obj
                0x08003a9c                RTC_EnterInitMode
 .text.RTC_ExitInitMode
                0x08003b0a       0x4a cmake/stm32cubemx/CMakeFiles/STM32_Drivers.dir/__/__/Drivers/STM32F4xx_HAL_Driver/Src/stm32f4xx_hal_rtc.c.obj
                0x08003b0a                RTC_ExitInitMode
 .text.RTC_ByteToBcd2
                0x08003b54       0x3c cmake/stm32cubemx/CMakeFiles/STM32_Drivers.dir/__/__/Drivers/STM32F4xx_HAL_Driver/Src/stm32f4xx_hal_rtc.c.obj
                0x08003b54                RTC_ByteToBcd2
 .text.RTC_Bcd2ToByte
                0x08003b90       0x3c cmake/stm32cubemx/CMakeFiles/STM32_Drivers.dir/__/__/Drivers/STM32F4xx_HAL_Driver/Src/stm32f4xx_hal_rtc.c.obj
                0x08003b90                RTC_Bcd2ToByte
 .text.HAL_UART_Init
                0x08003bcc      0x1c4 cmake/stm32cubemx/CMakeFiles/STM32_Drivers.dir/__/__/Drivers/STM32F4xx_HAL_Driver/Src/stm32f4xx_hal_uart.c.obj
                0x08003bcc                HAL_UART_Init
 .text.UART_SetConfig
                0x08003d90      0x574 cmake/stm32cubemx/CMakeFiles/STM32_Drivers.dir/__/__/Drivers/STM32F4xx_HAL_Driver/Src/stm32f4xx_hal_uart.c.obj
 .text.main     0x08004304      0x104 CMakeFiles/06_RTC.dir/Core/Src/main.c.obj
                0x08004304                main
 .text.SystemClock_Config
                0x08004408       0xe4 CMakeFiles/06_RTC.dir/Core/Src/main.c.obj
                0x08004408                SystemClock_Config
 .text.Error_Handler
                0x080044ec       0x12 CMakeFiles/06_RTC.dir/Core/Src/main.c.obj
                0x080044ec                Error_Handler
 .text.assert_failed
                0x080044fe       0x16 CMakeFiles/06_RTC.dir/Core/Src/main.c.obj
                0x080044fe                assert_failed
 .text.MX_GPIO_Init
                0x08004514      0x1e0 CMakeFiles/06_RTC.dir/Core/Src/gpio.c.obj
                0x08004514                MX_GPIO_Init
 .text.MX_DMA2D_Init
                0x080046f4       0x3c CMakeFiles/06_RTC.dir/Core/Src/dma2d.c.obj
                0x080046f4                MX_DMA2D_Init
 .text.HAL_DMA2D_MspInit
                0x08004730       0x44 CMakeFiles/06_RTC.dir/Core/Src/dma2d.c.obj
                0x08004730                HAL_DMA2D_MspInit
 .text.MX_FMC_Init
                0x08004774       0xa0 CMakeFiles/06_RTC.dir/Core/Src/fmc.c.obj
                0x08004774                MX_FMC_Init
 .text.HAL_FMC_MspInit
                0x08004814      0x124 CMakeFiles/06_RTC.dir/Core/Src/fmc.c.obj
 .text.HAL_SDRAM_MspInit
                0x08004938       0x14 CMakeFiles/06_RTC.dir/Core/Src/fmc.c.obj
                0x08004938                HAL_SDRAM_MspInit
 .text.MX_LTDC_Init
                0x0800494c      0x17c CMakeFiles/06_RTC.dir/Core/Src/ltdc.c.obj
                0x0800494c                MX_LTDC_Init
 .text.HAL_LTDC_MspInit
                0x08004ac8      0x2f0 CMakeFiles/06_RTC.dir/Core/Src/ltdc.c.obj
                0x08004ac8                HAL_LTDC_MspInit
 .text.MX_RTC_Init
                0x08004db8       0xb4 CMakeFiles/06_RTC.dir/Core/Src/rtc.c.obj
                0x08004db8                MX_RTC_Init
 .text.HAL_RTC_MspInit
                0x08004e6c       0x54 CMakeFiles/06_RTC.dir/Core/Src/rtc.c.obj
                0x08004e6c                HAL_RTC_MspInit
 .text.MX_USART1_UART_Init
                0x08004ec0       0x54 CMakeFiles/06_RTC.dir/Core/Src/usart.c.obj
                0x08004ec0                MX_USART1_UART_Init
 .text.HAL_UART_MspInit
                0x08004f14       0x90 CMakeFiles/06_RTC.dir/Core/Src/usart.c.obj
                0x08004f14                HAL_UART_MspInit
 .text.NMI_Handler
                0x08004fa4        0x8 CMakeFiles/06_RTC.dir/Core/Src/stm32f4xx_it.c.obj
                0x08004fa4                NMI_Handler
 .text.HardFault_Handler
                0x08004fac        0x8 CMakeFiles/06_RTC.dir/Core/Src/stm32f4xx_it.c.obj
                0x08004fac                HardFault_Handler
 .text.MemManage_Handler
                0x08004fb4        0x8 CMakeFiles/06_RTC.dir/Core/Src/stm32f4xx_it.c.obj
                0x08004fb4                MemManage_Handler
 .text.BusFault_Handler
                0x08004fbc        0x8 CMakeFiles/06_RTC.dir/Core/Src/stm32f4xx_it.c.obj
                0x08004fbc                BusFault_Handler
 .text.UsageFault_Handler
                0x08004fc4        0x8 CMakeFiles/06_RTC.dir/Core/Src/stm32f4xx_it.c.obj
                0x08004fc4                UsageFault_Handler
 .text.SVC_Handler
                0x08004fcc        0xe CMakeFiles/06_RTC.dir/Core/Src/stm32f4xx_it.c.obj
                0x08004fcc                SVC_Handler
 .text.DebugMon_Handler
                0x08004fda        0xe CMakeFiles/06_RTC.dir/Core/Src/stm32f4xx_it.c.obj
                0x08004fda                DebugMon_Handler
 .text.PendSV_Handler
                0x08004fe8        0xe CMakeFiles/06_RTC.dir/Core/Src/stm32f4xx_it.c.obj
                0x08004fe8                PendSV_Handler
 .text.SysTick_Handler
                0x08004ff6        0xc CMakeFiles/06_RTC.dir/Core/Src/stm32f4xx_it.c.obj
                0x08004ff6                SysTick_Handler
 *fill*         0x08005002        0x2 
 .text.HAL_MspInit
                0x08005004       0x50 CMakeFiles/06_RTC.dir/Core/Src/stm32f4xx_hal_msp.c.obj
                0x08005004                HAL_MspInit
 .text._sbrk    0x08005054       0x6c CMakeFiles/06_RTC.dir/Core/Src/sysmem.c.obj
                0x08005054                _sbrk
 .text._read    0x080050c0       0x3a CMakeFiles/06_RTC.dir/Core/Src/syscalls.c.obj
                0x080050c0                _read
 .text._write   0x080050fa       0x38 CMakeFiles/06_RTC.dir/Core/Src/syscalls.c.obj
                0x080050fa                _write
 .text._close   0x08005132       0x18 CMakeFiles/06_RTC.dir/Core/Src/syscalls.c.obj
                0x08005132                _close
 .text._fstat   0x0800514a       0x20 CMakeFiles/06_RTC.dir/Core/Src/syscalls.c.obj
                0x0800514a                _fstat
 .text._isatty  0x0800516a       0x16 CMakeFiles/06_RTC.dir/Core/Src/syscalls.c.obj
                0x0800516a                _isatty
 .text._lseek   0x08005180       0x1a CMakeFiles/06_RTC.dir/Core/Src/syscalls.c.obj
                0x08005180                _lseek
 *fill*         0x0800519a        0x2 
 .text.Reset_Handler
                0x0800519c       0x50 CMakeFiles/06_RTC.dir/startup_stm32f429xx.s.obj
                0x0800519c                Reset_Handler
 .text.Default_Handler
                0x080051ec        0x2 CMakeFiles/06_RTC.dir/startup_stm32f429xx.s.obj
                0x080051ec                RTC_Alarm_IRQHandler
                0x080051ec                HASH_RNG_IRQHandler
                0x080051ec                EXTI2_IRQHandler
                0x080051ec                TIM8_CC_IRQHandler
                0x080051ec                UART8_IRQHandler
                0x080051ec                SPI4_IRQHandler
                0x080051ec                TIM1_CC_IRQHandler
                0x080051ec                DMA2_Stream5_IRQHandler
                0x080051ec                DMA1_Stream5_IRQHandler
                0x080051ec                PVD_IRQHandler
                0x080051ec                SDIO_IRQHandler
                0x080051ec                TAMP_STAMP_IRQHandler
                0x080051ec                CAN2_RX1_IRQHandler
                0x080051ec                EXTI3_IRQHandler
                0x080051ec                TIM8_TRG_COM_TIM14_IRQHandler
                0x080051ec                TIM1_UP_TIM10_IRQHandler
                0x080051ec                TIM8_UP_TIM13_IRQHandler
                0x080051ec                I2C3_ER_IRQHandler
                0x080051ec                EXTI0_IRQHandler
                0x080051ec                I2C2_EV_IRQHandler
                0x080051ec                DMA1_Stream2_IRQHandler
                0x080051ec                CAN1_RX0_IRQHandler
                0x080051ec                FPU_IRQHandler
                0x080051ec                OTG_HS_WKUP_IRQHandler
                0x080051ec                LTDC_ER_IRQHandler
                0x080051ec                CAN2_SCE_IRQHandler
                0x080051ec                DMA2_Stream2_IRQHandler
                0x080051ec                SPI1_IRQHandler
                0x080051ec                TIM6_DAC_IRQHandler
                0x080051ec                TIM1_BRK_TIM9_IRQHandler
                0x080051ec                DCMI_IRQHandler
                0x080051ec                CAN2_RX0_IRQHandler
                0x080051ec                DMA2_Stream3_IRQHandler
                0x080051ec                USART6_IRQHandler
                0x080051ec                USART3_IRQHandler
                0x080051ec                CAN1_RX1_IRQHandler
                0x080051ec                UART5_IRQHandler
                0x080051ec                DMA2_Stream0_IRQHandler
                0x080051ec                TIM4_IRQHandler
                0x080051ec                I2C1_EV_IRQHandler
                0x080051ec                DMA1_Stream6_IRQHandler
                0x080051ec                DMA1_Stream1_IRQHandler
                0x080051ec                UART4_IRQHandler
                0x080051ec                TIM3_IRQHandler
                0x080051ec                RCC_IRQHandler
                0x080051ec                TIM8_BRK_TIM12_IRQHandler
                0x080051ec                Default_Handler
                0x080051ec                EXTI15_10_IRQHandler
                0x080051ec                ADC_IRQHandler
                0x080051ec                DMA1_Stream7_IRQHandler
                0x080051ec                SPI5_IRQHandler
                0x080051ec                TIM7_IRQHandler
                0x080051ec                CAN2_TX_IRQHandler
                0x080051ec                TIM5_IRQHandler
                0x080051ec                DMA2_Stream7_IRQHandler
                0x080051ec                I2C3_EV_IRQHandler
                0x080051ec                EXTI9_5_IRQHandler
                0x080051ec                RTC_WKUP_IRQHandler
                0x080051ec                LTDC_IRQHandler
                0x080051ec                ETH_WKUP_IRQHandler
                0x080051ec                SPI2_IRQHandler
                0x080051ec                OTG_HS_EP1_IN_IRQHandler
                0x080051ec                DMA1_Stream0_IRQHandler
                0x080051ec                CAN1_TX_IRQHandler
                0x080051ec                EXTI4_IRQHandler
                0x080051ec                ETH_IRQHandler
                0x080051ec                OTG_HS_EP1_OUT_IRQHandler
                0x080051ec                WWDG_IRQHandler
                0x080051ec                SPI6_IRQHandler
                0x080051ec                TIM2_IRQHandler
                0x080051ec                OTG_FS_WKUP_IRQHandler
                0x080051ec                TIM1_TRG_COM_TIM11_IRQHandler
                0x080051ec                OTG_HS_IRQHandler
                0x080051ec                DMA2D_IRQHandler
                0x080051ec                EXTI1_IRQHandler
                0x080051ec                UART7_IRQHandler
                0x080051ec                USART2_IRQHandler
                0x080051ec                I2C2_ER_IRQHandler
                0x080051ec                DMA2_Stream1_IRQHandler
                0x080051ec                CAN1_SCE_IRQHandler
                0x080051ec                FLASH_IRQHandler
                0x080051ec                DMA2_Stream4_IRQHandler
                0x080051ec                USART1_IRQHandler
                0x080051ec                OTG_FS_IRQHandler
                0x080051ec                SPI3_IRQHandler
                0x080051ec                DMA1_Stream4_IRQHandler
                0x080051ec                I2C1_ER_IRQHandler
                0x080051ec                FMC_IRQHandler
                0x080051ec                DMA2_Stream6_IRQHandler
                0x080051ec                SAI1_IRQHandler
                0x080051ec                DMA1_Stream3_IRQHandler
 *fill*         0x080051ee        0x2 
 .text.SDRAM_Initialization_Sequence
                0x080051f0       0xc8 CMakeFiles/06_RTC.dir/BSP/bsp_sdram.c.obj
                0x080051f0                SDRAM_Initialization_Sequence
 .text.LCD_ConvertColor
                0x080052b8       0xd8 CMakeFiles/06_RTC.dir/BSP/bsp_lcd.c.obj
 .text.LCD_MapPixel
                0x08005390       0xa0 CMakeFiles/06_RTC.dir/BSP/bsp_lcd.c.obj
 .text.LCD_MapWindow
                0x08005430      0x10c CMakeFiles/06_RTC.dir/BSP/bsp_lcd.c.obj
 .text.BSP_LCD_SetOrientation
                0x0800553c       0x58 CMakeFiles/06_RTC.dir/BSP/bsp_lcd.c.obj
                0x0800553c                BSP_LCD_SetOrientation
 .text.BSP_LCD_SetPixelFormat
                0x08005594      0x110 CMakeFiles/06_RTC.dir/BSP/bsp_lcd.c.obj
                0x08005594                BSP_LCD_SetPixelFormat
 .text.BSP_LCD_GetLayerAddr
                0x080056a4       0x28 CMakeFiles/06_RTC.dir/BSP/bsp_lcd.c.obj
                0x080056a4                BSP_LCD_GetLayerAddr
 .text.BSP_LCD_GetActiveLayer
                0x080056cc       0x18 CMakeFiles/06_RTC.dir/BSP/bsp_lcd.c.obj
                0x080056cc                BSP_LCD_GetActiveLayer
 .text.BSP_LCD_SetActiveLayer
                0x080056e4       0x2c CMakeFiles/06_RTC.dir/BSP/bsp_lcd.c.obj
                0x080056e4                BSP_LCD_SetActiveLayer
 .text.BSP_LCD_GetLayerWindow
                0x08005710       0x44 CMakeFiles/06_RTC.dir/BSP/bsp_lcd.c.obj
                0x08005710                BSP_LCD_GetLayerWindow
 .text.BSP_LCD_DMA2D_Fill
                0x08005754       0xf4 CMakeFiles/06_RTC.dir/BSP/bsp_lcd.c.obj
                0x08005754                BSP_LCD_DMA2D_Fill
 .text.BSP_LCD_ClearActiveLayer
                0x08005848       0x8c CMakeFiles/06_RTC.dir/BSP/bsp_lcd.c.obj
                0x08005848                BSP_LCD_ClearActiveLayer
 .text.BSP_LCD_FillForeground
                0x080058d4       0x34 CMakeFiles/06_RTC.dir/BSP/bsp_lcd.c.obj
                0x080058d4                BSP_LCD_FillForeground
 .text.BSP_LCD_DrawPixel
                0x08005908      0x114 CMakeFiles/06_RTC.dir/BSP/bsp_lcd.c.obj
                0x08005908                BSP_LCD_DrawPixel
 .text.BSP_LCD_DrawChar
                0x08005a1c      0x174 CMakeFiles/06_RTC.dir/BSP/bsp_lcd.c.obj
                0x08005a1c                BSP_LCD_DrawChar
 .text.BSP_LCD_DrawString
                0x08005b90      0x100 CMakeFiles/06_RTC.dir/BSP/bsp_lcd.c.obj
                0x08005b90                BSP_LCD_DrawString
 .text.BSP_LCD_Printf
                0x08005c90       0x68 CMakeFiles/06_RTC.dir/BSP/bsp_lcd.c.obj
                0x08005c90                BSP_LCD_Printf
 .text.BSP_LCD_SetCursor
                0x08005cf8       0x48 CMakeFiles/06_RTC.dir/BSP/bsp_lcd.c.obj
                0x08005cf8                BSP_LCD_SetCursor
 .text.BSP_LCD_SetColor
                0x08005d40       0x20 CMakeFiles/06_RTC.dir/BSP/bsp_lcd.c.obj
                0x08005d40                BSP_LCD_SetColor
 .text.BSP_LCD_SetBgColor
                0x08005d60       0x20 CMakeFiles/06_RTC.dir/BSP/bsp_lcd.c.obj
                0x08005d60                BSP_LCD_SetBgColor
 .text.BSP_LCD_SetFont
                0x08005d80       0x24 CMakeFiles/06_RTC.dir/BSP/bsp_lcd.c.obj
                0x08005d80                BSP_LCD_SetFont
 .text.std      0x08005da4       0x6c C:/Users/ASUS/AppData/Local/stm32cube/bundles/gnu-tools-for-stm32/14.3.1+st.2/bin/../lib/gcc/arm-none-eabi/14.3.1/../../../../arm-none-eabi/lib/thumb/v7e-m+fp/hard\libg_nano.a(libc_a-findfp.o)
 .text.stdio_exit_handler
                0x08005e10       0x18 C:/Users/ASUS/AppData/Local/stm32cube/bundles/gnu-tools-for-stm32/14.3.1+st.2/bin/../lib/gcc/arm-none-eabi/14.3.1/../../../../arm-none-eabi/lib/thumb/v7e-m+fp/hard\libg_nano.a(libc_a-findfp.o)
 .text.cleanup_stdio
                0x08005e28       0x40 C:/Users/ASUS/AppData/Local/stm32cube/bundles/gnu-tools-for-stm32/14.3.1+st.2/bin/../lib/gcc/arm-none-eabi/14.3.1/../../../../arm-none-eabi/lib/thumb/v7e-m+fp/hard\libg_nano.a(libc_a-findfp.o)
 .text.global_stdio_init.part.0
                0x08005e68       0x40 C:/Users/ASUS/AppData/Local/stm32cube/bundles/gnu-tools-for-stm32/14.3.1+st.2/bin/../lib/gcc/arm-none-eabi/14.3.1/../../../../arm-none-eabi/lib/thumb/v7e-m+fp/hard\libg_nano.a(libc_a-findfp.o)
 .text.__sfp_lock_acquire
                0x08005ea8        0xc C:/Users/ASUS/AppData/Local/stm32cube/bundles/gnu-tools-for-stm32/14.3.1+st.2/bin/../lib/gcc/arm-none-eabi/14.3.1/../../../../arm-none-eabi/lib/thumb/v7e-m+fp/hard\libg_nano.a(libc_a-findfp.o)
                0x08005ea8                __sfp_lock_acquire
 .text.__sfp_lock_release
                0x08005eb4        0xc C:/Users/ASUS/AppData/Local/stm32cube/bundles/gnu-tools-for-stm32/14.3.1+st.2/bin/../lib/gcc/arm-none-eabi/14.3.1/../../../../arm-none-eabi/lib/thumb/v7e-m+fp/hard\libg_nano.a(libc_a-findfp.o)
                0x08005eb4                __sfp_lock_release
 .text.__sinit  0x08005ec0       0x30 C:/Users/ASUS/AppData/Local/stm32cube/bundles/gnu-tools-for-stm32/14.3.1+st.2/bin/../lib/gcc/arm-none-eabi/14.3.1/../../../../arm-none-eabi/lib/thumb/v7e-m+fp/hard\libg_nano.a(libc_a-findfp.o)
                0x08005ec0                __sinit
 .text._fwalk_sglue
                0x08005ef0       0x3c C:/Users/ASUS/AppData/Local/stm32cube/bundles/gnu-tools-for-stm32/14.3.1+st.2/bin/../lib/gcc/arm-none-eabi/14.3.1/../../../../arm-none-eabi/lib/thumb/v7e-m+fp/hard\libg_nano.a(libc_a-fwalk.o)
                0x08005ef0                _fwalk_sglue
 .text._puts_r  0x08005f2c       0xaa C:/Users/ASUS/AppData/Local/stm32cube/bundles/gnu-tools-for-stm32/14.3.1+st.2/bin/../lib/gcc/arm-none-eabi/14.3.1/../../../../arm-none-eabi/lib/thumb/v7e-m+fp/hard\libg_nano.a(libc_a-puts.o)
                0x08005f2c                _puts_r
 *fill*         0x08005fd6        0x2 
 .text.puts     0x08005fd8       0x10 C:/Users/ASUS/AppData/Local/stm32cube/bundles/gnu-tools-for-stm32/14.3.1+st.2/bin/../lib/gcc/arm-none-eabi/14.3.1/../../../../arm-none-eabi/lib/thumb/v7e-m+fp/hard\libg_nano.a(libc_a-puts.o)
                0x08005fd8                puts
 .text.__sread  0x08005fe8       0x22 C:/Users/ASUS/AppData/Local/stm32cube/bundles/gnu-tools-for-stm32/14.3.1+st.2/bin/../lib/gcc/arm-none-eabi/14.3.1/../../../../arm-none-eabi/lib/thumb/v7e-m+fp/hard\libg_nano.a(libc_a-stdio.o)
                0x08005fe8                __sread
 .text.__swrite
                0x0800600a       0x38 C:/Users/ASUS/AppData/Local/stm32cube/bundles/gnu-tools-for-stm32/14.3.1+st.2/bin/../lib/gcc/arm-none-eabi/14.3.1/../../../../arm-none-eabi/lib/thumb/v7e-m+fp/hard\libg_nano.a(libc_a-stdio.o)
                0x0800600a                __swrite
 .text.__sseek  0x08006042       0x26 C:/Users/ASUS/AppData/Local/stm32cube/bundles/gnu-tools-for-stm32/14.3.1+st.2/bin/../lib/gcc/arm-none-eabi/14.3.1/../../../../arm-none-eabi/lib/thumb/v7e-m+fp/hard\libg_nano.a(libc_a-stdio.o)
                0x08006042                __sseek
 .text.__sclose
                0x08006068        0x8 C:/Users/ASUS/AppData/Local/stm32cube/bundles/gnu-tools-for-stm32/14.3.1+st.2/bin/../lib/gcc/arm-none-eabi/14.3.1/../../../../arm-none-eabi/lib/thumb/v7e-m+fp/hard\libg_nano.a(libc_a-stdio.o)
                0x08006068                __sclose
 .text._vsnprintf_r
                0x08006070       0x5c C:/Users/ASUS/AppData/Local/stm32cube/bundles/gnu-tools-for-stm32/14.3.1+st.2/bin/../lib/gcc/arm-none-eabi/14.3.1/../../../../arm-none-eabi/lib/thumb/v7e-m+fp/hard\libg_nano.a(libc_a-vsnprintf.o)
                0x08006070                _vsniprintf_r
                0x08006070                _vsnprintf_r
 .text.vsnprintf
                0x080060cc       0x1c C:/Users/ASUS/AppData/Local/stm32cube/bundles/gnu-tools-for-stm32/14.3.1+st.2/bin/../lib/gcc/arm-none-eabi/14.3.1/../../../../arm-none-eabi/lib/thumb/v7e-m+fp/hard\libg_nano.a(libc_a-vsnprintf.o)
                0x080060cc                vsniprintf
                0x080060cc                vsnprintf
 .text.__swbuf_r
                0x080060e8       0x7c C:/Users/ASUS/AppData/Local/stm32cube/bundles/gnu-tools-for-stm32/14.3.1+st.2/bin/../lib/gcc/arm-none-eabi/14.3.1/../../../../arm-none-eabi/lib/thumb/v7e-m+fp/hard\libg_nano.a(libc_a-wbuf.o)
                0x080060e8                __swbuf_r
 .text.__swsetup_r
                0x08006164       0xa8 C:/Users/ASUS/AppData/Local/stm32cube/bundles/gnu-tools-for-stm32/14.3.1+st.2/bin/../lib/gcc/arm-none-eabi/14.3.1/../../../../arm-none-eabi/lib/thumb/v7e-m+fp/hard\libg_nano.a(libc_a-wsetup.o)
                0x08006164                __swsetup_r
 .text.memset   0x0800620c       0x10 C:/Users/ASUS/AppData/Local/stm32cube/bundles/gnu-tools-for-stm32/14.3.1+st.2/bin/../lib/gcc/arm-none-eabi/14.3.1/../../../../arm-none-eabi/lib/thumb/v7e-m+fp/hard\libg_nano.a(libc_a-memset.o)
                0x0800620c                memset
 .text._close_r
                0x0800621c       0x20 C:/Users/ASUS/AppData/Local/stm32cube/bundles/gnu-tools-for-stm32/14.3.1+st.2/bin/../lib/gcc/arm-none-eabi/14.3.1/../../../../arm-none-eabi/lib/thumb/v7e-m+fp/hard\libg_nano.a(libc_a-closer.o)
                0x0800621c                _close_r
 .text._lseek_r
                0x0800623c       0x24 C:/Users/ASUS/AppData/Local/stm32cube/bundles/gnu-tools-for-stm32/14.3.1+st.2/bin/../lib/gcc/arm-none-eabi/14.3.1/../../../../arm-none-eabi/lib/thumb/v7e-m+fp/hard\libg_nano.a(libc_a-lseekr.o)
                0x0800623c                _lseek_r
 .text._read_r  0x08006260       0x24 C:/Users/ASUS/AppData/Local/stm32cube/bundles/gnu-tools-for-stm32/14.3.1+st.2/bin/../lib/gcc/arm-none-eabi/14.3.1/../../../../arm-none-eabi/lib/thumb/v7e-m+fp/hard\libg_nano.a(libc_a-readr.o)
                0x08006260                _read_r
 .text._write_r
                0x08006284       0x24 C:/Users/ASUS/AppData/Local/stm32cube/bundles/gnu-tools-for-stm32/14.3.1+st.2/bin/../lib/gcc/arm-none-eabi/14.3.1/../../../../arm-none-eabi/lib/thumb/v7e-m+fp/hard\libg_nano.a(libc_a-writer.o)
                0x08006284                _write_r
 .text.__errno  0x080062a8        0xc C:/Users/ASUS/AppData/Local/stm32cube/bundles/gnu-tools-for-stm32/14.3.1+st.2/bin/../lib/gcc/arm-none-eabi/14.3.1/../../../../arm-none-eabi/lib/thumb/v7e-m+fp/hard\libg_nano.a(libc_a-errno.o)
                0x080062a8                __errno
 .text.__libc_init_array
                0x080062b4       0x48 C:/Users/ASUS/AppData/Local/stm32cube/bundles/gnu-tools-for-stm32/14.3.1+st.2/bin/../lib/gcc/arm-none-eabi/14.3.1/../../../../arm-none-eabi/lib/thumb/v7e-m+fp/hard\libg_nano.a(libc_a-init.o)
                0x080062b4                __libc_init_array
 .text.__retarget_lock_init_recursive
                0x080062fc        0x2 C:/Users/ASUS/AppData/Local/stm32cube/bundles/gnu-tools-for-stm32/14.3.1+st.2/bin/../lib/gcc/arm-none-eabi/14.3.1/../../../../arm-none-eabi/lib/thumb/v7e-m+fp/hard\libg_nano.a(libc_a-lock.o)
                0x080062fc                __retarget_lock_init_recursive
 .text.__retarget_lock_acquire_recursive
                0x080062fe        0x2 C:/Users/ASUS/AppData/Local/stm32cube/bundles/gnu-tools-for-stm32/14.3.1+st.2/bin/../lib/gcc/arm-none-eabi/14.3.1/../../../../arm-none-eabi/lib/thumb/v7e-m+fp/hard\libg_nano.a(libc_a-lock.o)
                0x080062fe                __retarget_lock_acquire_recursive
 .text.__retarget_lock_release_recursive
                0x08006300        0x2 C:/Users/ASUS/AppData/Local/stm32cube/bundles/gnu-tools-for-stm32/14.3.1+st.2/bin/../lib/gcc/arm-none-eabi/14.3.1/../../../../arm-none-eabi/lib/thumb/v7e-m+fp/hard\libg_nano.a(libc_a-lock.o)
                0x08006300                __retarget_lock_release_recursive
 *fill*         0x08006302        0x2 
 .text._free_r  0x08006304       0x94 C:/Users/ASUS/AppData/Local/stm32cube/bundles/gnu-tools-for-stm32/14.3.1+st.2/bin/../lib/gcc/arm-none-eabi/14.3.1/../../../../arm-none-eabi/lib/thumb/v7e-m+fp/hard\libg_nano.a(libc_a-freer.o)
                0x08006304                _free_r
 .text.sbrk_aligned
                0x08006398       0x44 C:/Users/ASUS/AppData/Local/stm32cube/bundles/gnu-tools-for-stm32/14.3.1+st.2/bin/../lib/gcc/arm-none-eabi/14.3.1/../../../../arm-none-eabi/lib/thumb/v7e-m+fp/hard\libg_nano.a(libc_a-mallocr.o)
 .text._malloc_r
                0x080063dc      0x100 C:/Users/ASUS/AppData/Local/stm32cube/bundles/gnu-tools-for-stm32/14.3.1+st.2/bin/../lib/gcc/arm-none-eabi/14.3.1/../../../../arm-none-eabi/lib/thumb/v7e-m+fp/hard\libg_nano.a(libc_a-mallocr.o)
                0x080063dc                _malloc_r
 .text.__malloc_lock
                0x080064dc        0xc C:/Users/ASUS/AppData/Local/stm32cube/bundles/gnu-tools-for-stm32/14.3.1+st.2/bin/../lib/gcc/arm-none-eabi/14.3.1/../../../../arm-none-eabi/lib/thumb/v7e-m+fp/hard\libg_nano.a(libc_a-mlock.o)
                0x080064dc                __malloc_lock
 .text.__malloc_unlock
                0x080064e8        0xc C:/Users/ASUS/AppData/Local/stm32cube/bundles/gnu-tools-for-stm32/14.3.1+st.2/bin/../lib/gcc/arm-none-eabi/14.3.1/../../../../arm-none-eabi/lib/thumb/v7e-m+fp/hard\libg_nano.a(libc_a-mlock.o)
                0x080064e8                __malloc_unlock
 .text.__ssputs_r
                0x080064f4       0xc0 C:/Users/ASUS/AppData/Local/stm32cube/bundles/gnu-tools-for-stm32/14.3.1+st.2/bin/../lib/gcc/arm-none-eabi/14.3.1/../../../../arm-none-eabi/lib/thumb/v7e-m+fp/hard\libg_nano.a(libc_a-nano-svfprintf.o)
                0x080064f4                __ssputs_r
 .text._svfprintf_r
                0x080065b4      0x1f0 C:/Users/ASUS/AppData/Local/stm32cube/bundles/gnu-tools-for-stm32/14.3.1+st.2/bin/../lib/gcc/arm-none-eabi/14.3.1/../../../../arm-none-eabi/lib/thumb/v7e-m+fp/hard\libg_nano.a(libc_a-nano-svfprintf.o)
                0x080065b4                _svfiprintf_r
                0x080065b4                _svfprintf_r
 .text._printf_common
                0x080067a4       0xda C:/Users/ASUS/AppData/Local/stm32cube/bundles/gnu-tools-for-stm32/14.3.1+st.2/bin/../lib/gcc/arm-none-eabi/14.3.1/../../../../arm-none-eabi/lib/thumb/v7e-m+fp/hard\libg_nano.a(libc_a-nano-vfprintf_i.o)
                0x080067a4                _printf_common
 *fill*         0x0800687e        0x2 
 .text._printf_i
                0x08006880      0x24c C:/Users/ASUS/AppData/Local/stm32cube/bundles/gnu-tools-for-stm32/14.3.1+st.2/bin/../lib/gcc/arm-none-eabi/14.3.1/../../../../arm-none-eabi/lib/thumb/v7e-m+fp/hard\libg_nano.a(libc_a-nano-vfprintf_i.o)
                0x08006880                _printf_i
 .text.__sflush_r
                0x08006acc      0x104 C:/Users/ASUS/AppData/Local/stm32cube/bundles/gnu-tools-for-stm32/14.3.1+st.2/bin/../lib/gcc/arm-none-eabi/14.3.1/../../../../arm-none-eabi/lib/thumb/v7e-m+fp/hard\libg_nano.a(libc_a-fflush.o)
                0x08006acc                __sflush_r
 .text._fflush_r
                0x08006bd0       0x50 C:/Users/ASUS/AppData/Local/stm32cube/bundles/gnu-tools-for-stm32/14.3.1+st.2/bin/../lib/gcc/arm-none-eabi/14.3.1/../../../../arm-none-eabi/lib/thumb/v7e-m+fp/hard\libg_nano.a(libc_a-fflush.o)
                0x08006bd0                _fflush_r
 .text.__swhatbuf_r
                0x08006c20       0x48 C:/Users/ASUS/AppData/Local/stm32cube/bundles/gnu-tools-for-stm32/14.3.1+st.2/bin/../lib/gcc/arm-none-eabi/14.3.1/../../../../arm-none-eabi/lib/thumb/v7e-m+fp/hard\libg_nano.a(libc_a-makebuf.o)
                0x08006c20                __swhatbuf_r
 .text.__smakebuf_r
                0x08006c68       0x72 C:/Users/ASUS/AppData/Local/stm32cube/bundles/gnu-tools-for-stm32/14.3.1+st.2/bin/../lib/gcc/arm-none-eabi/14.3.1/../../../../arm-none-eabi/lib/thumb/v7e-m+fp/hard\libg_nano.a(libc_a-makebuf.o)
                0x08006c68                __smakebuf_r
 .text.memmove  0x08006cda       0x32 C:/Users/ASUS/AppData/Local/stm32cube/bundles/gnu-tools-for-stm32/14.3.1+st.2/bin/../lib/gcc/arm-none-eabi/14.3.1/../../../../arm-none-eabi/lib/thumb/v7e-m+fp/hard\libg_nano.a(libc_a-memmove.o)
                0x08006cda                memmove
 .text._fstat_r
                0x08006d0c       0x24 C:/Users/ASUS/AppData/Local/stm32cube/bundles/gnu-tools-for-stm32/14.3.1+st.2/bin/../lib/gcc/arm-none-eabi/14.3.1/../../../../arm-none-eabi/lib/thumb/v7e-m+fp/hard\libg_nano.a(libc_a-fstatr.o)
                0x08006d0c                _fstat_r
 .text._isatty_r
                0x08006d30       0x20 C:/Users/ASUS/AppData/Local/stm32cube/bundles/gnu-tools-for-stm32/14.3.1+st.2/bin/../lib/gcc/arm-none-eabi/14.3.1/../../../../arm-none-eabi/lib/thumb/v7e-m+fp/hard\libg_nano.a(libc_a-isattyr.o)
                0x08006d30                _isatty_r
 .text._sbrk_r  0x08006d50       0x20 C:/Users/ASUS/AppData/Local/stm32cube/bundles/gnu-tools-for-stm32/14.3.1+st.2/bin/../lib/gcc/arm-none-eabi/14.3.1/../../../../arm-none-eabi/lib/thumb/v7e-m+fp/hard\libg_nano.a(libc_a-sbrkr.o)
                0x08006d50                _sbrk_r
 .text.memcpy   0x08006d70       0x1c C:/Users/ASUS/AppData/Local/stm32cube/bundles/gnu-tools-for-stm32/14.3.1+st.2/bin/../lib/gcc/arm-none-eabi/14.3.1/../../../../arm-none-eabi/lib/thumb/v7e-m+fp/hard\libg_nano.a(libc_a-memcpy-stub.o)
                0x08006d70                memcpy
 .text._realloc_r
                0x08006d8c       0x5c C:/Users/ASUS/AppData/Local/stm32cube/bundles/gnu-tools-for-stm32/14.3.1+st.2/bin/../lib/gcc/arm-none-eabi/14.3.1/../../../../arm-none-eabi/lib/thumb/v7e-m+fp/hard\libg_nano.a(libc_a-reallocr.o)
                0x08006d8c                _realloc_r
 .text._malloc_usable_size_r
                0x08006de8       0x10 C:/Users/ASUS/AppData/Local/stm32cube/bundles/gnu-tools-for-stm32/14.3.1+st.2/bin/../lib/gcc/arm-none-eabi/14.3.1/../../../../arm-none-eabi/lib/thumb/v7e-m+fp/hard\libg_nano.a(libc_a-msizer.o)
                0x08006de8                _malloc_usable_size_r
 *(.glue_7)
 .glue_7        0x08006df8        0x0 linker stubs
 *(.glue_7t)
 .glue_7t       0x08006df8        0x0 linker stubs
 *(.eh_frame)
 .eh_frame      0x08006df8        0x0 C:/Users/ASUS/AppData/Local/stm32cube/bundles/gnu-tools-for-stm32/14.3.1+st.2/bin/../lib/gcc/arm-none-eabi/14.3.1/thumb/v7e-m+fp/hard/crtbegin.o
 *(.init)
 .init          0x08006df8        0x4 C:/Users/ASUS/AppData/Local/stm32cube/bundles/gnu-tools-for-stm32/14.3.1+st.2/bin/../lib/gcc/arm-none-eabi/14.3.1/thumb/v7e-m+fp/hard/crti.o
                0x08006df8                _init
 .init          0x08006dfc        0x8 C:/Users/ASUS/AppData/Local/stm32cube/bundles/gnu-tools-for-stm32/14.3.1+st.2/bin/../lib/gcc/arm-none-eabi/14.3.1/thumb/v7e-m+fp/hard/crtn.o
 *(.fini)
 .fini          0x08006e04        0x4 C:/Users/ASUS/AppData/Local/stm32cube/bundles/gnu-tools-for-stm32/14.3.1+st.2/bin/../lib/gcc/arm-none-eabi/14.3.1/thumb/v7e-m+fp/hard/crti.o
                0x08006e04                _fini
 .fini          0x08006e08        0x8 C:/Users/ASUS/AppData/Local/stm32cube/bundles/gnu-tools-for-stm32/14.3.1+st.2/bin/../lib/gcc/arm-none-eabi/14.3.1/thumb/v7e-m+fp/hard/crtn.o
                0x08006e10                        . = ALIGN (0x4)
                0x08006e10                        _etext = .

.vfp11_veneer   0x08006e10        0x0
 .vfp11_veneer  0x08006e10        0x0 linker stubs

.v4_bx          0x08006e10        0x0
 .v4_bx         0x08006e10        0x0 linker stubs

.iplt           0x08006e10        0x0
 .iplt          0x08006e10        0x0 C:/Users/ASUS/AppData/Local/stm32cube/bundles/gnu-tools-for-stm32/14.3.1+st.2/bin/../lib/gcc/arm-none-eabi/14.3.1/thumb/v7e-m+fp/hard/crtbegin.o

.rodata         0x08006e10     0x2ab8
                0x08006e10                        . = ALIGN (0x4)
 *(.rodata)
 .rodata        0x08006e10       0x61 cmake/stm32cubemx/CMakeFiles/STM32_Drivers.dir/__/__/Drivers/STM32F4xx_HAL_Driver/Src/stm32f4xx_hal_dma2d.c.obj
 *fill*         0x08006e71        0x3 
 .rodata        0x08006e74       0x5f cmake/stm32cubemx/CMakeFiles/STM32_Drivers.dir/__/__/Drivers/STM32F4xx_HAL_Driver/Src/stm32f4xx_hal_rcc.c.obj
 *fill*         0x08006ed3        0x1 
 .rodata        0x08006ed4       0x62 cmake/stm32cubemx/CMakeFiles/STM32_Drivers.dir/__/__/Drivers/STM32F4xx_HAL_Driver/Src/stm32f4xx_hal_rcc_ex.c.obj
 *fill*         0x08006f36        0x2 
 .rodata        0x08006f38       0x60 cmake/stm32cubemx/CMakeFiles/STM32_Drivers.dir/__/__/Drivers/STM32F4xx_HAL_Driver/Src/stm32f4xx_hal_gpio.c.obj
 .rodata        0x08006f98       0x62 cmake/stm32cubemx/CMakeFiles/STM32_Drivers.dir/__/__/Drivers/STM32F4xx_HAL_Driver/Src/stm32f4xx_hal_cortex.c.obj
 *fill*         0x08006ffa        0x2 
 .rodata        0x08006ffc       0x5e cmake/stm32cubemx/CMakeFiles/STM32_Drivers.dir/__/__/Drivers/STM32F4xx_HAL_Driver/Src/stm32f4xx_ll_fmc.c.obj
 *fill*         0x0800705a        0x2 
 .rodata        0x0800705c       0x60 cmake/stm32cubemx/CMakeFiles/STM32_Drivers.dir/__/__/Drivers/STM32F4xx_HAL_Driver/Src/stm32f4xx_hal_ltdc.c.obj
 .rodata        0x080070bc       0x5f cmake/stm32cubemx/CMakeFiles/STM32_Drivers.dir/__/__/Drivers/STM32F4xx_HAL_Driver/Src/stm32f4xx_hal_rtc.c.obj
 *fill*         0x0800711b        0x1 
 .rodata        0x0800711c       0x60 cmake/stm32cubemx/CMakeFiles/STM32_Drivers.dir/__/__/Drivers/STM32F4xx_HAL_Driver/Src/stm32f4xx_hal_uart.c.obj
 .rodata        0x0800717c       0x68 CMakeFiles/06_RTC.dir/Core/Src/main.c.obj
 *(.rodata*)
 .rodata.AHBPrescTable
                0x080071e4       0x10 cmake/stm32cubemx/CMakeFiles/STM32_Drivers.dir/__/__/Core/Src/system_stm32f4xx.c.obj
                0x080071e4                AHBPrescTable
 .rodata.APBPrescTable
                0x080071f4        0x8 cmake/stm32cubemx/CMakeFiles/STM32_Drivers.dir/__/__/Core/Src/system_stm32f4xx.c.obj
                0x080071f4                APBPrescTable
 .rodata.Font16_Table
                0x080071fc      0xbe0 CMakeFiles/06_RTC.dir/BSP/fonts/font16.c.obj
                0x080071fc                Font16_Table
 .rodata.Font24_Table
                0x08007ddc     0x1ab8 CMakeFiles/06_RTC.dir/BSP/fonts/font24.c.obj
                0x08007ddc                Font24_Table
 .rodata._svfprintf_r.str1.1
                0x08009894       0x33 C:/Users/ASUS/AppData/Local/stm32cube/bundles/gnu-tools-for-stm32/14.3.1+st.2/bin/../lib/gcc/arm-none-eabi/14.3.1/../../../../arm-none-eabi/lib/thumb/v7e-m+fp/hard\libg_nano.a(libc_a-nano-svfprintf.o)
                                 0x11 (size before relaxing)
 .rodata._printf_i.str1.1
                0x080098c7       0x22 C:/Users/ASUS/AppData/Local/stm32cube/bundles/gnu-tools-for-stm32/14.3.1+st.2/bin/../lib/gcc/arm-none-eabi/14.3.1/../../../../arm-none-eabi/lib/thumb/v7e-m+fp/hard\libg_nano.a(libc_a-nano-vfprintf_i.o)
                0x080098ec                        . = ALIGN (0x4)
 *fill*         0x080098c7        0x1 

.ARM.extab      0x080098c8        0x0
                0x080098c8                        . = ALIGN (0x4)
 *(.ARM.extab* .gnu.linkonce.armextab.*)
                0x080098c8                        . = ALIGN (0x4)

.ARM            0x080098c8        0x8
                0x080098c8                        . = ALIGN (0x4)
                0x080098c8                        __exidx_start = .
 *(.ARM.exidx*)
 .ARM.exidx     0x080098c8        0x8 C:/Users/ASUS/AppData/Local/stm32cube/bundles/gnu-tools-for-stm32/14.3.1+st.2/bin/../lib/gcc/arm-none-eabi/14.3.1/thumb/v7e-m+fp/hard\libgcc.a(_udivmoddi4.o)
 .ARM.exidx     0x080098d0        0x0 C:/Users/ASUS/AppData/Local/stm32cube/bundles/gnu-tools-for-stm32/14.3.1+st.2/bin/../lib/gcc/arm-none-eabi/14.3.1/../../../../arm-none-eabi/lib/thumb/v7e-m+fp/hard\libg_nano.a(libc_a-memchr.o)
                                  0x8 (size before relaxing)
                0x080098d0                        __exidx_end = .
                0x080098d0                        . = ALIGN (0x4)

.preinit_array  0x080098d0        0x0
                0x080098d0                        . = ALIGN (0x4)
                0x080098d0                        PROVIDE (__preinit_array_start = .)
 *(.preinit_array*)
                0x080098d0                        PROVIDE (__preinit_array_end = .)
                0x080098d0                        . = ALIGN (0x4)

.init_array     0x080098d0        0x4
                0x080098d0                        . = ALIGN (0x4)
                0x080098d0                        PROVIDE (__init_array_start = .)
 *(SORT_BY_NAME(.init_array.*))
 *(.init_array*)
 .init_array    0x080098d0        0x4 C:/Users/ASUS/AppData/Local/stm32cube/bundles/gnu-tools-for-stm32/14.3.1+st.2/bin/../lib/gcc/arm-none-eabi/14.3.1/thumb/v7e-m+fp/hard/crtbegin.o
                0x080098d4                        PROVIDE (__init_array_end = .)
                0x080098d4                        . = ALIGN (0x4)

.fini_array     0x080098d4        0x4
                0x080098d4                        . = ALIGN (0x4)
                [!provide]                        PROVIDE (__fini_array_start = .)
 *(SORT_BY_NAME(.fini_array.*))
 *(.fini_array*)
 .fini_array    0x080098d4        0x4 C:/Users/ASUS/AppData/Local/stm32cube/bundles/gnu-tools-for-stm32/14.3.1+st.2/bin/../lib/gcc/arm-none-eabi/14.3.1/thumb/v7e-m+fp/hard/crtbegin.o
                [!provide]                        PROVIDE (__fini_array_end = .)
                0x080098d8                        . = ALIGN (0x4)
                0x080098d8                        _siccmram = LOADADDR (.ccmram)

.rel.dyn        0x080098d8        0x0
 .rel.iplt      0x080098d8        0x0 C:/Users/ASUS/AppData/Local/stm32cube/bundles/gnu-tools-for-stm32/14.3.1+st.2/bin/../lib/gcc/arm-none-eabi/14.3.1/thumb/v7e-m+fp/hard/crtbegin.o

.ccmram         0x10000000        0x0 load address 0x080098d8
                0x10000000                        . = ALIGN (0x4)
                0x10000000                        _sccmram = .
 *(.ccmram)
 *(.ccmram*)
                0x10000000                        . = ALIGN (0x4)
                0x10000000                        _eccmram = .
                0x080098d8                        _sidata = LOADADDR (.data)

.data           0x20000000       0x94 load address 0x080098d8
                0x20000000                        . = ALIGN (0x4)
                0x20000000                        _sdata = .
 *(.data)
 *(.data*)
 .data.SystemCoreClock
                0x20000000        0x4 cmake/stm32cubemx/CMakeFiles/STM32_Drivers.dir/__/__/Core/Src/system_stm32f4xx.c.obj
                0x20000000                SystemCoreClock
 .data.uwTickPrio
                0x20000004        0x4 cmake/stm32cubemx/CMakeFiles/STM32_Drivers.dir/__/__/Drivers/STM32F4xx_HAL_Driver/Src/stm32f4xx_hal.c.obj
                0x20000004                uwTickPrio
 .data.uwTickFreq
                0x20000008        0x1 cmake/stm32cubemx/CMakeFiles/STM32_Drivers.dir/__/__/Drivers/STM32F4xx_HAL_Driver/Src/stm32f4xx_hal.c.obj
                0x20000008                uwTickFreq
 .data.currentLayer
                0x20000009        0x1 CMakeFiles/06_RTC.dir/BSP/bsp_lcd.c.obj
                0x20000009                currentLayer
 .data.lcd_fgColor
                0x2000000a        0x2 CMakeFiles/06_RTC.dir/BSP/bsp_lcd.c.obj
                0x2000000a                lcd_fgColor
 .data.lcd_font
                0x2000000c        0x4 CMakeFiles/06_RTC.dir/BSP/bsp_lcd.c.obj
                0x2000000c                lcd_font
 .data.lcd_bg_window
                0x20000010        0x8 CMakeFiles/06_RTC.dir/BSP/bsp_lcd.c.obj
                0x20000010                lcd_bg_window
 .data.lcd_fg_window
                0x20000018        0x8 CMakeFiles/06_RTC.dir/BSP/bsp_lcd.c.obj
                0x20000018                lcd_fg_window
 .data.lcd_pixel_bytes
                0x20000020        0x1 CMakeFiles/06_RTC.dir/BSP/bsp_lcd.c.obj
                0x20000020                lcd_pixel_bytes
 *fill*         0x20000021        0x3 
 .data.lcd_dma2d_output_fmt
                0x20000024        0x4 CMakeFiles/06_RTC.dir/BSP/bsp_lcd.c.obj
                0x20000024                lcd_dma2d_output_fmt
 .data.Font16   0x20000028        0x8 CMakeFiles/06_RTC.dir/BSP/fonts/font16.c.obj
                0x20000028                Font16
 .data.Font24   0x20000030        0x8 CMakeFiles/06_RTC.dir/BSP/fonts/font24.c.obj
                0x20000030                Font24
 .data.__sglue  0x20000038        0xc C:/Users/ASUS/AppData/Local/stm32cube/bundles/gnu-tools-for-stm32/14.3.1+st.2/bin/../lib/gcc/arm-none-eabi/14.3.1/../../../../arm-none-eabi/lib/thumb/v7e-m+fp/hard\libg_nano.a(libc_a-findfp.o)
                0x20000038                __sglue
 .data._impure_ptr
                0x20000044        0x4 C:/Users/ASUS/AppData/Local/stm32cube/bundles/gnu-tools-for-stm32/14.3.1+st.2/bin/../lib/gcc/arm-none-eabi/14.3.1/../../../../arm-none-eabi/lib/thumb/v7e-m+fp/hard\libg_nano.a(libc_a-impure.o)
                0x20000044                _impure_ptr
 .data._impure_data
                0x20000048       0x4c C:/Users/ASUS/AppData/Local/stm32cube/bundles/gnu-tools-for-stm32/14.3.1+st.2/bin/../lib/gcc/arm-none-eabi/14.3.1/../../../../arm-none-eabi/lib/thumb/v7e-m+fp/hard\libg_nano.a(libc_a-impure.o)
                0x20000048                _impure_data
 *(.RamFunc)
 *(.RamFunc*)
                0x20000094                        . = ALIGN (0x4)

.igot.plt       0x20000094        0x0 load address 0x0800996c
 .igot.plt      0x20000094        0x0 C:/Users/ASUS/AppData/Local/stm32cube/bundles/gnu-tools-for-stm32/14.3.1+st.2/bin/../lib/gcc/arm-none-eabi/14.3.1/thumb/v7e-m+fp/hard/crtbegin.o

.tdata          0x20000094        0x0 load address 0x0800996c
 *(.tdata .tdata.* .gnu.linkonce.td.*)
                0x20000094                        . = ALIGN (0x4)
                0x20000094                        _edata = .
                [!provide]                        PROVIDE (__data_end = .)
                [!provide]                        PROVIDE (__tdata_end = .)
                [!provide]                        PROVIDE (__tdata_start = ADDR (.tdata))
                [!provide]                        PROVIDE (__tdata_size = (__tdata_end - __tdata_start))
                [!provide]                        PROVIDE (__data_start = ADDR (.data))
                [!provide]                        PROVIDE (__data_size = (__data_end - __data_start))
                [!provide]                        PROVIDE (__tdata_source = LOADADDR (.tdata))
                [!provide]                        PROVIDE (__tdata_source_end = (LOADADDR (.tdata) + SIZEOF (.tdata)))
                [!provide]                        PROVIDE (__tdata_source_size = (__tdata_source_end - __tdata_source))
                [!provide]                        PROVIDE (__data_source = LOADADDR (.data))
                [!provide]                        PROVIDE (__data_source_end = __tdata_source_end)
                [!provide]                        PROVIDE (__data_source_size = (__data_source_end - __data_source))

.tbss           0x20000094        0x0 load address 0x0800996c
                0x20000094                        _sbss = .
                0x20000094                        __bss_start__ = _sbss
 *(.tbss .tbss.*)
                0x20000094                        . = ALIGN (0x4)
                [!provide]                        PROVIDE (__tbss_end = .)
                [!provide]                        PROVIDE (__tbss_start = ADDR (.tbss))
                [!provide]                        PROVIDE (__tbss_size = (__tbss_end - __tbss_start))
                [!provide]                        PROVIDE (__tbss_offset = (ADDR (.tbss) - ADDR (.tdata)))
                [!provide]                        PROVIDE (__tls_base = __tdata_start)
                [!provide]                        PROVIDE (__tls_end = __tbss_end)
                [!provide]                        PROVIDE (__tls_size = (__tls_end - __tls_base))
                [!provide]                        PROVIDE (__tls_align = MAX (ALIGNOF (.tdata), ALIGNOF (.tbss)))
                [!provide]                        PROVIDE (__tls_size_align = (((__tls_size + __tls_align) - 0x1) & ~ ((__tls_align - 0x1))))
                [!provide]                        PROVIDE (__arm32_tls_tcb_offset = MAX (0x8, __tls_align))
                [!provide]                        PROVIDE (__arm64_tls_tcb_offset = MAX (0x10, __tls_align))

.bss            0x20000094      0x304 load address 0x0800996c
 *(.bss)
 .bss           0x20000094       0x1c C:/Users/ASUS/AppData/Local/stm32cube/bundles/gnu-tools-for-stm32/14.3.1+st.2/bin/../lib/gcc/arm-none-eabi/14.3.1/thumb/v7e-m+fp/hard/crtbegin.o
 *(.bss*)
 .bss.uwTick    0x200000b0        0x4 cmake/stm32cubemx/CMakeFiles/STM32_Drivers.dir/__/__/Drivers/STM32F4xx_HAL_Driver/Src/stm32f4xx_hal.c.obj
                0x200000b0                uwTick
 .bss.hdma2d    0x200000b4       0x40 CMakeFiles/06_RTC.dir/Core/Src/dma2d.c.obj
                0x200000b4                hdma2d
 .bss.hsdram2   0x200000f4       0x34 CMakeFiles/06_RTC.dir/Core/Src/fmc.c.obj
                0x200000f4                hsdram2
 .bss.FMC_Initialized
                0x20000128        0x4 CMakeFiles/06_RTC.dir/Core/Src/fmc.c.obj
 .bss.hltdc     0x2000012c       0xa8 CMakeFiles/06_RTC.dir/Core/Src/ltdc.c.obj
                0x2000012c                hltdc
 .bss.hrtc      0x200001d4       0x20 CMakeFiles/06_RTC.dir/Core/Src/rtc.c.obj
                0x200001d4                hrtc
 .bss.huart1    0x200001f4       0x48 CMakeFiles/06_RTC.dir/Core/Src/usart.c.obj
                0x200001f4                huart1
 .bss.__sbrk_heap_end
                0x2000023c        0x4 CMakeFiles/06_RTC.dir/Core/Src/sysmem.c.obj
 .bss.lcd_cursor_x
                0x20000240        0x2 CMakeFiles/06_RTC.dir/BSP/bsp_lcd.c.obj
                0x20000240                lcd_cursor_x
 .bss.lcd_cursor_y
                0x20000242        0x2 CMakeFiles/06_RTC.dir/BSP/bsp_lcd.c.obj
                0x20000242                lcd_cursor_y
 .bss.lcd_bgColor
                0x20000244        0x2 CMakeFiles/06_RTC.dir/BSP/bsp_lcd.c.obj
                0x20000244                lcd_bgColor
 .bss.lcd_bg_transparent
                0x20000246        0x1 CMakeFiles/06_RTC.dir/BSP/bsp_lcd.c.obj
                0x20000246                lcd_bg_transparent
 *fill*         0x20000247        0x1 
 .bss.lcd_orientation
                0x20000248        0x2 CMakeFiles/06_RTC.dir/BSP/bsp_lcd.c.obj
                0x20000248                lcd_orientation
 .bss.lcd_pixel_format
                0x2000024a        0x1 CMakeFiles/06_RTC.dir/BSP/bsp_lcd.c.obj
                0x2000024a                lcd_pixel_format
 *fill*         0x2000024b        0x1 
 .bss.__sf      0x2000024c      0x138 C:/Users/ASUS/AppData/Local/stm32cube/bundles/gnu-tools-for-stm32/14.3.1+st.2/bin/../lib/gcc/arm-none-eabi/14.3.1/../../../../arm-none-eabi/lib/thumb/v7e-m+fp/hard\libg_nano.a(libc_a-findfp.o)
                0x2000024c                __sf
 .bss.__stdio_exit_handler
                0x20000384        0x4 C:/Users/ASUS/AppData/Local/stm32cube/bundles/gnu-tools-for-stm32/14.3.1+st.2/bin/../lib/gcc/arm-none-eabi/14.3.1/../../../../arm-none-eabi/lib/thumb/v7e-m+fp/hard\libg_nano.a(libc_a-findfp.o)
                0x20000384                __stdio_exit_handler
 .bss.errno     0x20000388        0x4 C:/Users/ASUS/AppData/Local/stm32cube/bundles/gnu-tools-for-stm32/14.3.1+st.2/bin/../lib/gcc/arm-none-eabi/14.3.1/../../../../arm-none-eabi/lib/thumb/v7e-m+fp/hard\libg_nano.a(libc_a-reent.o)
                0x20000388                errno
 .bss.__lock___malloc_recursive_mutex
                0x2000038c        0x1 C:/Users/ASUS/AppData/Local/stm32cube/bundles/gnu-tools-for-stm32/14.3.1+st.2/bin/../lib/gcc/arm-none-eabi/14.3.1/../../../../arm-none-eabi/lib/thumb/v7e-m+fp/hard\libg_nano.a(libc_a-lock.o)
                0x2000038c                __lock___malloc_recursive_mutex
 .bss.__lock___sfp_recursive_mutex
                0x2000038d        0x1 C:/Users/ASUS/AppData/Local/stm32cube/bundles/gnu-tools-for-stm32/14.3.1+st.2/bin/../lib/gcc/arm-none-eabi/14.3.1/../../../../arm-none-eabi/lib/thumb/v7e-m+fp/hard\libg_nano.a(libc_a-lock.o)
                0x2000038d                __lock___sfp_recursive_mutex
 *fill*         0x2000038e        0x2 
 .bss.__malloc_sbrk_start
                0x20000390        0x4 C:/Users/ASUS/AppData/Local/stm32cube/bundles/gnu-tools-for-stm32/14.3.1+st.2/bin/../lib/gcc/arm-none-eabi/14.3.1/../../../../arm-none-eabi/lib/thumb/v7e-m+fp/hard\libg_nano.a(libc_a-mallocr.o)
                0x20000390                __malloc_sbrk_start
 .bss.__malloc_free_list
                0x20000394        0x4 C:/Users/ASUS/AppData/Local/stm32cube/bundles/gnu-tools-for-stm32/14.3.1+st.2/bin/../lib/gcc/arm-none-eabi/14.3.1/../../../../arm-none-eabi/lib/thumb/v7e-m+fp/hard\libg_nano.a(libc_a-mallocr.o)
                0x20000394                __malloc_free_list
 *(COMMON)
                0x20000398                        . = ALIGN (0x4)
                0x20000398                        _ebss = .
                0x20000398                        __bss_end__ = _ebss
                [!provide]                        PROVIDE (__bss_end = .)
                [!provide]                        PROVIDE (__non_tls_bss_start = ADDR (.bss))
                [!provide]                        PROVIDE (__bss_start = __tbss_start)
                [!provide]                        PROVIDE (__bss_size = (__bss_end - __bss_start))

._user_heap_stack
                0x20000398      0x600 load address 0x0800996c
                0x20000398                        . = ALIGN (0x8)
                [!provide]                        PROVIDE (end = .)
                0x20000398                        PROVIDE (_end = .)
                0x20000598                        . = (. + _Min_Heap_Size)
 *fill*         0x20000398      0x200 
                0x20000998                        . = (. + _Min_Stack_Size)
 *fill*         0x20000598      0x400 
                0x20000998                        . = ALIGN (0x8)

/DISCARD/
 libc.a:*(*)
 libm.a:*(*)
 libgcc.a:*(*)
OUTPUT(06_RTC.elf elf32-littlearm)
LOAD linker stubs

.ARM.attributes
                0x00000000       0x30
 .ARM.attributes
                0x00000000       0x22 C:/Users/ASUS/AppData/Local/stm32cube/bundles/gnu-tools-for-stm32/14.3.1+st.2/bin/../lib/gcc/arm-none-eabi/14.3.1/thumb/v7e-m+fp/hard/crti.o
 .ARM.attributes
                0x00000022       0x34 C:/Users/ASUS/AppData/Local/stm32cube/bundles/gnu-tools-for-stm32/14.3.1+st.2/bin/../lib/gcc/arm-none-eabi/14.3.1/thumb/v7e-m+fp/hard/crtbegin.o
 .ARM.attributes
                0x00000056       0x34 cmake/stm32cubemx/CMakeFiles/STM32_Drivers.dir/__/__/Core/Src/system_stm32f4xx.c.obj
 .ARM.attributes
                0x0000008a       0x34 cmake/stm32cubemx/CMakeFiles/STM32_Drivers.dir/__/__/Drivers/STM32F4xx_HAL_Driver/Src/stm32f4xx_hal_dma2d.c.obj
 .ARM.attributes
                0x000000be       0x34 cmake/stm32cubemx/CMakeFiles/STM32_Drivers.dir/__/__/Drivers/STM32F4xx_HAL_Driver/Src/stm32f4xx_hal_rcc.c.obj
 .ARM.attributes
                0x000000f2       0x34 cmake/stm32cubemx/CMakeFiles/STM32_Drivers.dir/__/__/Drivers/STM32F4xx_HAL_Driver/Src/stm32f4xx_hal_rcc_ex.c.obj
 .ARM.attributes
                0x00000126       0x34 cmake/stm32cubemx/CMakeFiles/STM32_Drivers.dir/__/__/Drivers/STM32F4xx_HAL_Driver/Src/stm32f4xx_hal_gpio.c.obj
 .ARM.attributes
                0x0000015a       0x34 cmake/stm32cubemx/CMakeFiles/STM32_Drivers.dir/__/__/Drivers/STM32F4xx_HAL_Driver/Src/stm32f4xx_hal_pwr_ex.c.obj
 .ARM.attributes
                0x0000018e       0x34 cmake/stm32cubemx/CMakeFiles/STM32_Drivers.dir/__/__/Drivers/STM32F4xx_HAL_Driver/Src/stm32f4xx_hal_cortex.c.obj
 .ARM.attributes
                0x000001c2       0x34 cmake/stm32cubemx/CMakeFiles/STM32_Drivers.dir/__/__/Drivers/STM32F4xx_HAL_Driver/Src/stm32f4xx_hal.c.obj
 .ARM.attributes
                0x000001f6       0x34 cmake/stm32cubemx/CMakeFiles/STM32_Drivers.dir/__/__/Drivers/STM32F4xx_HAL_Driver/Src/stm32f4xx_ll_fmc.c.obj
 .ARM.attributes
                0x0000022a       0x34 cmake/stm32cubemx/CMakeFiles/STM32_Drivers.dir/__/__/Drivers/STM32F4xx_HAL_Driver/Src/stm32f4xx_hal_sdram.c.obj
 .ARM.attributes
                0x0000025e       0x34 cmake/stm32cubemx/CMakeFiles/STM32_Drivers.dir/__/__/Drivers/STM32F4xx_HAL_Driver/Src/stm32f4xx_hal_ltdc.c.obj
 .ARM.attributes
                0x00000292       0x34 cmake/stm32cubemx/CMakeFiles/STM32_Drivers.dir/__/__/Drivers/STM32F4xx_HAL_Driver/Src/stm32f4xx_hal_rtc.c.obj
 .ARM.attributes
                0x000002c6       0x34 cmake/stm32cubemx/CMakeFiles/STM32_Drivers.dir/__/__/Drivers/STM32F4xx_HAL_Driver/Src/stm32f4xx_hal_uart.c.obj
 .ARM.attributes
                0x000002fa       0x34 CMakeFiles/06_RTC.dir/Core/Src/main.c.obj
 .ARM.attributes
                0x0000032e       0x34 CMakeFiles/06_RTC.dir/Core/Src/gpio.c.obj
 .ARM.attributes
                0x00000362       0x34 CMakeFiles/06_RTC.dir/Core/Src/dma2d.c.obj
 .ARM.attributes
                0x00000396       0x34 CMakeFiles/06_RTC.dir/Core/Src/fmc.c.obj
 .ARM.attributes
                0x000003ca       0x34 CMakeFiles/06_RTC.dir/Core/Src/ltdc.c.obj
 .ARM.attributes
                0x000003fe       0x34 CMakeFiles/06_RTC.dir/Core/Src/rtc.c.obj
 .ARM.attributes
                0x00000432       0x34 CMakeFiles/06_RTC.dir/Core/Src/usart.c.obj
 .ARM.attributes
                0x00000466       0x34 CMakeFiles/06_RTC.dir/Core/Src/stm32f4xx_it.c.obj
 .ARM.attributes
                0x0000049a       0x34 CMakeFiles/06_RTC.dir/Core/Src/stm32f4xx_hal_msp.c.obj
 .ARM.attributes
                0x000004ce       0x34 CMakeFiles/06_RTC.dir/Core/Src/sysmem.c.obj
 .ARM.attributes
                0x00000502       0x34 CMakeFiles/06_RTC.dir/Core/Src/syscalls.c.obj
 .ARM.attributes
                0x00000536       0x21 CMakeFiles/06_RTC.dir/startup_stm32f429xx.s.obj
 .ARM.attributes
                0x00000557       0x34 CMakeFiles/06_RTC.dir/BSP/bsp_sdram.c.obj
 .ARM.attributes
                0x0000058b       0x34 CMakeFiles/06_RTC.dir/BSP/bsp_lcd.c.obj
 .ARM.attributes
                0x000005bf       0x34 CMakeFiles/06_RTC.dir/BSP/fonts/font16.c.obj
 .ARM.attributes
                0x000005f3       0x34 CMakeFiles/06_RTC.dir/BSP/fonts/font24.c.obj
 .ARM.attributes
                0x00000627       0x22 C:/Users/ASUS/AppData/Local/stm32cube/bundles/gnu-tools-for-stm32/14.3.1+st.2/bin/../lib/gcc/arm-none-eabi/14.3.1/thumb/v7e-m+fp/hard\libgcc.a(_aeabi_uldivmod.o)
 .ARM.attributes
                0x00000649       0x34 C:/Users/ASUS/AppData/Local/stm32cube/bundles/gnu-tools-for-stm32/14.3.1+st.2/bin/../lib/gcc/arm-none-eabi/14.3.1/thumb/v7e-m+fp/hard\libgcc.a(_udivmoddi4.o)
 .ARM.attributes
                0x0000067d       0x22 C:/Users/ASUS/AppData/Local/stm32cube/bundles/gnu-tools-for-stm32/14.3.1+st.2/bin/../lib/gcc/arm-none-eabi/14.3.1/thumb/v7e-m+fp/hard\libgcc.a(_dvmd_tls.o)
 .ARM.attributes
                0x0000069f       0x34 C:/Users/ASUS/AppData/Local/stm32cube/bundles/gnu-tools-for-stm32/14.3.1+st.2/bin/../lib/gcc/arm-none-eabi/14.3.1/../../../../arm-none-eabi/lib/thumb/v7e-m+fp/hard\libg_nano.a(libc_a-findfp.o)
 .ARM.attributes
                0x000006d3       0x34 C:/Users/ASUS/AppData/Local/stm32cube/bundles/gnu-tools-for-stm32/14.3.1+st.2/bin/../lib/gcc/arm-none-eabi/14.3.1/../../../../arm-none-eabi/lib/thumb/v7e-m+fp/hard\libg_nano.a(libc_a-fwalk.o)
 .ARM.attributes
                0x00000707       0x34 C:/Users/ASUS/AppData/Local/stm32cube/bundles/gnu-tools-for-stm32/14.3.1+st.2/bin/../lib/gcc/arm-none-eabi/14.3.1/../../../../arm-none-eabi/lib/thumb/v7e-m+fp/hard\libg_nano.a(libc_a-puts.o)
 .ARM.attributes
                0x0000073b       0x34 C:/Users/ASUS/AppData/Local/stm32cube/bundles/gnu-tools-for-stm32/14.3.1+st.2/bin/../lib/gcc/arm-none-eabi/14.3.1/../../../../arm-none-eabi/lib/thumb/v7e-m+fp/hard\libg_nano.a(libc_a-stdio.o)
 .ARM.attributes
                0x0000076f       0x34 C:/Users/ASUS/AppData/Local/stm32cube/bundles/gnu-tools-for-stm32/14.3.1+st.2/bin/../lib/gcc/arm-none-eabi/14.3.1/../../../../arm-none-eabi/lib/thumb/v7e-m+fp/hard\libg_nano.a(libc_a-vsnprintf.o)
 .ARM.attributes
                0x000007a3       0x34 C:/Users/ASUS/AppData/Local/stm32cube/bundles/gnu-tools-for-stm32/14.3.1+st.2/bin/../lib/gcc/arm-none-eabi/14.3.1/../../../../arm-none-eabi/lib/thumb/v7e-m+fp/hard\libg_nano.a(libc_a-wbuf.o)
 .ARM.attributes
                0x000007d7       0x34 C:/Users/ASUS/AppData/Local/stm32cube/bundles/gnu-tools-for-stm32/14.3.1+st.2/bin/../lib/gcc/arm-none-eabi/14.3.1/../../../../arm-none-eabi/lib/thumb/v7e-m+fp/hard\libg_nano.a(libc_a-wsetup.o)
 .ARM.attributes
                0x0000080b       0x34 C:/Users/ASUS/AppData/Local/stm32cube/bundles/gnu-tools-for-stm32/14.3.1+st.2/bin/../lib/gcc/arm-none-eabi/14.3.1/../../../../arm-none-eabi/lib/thumb/v7e-m+fp/hard\libg_nano.a(libc_a-memset.o)
 .ARM.attributes
                0x0000083f       0x34 C:/Users/ASUS/AppData/Local/stm32cube/bundles/gnu-tools-for-stm32/14.3.1+st.2/bin/../lib/gcc/arm-none-eabi/14.3.1/../../../../arm-none-eabi/lib/thumb/v7e-m+fp/hard\libg_nano.a(libc_a-closer.o)
 .ARM.attributes
                0x00000873       0x34 C:/Users/ASUS/AppData/Local/stm32cube/bundles/gnu-tools-for-stm32/14.3.1+st.2/bin/../lib/gcc/arm-none-eabi/14.3.1/../../../../arm-none-eabi/lib/thumb/v7e-m+fp/hard\libg_nano.a(libc_a-reent.o)
 .ARM.attributes
                0x000008a7       0x34 C:/Users/ASUS/AppData/Local/stm32cube/bundles/gnu-tools-for-stm32/14.3.1+st.2/bin/../lib/gcc/arm-none-eabi/14.3.1/../../../../arm-none-eabi/lib/thumb/v7e-m+fp/hard\libg_nano.a(libc_a-impure.o)
 .ARM.attributes
                0x000008db       0x34 C:/Users/ASUS/AppData/Local/stm32cube/bundles/gnu-tools-for-stm32/14.3.1+st.2/bin/../lib/gcc/arm-none-eabi/14.3.1/../../../../arm-none-eabi/lib/thumb/v7e-m+fp/hard\libg_nano.a(libc_a-lseekr.o)
 .ARM.attributes
                0x0000090f       0x34 C:/Users/ASUS/AppData/Local/stm32cube/bundles/gnu-tools-for-stm32/14.3.1+st.2/bin/../lib/gcc/arm-none-eabi/14.3.1/../../../../arm-none-eabi/lib/thumb/v7e-m+fp/hard\libg_nano.a(libc_a-readr.o)
 .ARM.attributes
                0x00000943       0x34 C:/Users/ASUS/AppData/Local/stm32cube/bundles/gnu-tools-for-stm32/14.3.1+st.2/bin/../lib/gcc/arm-none-eabi/14.3.1/../../../../arm-none-eabi/lib/thumb/v7e-m+fp/hard\libg_nano.a(libc_a-writer.o)
 .ARM.attributes
                0x00000977       0x34 C:/Users/ASUS/AppData/Local/stm32cube/bundles/gnu-tools-for-stm32/14.3.1+st.2/bin/../lib/gcc/arm-none-eabi/14.3.1/../../../../arm-none-eabi/lib/thumb/v7e-m+fp/hard\libg_nano.a(libc_a-errno.o)
 .ARM.attributes
                0x000009ab       0x34 C:/Users/ASUS/AppData/Local/stm32cube/bundles/gnu-tools-for-stm32/14.3.1+st.2/bin/../lib/gcc/arm-none-eabi/14.3.1/../../../../arm-none-eabi/lib/thumb/v7e-m+fp/hard\libg_nano.a(libc_a-init.o)
 .ARM.attributes
                0x000009df       0x34 C:/Users/ASUS/AppData/Local/stm32cube/bundles/gnu-tools-for-stm32/14.3.1+st.2/bin/../lib/gcc/arm-none-eabi/14.3.1/../../../../arm-none-eabi/lib/thumb/v7e-m+fp/hard\libg_nano.a(libc_a-lock.o)
 .ARM.attributes
                0x00000a13       0x34 C:/Users/ASUS/AppData/Local/stm32cube/bundles/gnu-tools-for-stm32/14.3.1+st.2/bin/../lib/gcc/arm-none-eabi/14.3.1/../../../../arm-none-eabi/lib/thumb/v7e-m+fp/hard\libg_nano.a(libc_a-freer.o)
 .ARM.attributes
                0x00000a47       0x34 C:/Users/ASUS/AppData/Local/stm32cube/bundles/gnu-tools-for-stm32/14.3.1+st.2/bin/../lib/gcc/arm-none-eabi/14.3.1/../../../../arm-none-eabi/lib/thumb/v7e-m+fp/hard\libg_nano.a(libc_a-mallocr.o)
 .ARM.attributes
                0x00000a7b       0x34 C:/Users/ASUS/AppData/Local/stm32cube/bundles/gnu-tools-for-stm32/14.3.1+st.2/bin/../lib/gcc/arm-none-eabi/14.3.1/../../../../arm-none-eabi/lib/thumb/v7e-m+fp/hard\libg_nano.a(libc_a-mlock.o)
 .ARM.attributes
                0x00000aaf       0x34 C:/Users/ASUS/AppData/Local/stm32cube/bundles/gnu-tools-for-stm32/14.3.1+st.2/bin/../lib/gcc/arm-none-eabi/14.3.1/../../../../arm-none-eabi/lib/thumb/v7e-m+fp/hard\libg_nano.a(libc_a-nano-svfprintf.o)
 .ARM.attributes
                0x00000ae3       0x34 C:/Users/ASUS/AppData/Local/stm32cube/bundles/gnu-tools-for-stm32/14.3.1+st.2/bin/../lib/gcc/arm-none-eabi/14.3.1/../../../../arm-none-eabi/lib/thumb/v7e-m+fp/hard\libg_nano.a(libc_a-nano-vfprintf_i.o)
 .ARM.attributes
                0x00000b17       0x34 C:/Users/ASUS/AppData/Local/stm32cube/bundles/gnu-tools-for-stm32/14.3.1+st.2/bin/../lib/gcc/arm-none-eabi/14.3.1/../../../../arm-none-eabi/lib/thumb/v7e-m+fp/hard\libg_nano.a(libc_a-fflush.o)
 .ARM.attributes
                0x00000b4b       0x34 C:/Users/ASUS/AppData/Local/stm32cube/bundles/gnu-tools-for-stm32/14.3.1+st.2/bin/../lib/gcc/arm-none-eabi/14.3.1/../../../../arm-none-eabi/lib/thumb/v7e-m+fp/hard\libg_nano.a(libc_a-makebuf.o)
 .ARM.attributes
                0x00000b7f       0x34 C:/Users/ASUS/AppData/Local/stm32cube/bundles/gnu-tools-for-stm32/14.3.1+st.2/bin/../lib/gcc/arm-none-eabi/14.3.1/../../../../arm-none-eabi/lib/thumb/v7e-m+fp/hard\libg_nano.a(libc_a-memmove.o)
 .ARM.attributes
                0x00000bb3       0x34 C:/Users/ASUS/AppData/Local/stm32cube/bundles/gnu-tools-for-stm32/14.3.1+st.2/bin/../lib/gcc/arm-none-eabi/14.3.1/../../../../arm-none-eabi/lib/thumb/v7e-m+fp/hard\libg_nano.a(libc_a-fstatr.o)
 .ARM.attributes
                0x00000be7       0x34 C:/Users/ASUS/AppData/Local/stm32cube/bundles/gnu-tools-for-stm32/14.3.1+st.2/bin/../lib/gcc/arm-none-eabi/14.3.1/../../../../arm-none-eabi/lib/thumb/v7e-m+fp/hard\libg_nano.a(libc_a-isattyr.o)
 .ARM.attributes
                0x00000c1b       0x34 C:/Users/ASUS/AppData/Local/stm32cube/bundles/gnu-tools-for-stm32/14.3.1+st.2/bin/../lib/gcc/arm-none-eabi/14.3.1/../../../../arm-none-eabi/lib/thumb/v7e-m+fp/hard\libg_nano.a(libc_a-sbrkr.o)
 .ARM.attributes
                0x00000c4f       0x1c C:/Users/ASUS/AppData/Local/stm32cube/bundles/gnu-tools-for-stm32/14.3.1+st.2/bin/../lib/gcc/arm-none-eabi/14.3.1/../../../../arm-none-eabi/lib/thumb/v7e-m+fp/hard\libg_nano.a(libc_a-memchr.o)
 .ARM.attributes
                0x00000c6b       0x34 C:/Users/ASUS/AppData/Local/stm32cube/bundles/gnu-tools-for-stm32/14.3.1+st.2/bin/../lib/gcc/arm-none-eabi/14.3.1/../../../../arm-none-eabi/lib/thumb/v7e-m+fp/hard\libg_nano.a(libc_a-memcpy-stub.o)
 .ARM.attributes
                0x00000c9f       0x34 C:/Users/ASUS/AppData/Local/stm32cube/bundles/gnu-tools-for-stm32/14.3.1+st.2/bin/../lib/gcc/arm-none-eabi/14.3.1/../../../../arm-none-eabi/lib/thumb/v7e-m+fp/hard\libg_nano.a(libc_a-reallocr.o)
 .ARM.attributes
                0x00000cd3       0x34 C:/Users/ASUS/AppData/Local/stm32cube/bundles/gnu-tools-for-stm32/14.3.1+st.2/bin/../lib/gcc/arm-none-eabi/14.3.1/../../../../arm-none-eabi/lib/thumb/v7e-m+fp/hard\libg_nano.a(libc_a-msizer.o)
 .ARM.attributes
                0x00000d07       0x22 C:/Users/ASUS/AppData/Local/stm32cube/bundles/gnu-tools-for-stm32/14.3.1+st.2/bin/../lib/gcc/arm-none-eabi/14.3.1/thumb/v7e-m+fp/hard/crtn.o

.comment        0x00000000       0x43
 .comment       0x00000000       0x43 cmake/stm32cubemx/CMakeFiles/STM32_Drivers.dir/__/__/Core/Src/system_stm32f4xx.c.obj
                                 0x44 (size before relaxing)
 .comment       0x00000043       0x44 cmake/stm32cubemx/CMakeFiles/STM32_Drivers.dir/__/__/Drivers/STM32F4xx_HAL_Driver/Src/stm32f4xx_hal_dma2d.c.obj
 .comment       0x00000043       0x44 cmake/stm32cubemx/CMakeFiles/STM32_Drivers.dir/__/__/Drivers/STM32F4xx_HAL_Driver/Src/stm32f4xx_hal_rcc.c.obj
 .comment       0x00000043       0x44 cmake/stm32cubemx/CMakeFiles/STM32_Drivers.dir/__/__/Drivers/STM32F4xx_HAL_Driver/Src/stm32f4xx_hal_rcc_ex.c.obj
 .comment       0x00000043       0x44 cmake/stm32cubemx/CMakeFiles/STM32_Drivers.dir/__/__/Drivers/STM32F4xx_HAL_Driver/Src/stm32f4xx_hal_gpio.c.obj
 .comment       0x00000043       0x44 cmake/stm32cubemx/CMakeFiles/STM32_Drivers.dir/__/__/Drivers/STM32F4xx_HAL_Driver/Src/stm32f4xx_hal_pwr_ex.c.obj
 .comment       0x00000043       0x44 cmake/stm32cubemx/CMakeFiles/STM32_Drivers.dir/__/__/Drivers/STM32F4xx_HAL_Driver/Src/stm32f4xx_hal_cortex.c.obj
 .comment       0x00000043       0x44 cmake/stm32cubemx/CMakeFiles/STM32_Drivers.dir/__/__/Drivers/STM32F4xx_HAL_Driver/Src/stm32f4xx_hal.c.obj
 .comment       0x00000043       0x44 cmake/stm32cubemx/CMakeFiles/STM32_Drivers.dir/__/__/Drivers/STM32F4xx_HAL_Driver/Src/stm32f4xx_ll_fmc.c.obj
 .comment       0x00000043       0x44 cmake/stm32cubemx/CMakeFiles/STM32_Drivers.dir/__/__/Drivers/STM32F4xx_HAL_Driver/Src/stm32f4xx_hal_sdram.c.obj
 .comment       0x00000043       0x44 cmake/stm32cubemx/CMakeFiles/STM32_Drivers.dir/__/__/Drivers/STM32F4xx_HAL_Driver/Src/stm32f4xx_hal_ltdc.c.obj
 .comment       0x00000043       0x44 cmake/stm32cubemx/CMakeFiles/STM32_Drivers.dir/__/__/Drivers/STM32F4xx_HAL_Driver/Src/stm32f4xx_hal_rtc.c.obj
 .comment       0x00000043       0x44 cmake/stm32cubemx/CMakeFiles/STM32_Drivers.dir/__/__/Drivers/STM32F4xx_HAL_Driver/Src/stm32f4xx_hal_uart.c.obj
 .comment       0x00000043       0x44 CMakeFiles/06_RTC.dir/Core/Src/main.c.obj
 .comment       0x00000043       0x44 CMakeFiles/06_RTC.dir/Core/Src/gpio.c.obj
 .comment       0x00000043       0x44 CMakeFiles/06_RTC.dir/Core/Src/dma2d.c.obj
 .comment       0x00000043       0x44 CMakeFiles/06_RTC.dir/Core/Src/fmc.c.obj
 .comment       0x00000043       0x44 CMakeFiles/06_RTC.dir/Core/Src/ltdc.c.obj
 .comment       0x00000043       0x44 CMakeFiles/06_RTC.dir/Core/Src/rtc.c.obj
 .comment       0x00000043       0x44 CMakeFiles/06_RTC.dir/Core/Src/usart.c.obj
 .comment       0x00000043       0x44 CMakeFiles/06_RTC.dir/Core/Src/stm32f4xx_it.c.obj
 .comment       0x00000043       0x44 CMakeFiles/06_RTC.dir/Core/Src/stm32f4xx_hal_msp.c.obj
 .comment       0x00000043       0x44 CMakeFiles/06_RTC.dir/Core/Src/sysmem.c.obj
 .comment       0x00000043       0x44 CMakeFiles/06_RTC.dir/Core/Src/syscalls.c.obj
 .comment       0x00000043       0x44 CMakeFiles/06_RTC.dir/BSP/bsp_sdram.c.obj
 .comment       0x00000043       0x44 CMakeFiles/06_RTC.dir/BSP/bsp_lcd.c.obj
 .comment       0x00000043       0x44 CMakeFiles/06_RTC.dir/BSP/fonts/font16.c.obj
 .comment       0x00000043       0x44 CMakeFiles/06_RTC.dir/BSP/fonts/font24.c.obj
 .comment       0x00000043       0x44 C:/Users/ASUS/AppData/Local/stm32cube/bundles/gnu-tools-for-stm32/14.3.1+st.2/bin/../lib/gcc/arm-none-eabi/14.3.1/../../../../arm-none-eabi/lib/thumb/v7e-m+fp/hard\libg_nano.a(libc_a-findfp.o)
 .comment       0x00000043       0x44 C:/Users/ASUS/AppData/Local/stm32cube/bundles/gnu-tools-for-stm32/14.3.1+st.2/bin/../lib/gcc/arm-none-eabi/14.3.1/../../../../arm-none-eabi/lib/thumb/v7e-m+fp/hard\libg_nano.a(libc_a-fwalk.o)
 .comment       0x00000043       0x44 C:/Users/ASUS/AppData/Local/stm32cube/bundles/gnu-tools-for-stm32/14.3.1+st.2/bin/../lib/gcc/arm-none-eabi/14.3.1/../../../../arm-none-eabi/lib/thumb/v7e-m+fp/hard\libg_nano.a(libc_a-puts.o)
 .comment       0x00000043       0x44 C:/Users/ASUS/AppData/Local/stm32cube/bundles/gnu-tools-for-stm32/14.3.1+st.2/bin/../lib/gcc/arm-none-eabi/14.3.1/../../../../arm-none-eabi/lib/thumb/v7e-m+fp/hard\libg_nano.a(libc_a-stdio.o)
 .comment       0x00000043       0x44 C:/Users/ASUS/AppData/Local/stm32cube/bundles/gnu-tools-for-stm32/14.3.1+st.2/bin/../lib/gcc/arm-none-eabi/14.3.1/../../../../arm-none-eabi/lib/thumb/v7e-m+fp/hard\libg_nano.a(libc_a-vsnprintf.o)
 .comment       0x00000043       0x44 C:/Users/ASUS/AppData/Local/stm32cube/bundles/gnu-tools-for-stm32/14.3.1+st.2/bin/../lib/gcc/arm-none-eabi/14.3.1/../../../../arm-none-eabi/lib/thumb/v7e-m+fp/hard\libg_nano.a(libc_a-wbuf.o)
 .comment       0x00000043       0x44 C:/Users/ASUS/AppData/Local/stm32cube/bundles/gnu-tools-for-stm32/14.3.1+st.2/bin/../lib/gcc/arm-none-eabi/14.3.1/../../../../arm-none-eabi/lib/thumb/v7e-m+fp/hard\libg_nano.a(libc_a-wsetup.o)
 .comment       0x00000043       0x44 C:/Users/ASUS/AppData/Local/stm32cube/bundles/gnu-tools-for-stm32/14.3.1+st.2/bin/../lib/gcc/arm-none-eabi/14.3.1/../../../../arm-none-eabi/lib/thumb/v7e-m+fp/hard\libg_nano.a(libc_a-memset.o)
 .comment       0x00000043       0x44 C:/Users/ASUS/AppData/Local/stm32cube/bundles/gnu-tools-for-stm32/14.3.1+st.2/bin/../lib/gcc/arm-none-eabi/14.3.1/../../../../arm-none-eabi/lib/thumb/v7e-m+fp/hard\libg_nano.a(libc_a-closer.o)
 .comment       0x00000043       0x44 C:/Users/ASUS/AppData/Local/stm32cube/bundles/gnu-tools-for-stm32/14.3.1+st.2/bin/../lib/gcc/arm-none-eabi/14.3.1/../../../../arm-none-eabi/lib/thumb/v7e-m+fp/hard\libg_nano.a(libc_a-reent.o)
 .comment       0x00000043       0x44 C:/Users/ASUS/AppData/Local/stm32cube/bundles/gnu-tools-for-stm32/14.3.1+st.2/bin/../lib/gcc/arm-none-eabi/14.3.1/../../../../arm-none-eabi/lib/thumb/v7e-m+fp/hard\libg_nano.a(libc_a-impure.o)
 .comment       0x00000043       0x44 C:/Users/ASUS/AppData/Local/stm32cube/bundles/gnu-tools-for-stm32/14.3.1+st.2/bin/../lib/gcc/arm-none-eabi/14.3.1/../../../../arm-none-eabi/lib/thumb/v7e-m+fp/hard\libg_nano.a(libc_a-lseekr.o)
 .comment       0x00000043       0x44 C:/Users/ASUS/AppData/Local/stm32cube/bundles/gnu-tools-for-stm32/14.3.1+st.2/bin/../lib/gcc/arm-none-eabi/14.3.1/../../../../arm-none-eabi/lib/thumb/v7e-m+fp/hard\libg_nano.a(libc_a-readr.o)
 .comment       0x00000043       0x44 C:/Users/ASUS/AppData/Local/stm32cube/bundles/gnu-tools-for-stm32/14.3.1+st.2/bin/../lib/gcc/arm-none-eabi/14.3.1/../../../../arm-none-eabi/lib/thumb/v7e-m+fp/hard\libg_nano.a(libc_a-writer.o)
 .comment       0x00000043       0x44 C:/Users/ASUS/AppData/Local/stm32cube/bundles/gnu-tools-for-stm32/14.3.1+st.2/bin/../lib/gcc/arm-none-eabi/14.3.1/../../../../arm-none-eabi/lib/thumb/v7e-m+fp/hard\libg_nano.a(libc_a-errno.o)
 .comment       0x00000043       0x44 C:/Users/ASUS/AppData/Local/stm32cube/bundles/gnu-tools-for-stm32/14.3.1+st.2/bin/../lib/gcc/arm-none-eabi/14.3.1/../../../../arm-none-eabi/lib/thumb/v7e-m+fp/hard\libg_nano.a(libc_a-init.o)
 .comment       0x00000043       0x44 C:/Users/ASUS/AppData/Local/stm32cube/bundles/gnu-tools-for-stm32/14.3.1+st.2/bin/../lib/gcc/arm-none-eabi/14.3.1/../../../../arm-none-eabi/lib/thumb/v7e-m+fp/hard\libg_nano.a(libc_a-lock.o)
 .comment       0x00000043       0x44 C:/Users/ASUS/AppData/Local/stm32cube/bundles/gnu-tools-for-stm32/14.3.1+st.2/bin/../lib/gcc/arm-none-eabi/14.3.1/../../../../arm-none-eabi/lib/thumb/v7e-m+fp/hard\libg_nano.a(libc_a-freer.o)
 .comment       0x00000043       0x44 C:/Users/ASUS/AppData/Local/stm32cube/bundles/gnu-tools-for-stm32/14.3.1+st.2/bin/../lib/gcc/arm-none-eabi/14.3.1/../../../../arm-none-eabi/lib/thumb/v7e-m+fp/hard\libg_nano.a(libc_a-mallocr.o)
 .comment       0x00000043       0x44 C:/Users/ASUS/AppData/Local/stm32cube/bundles/gnu-tools-for-stm32/14.3.1+st.2/bin/../lib/gcc/arm-none-eabi/14.3.1/../../../../arm-none-eabi/lib/thumb/v7e-m+fp/hard\libg_nano.a(libc_a-mlock.o)
 .comment       0x00000043       0x44 C:/Users/ASUS/AppData/Local/stm32cube/bundles/gnu-tools-for-stm32/14.3.1+st.2/bin/../lib/gcc/arm-none-eabi/14.3.1/../../../../arm-none-eabi/lib/thumb/v7e-m+fp/hard\libg_nano.a(libc_a-nano-svfprintf.o)
 .comment       0x00000043       0x44 C:/Users/ASUS/AppData/Local/stm32cube/bundles/gnu-tools-for-stm32/14.3.1+st.2/bin/../lib/gcc/arm-none-eabi/14.3.1/../../../../arm-none-eabi/lib/thumb/v7e-m+fp/hard\libg_nano.a(libc_a-nano-vfprintf_i.o)
 .comment       0x00000043       0x44 C:/Users/ASUS/AppData/Local/stm32cube/bundles/gnu-tools-for-stm32/14.3.1+st.2/bin/../lib/gcc/arm-none-eabi/14.3.1/../../../../arm-none-eabi/lib/thumb/v7e-m+fp/hard\libg_nano.a(libc_a-fflush.o)
 .comment       0x00000043       0x44 C:/Users/ASUS/AppData/Local/stm32cube/bundles/gnu-tools-for-stm32/14.3.1+st.2/bin/../lib/gcc/arm-none-eabi/14.3.1/../../../../arm-none-eabi/lib/thumb/v7e-m+fp/hard\libg_nano.a(libc_a-makebuf.o)
 .comment       0x00000043       0x44 C:/Users/ASUS/AppData/Local/stm32cube/bundles/gnu-tools-for-stm32/14.3.1+st.2/bin/../lib/gcc/arm-none-eabi/14.3.1/../../../../arm-none-eabi/lib/thumb/v7e-m+fp/hard\libg_nano.a(libc_a-memmove.o)
 .comment       0x00000043       0x44 C:/Users/ASUS/AppData/Local/stm32cube/bundles/gnu-tools-for-stm32/14.3.1+st.2/bin/../lib/gcc/arm-none-eabi/14.3.1/../../../../arm-none-eabi/lib/thumb/v7e-m+fp/hard\libg_nano.a(libc_a-fstatr.o)
 .comment       0x00000043       0x44 C:/Users/ASUS/AppData/Local/stm32cube/bundles/gnu-tools-for-stm32/14.3.1+st.2/bin/../lib/gcc/arm-none-eabi/14.3.1/../../../../arm-none-eabi/lib/thumb/v7e-m+fp/hard\libg_nano.a(libc_a-isattyr.o)
 .comment       0x00000043       0x44 C:/Users/ASUS/AppData/Local/stm32cube/bundles/gnu-tools-for-stm32/14.3.1+st.2/bin/../lib/gcc/arm-none-eabi/14.3.1/../../../../arm-none-eabi/lib/thumb/v7e-m+fp/hard\libg_nano.a(libc_a-sbrkr.o)
 .comment       0x00000043       0x44 C:/Users/ASUS/AppData/Local/stm32cube/bundles/gnu-tools-for-stm32/14.3.1+st.2/bin/../lib/gcc/arm-none-eabi/14.3.1/../../../../arm-none-eabi/lib/thumb/v7e-m+fp/hard\libg_nano.a(libc_a-memcpy-stub.o)
 .comment       0x00000043       0x44 C:/Users/ASUS/AppData/Local/stm32cube/bundles/gnu-tools-for-stm32/14.3.1+st.2/bin/../lib/gcc/arm-none-eabi/14.3.1/../../../../arm-none-eabi/lib/thumb/v7e-m+fp/hard\libg_nano.a(libc_a-reallocr.o)
 .comment       0x00000043       0x44 C:/Users/ASUS/AppData/Local/stm32cube/bundles/gnu-tools-for-stm32/14.3.1+st.2/bin/../lib/gcc/arm-none-eabi/14.3.1/../../../../arm-none-eabi/lib/thumb/v7e-m+fp/hard\libg_nano.a(libc_a-msizer.o)

.debug_info     0x00000000    0x2139d
 .debug_info    0x00000000      0x52e cmake/stm32cubemx/CMakeFiles/STM32_Drivers.dir/__/__/Core/Src/system_stm32f4xx.c.obj
 .debug_info    0x0000052e      0xe98 cmake/stm32cubemx/CMakeFiles/STM32_Drivers.dir/__/__/Drivers/STM32F4xx_HAL_Driver/Src/stm32f4xx_hal_dma2d.c.obj
 .debug_info    0x000013c6      0x8f8 cmake/stm32cubemx/CMakeFiles/STM32_Drivers.dir/__/__/Drivers/STM32F4xx_HAL_Driver/Src/stm32f4xx_hal_rcc.c.obj
 .debug_info    0x00001cbe      0x669 cmake/stm32cubemx/CMakeFiles/STM32_Drivers.dir/__/__/Drivers/STM32F4xx_HAL_Driver/Src/stm32f4xx_hal_rcc_ex.c.obj
 .debug_info    0x00002327      0x6f4 cmake/stm32cubemx/CMakeFiles/STM32_Drivers.dir/__/__/Drivers/STM32F4xx_HAL_Driver/Src/stm32f4xx_hal_gpio.c.obj
 .debug_info    0x00002a1b      0x6da cmake/stm32cubemx/CMakeFiles/STM32_Drivers.dir/__/__/Drivers/STM32F4xx_HAL_Driver/Src/stm32f4xx_hal_pwr_ex.c.obj
 .debug_info    0x000030f5      0xdf7 cmake/stm32cubemx/CMakeFiles/STM32_Drivers.dir/__/__/Drivers/STM32F4xx_HAL_Driver/Src/stm32f4xx_hal_cortex.c.obj
 .debug_info    0x00003eec      0x9f4 cmake/stm32cubemx/CMakeFiles/STM32_Drivers.dir/__/__/Drivers/STM32F4xx_HAL_Driver/Src/stm32f4xx_hal.c.obj
 .debug_info    0x000048e0      0xe64 cmake/stm32cubemx/CMakeFiles/STM32_Drivers.dir/__/__/Drivers/STM32F4xx_HAL_Driver/Src/stm32f4xx_ll_fmc.c.obj
 .debug_info    0x00005744      0xed7 cmake/stm32cubemx/CMakeFiles/STM32_Drivers.dir/__/__/Drivers/STM32F4xx_HAL_Driver/Src/stm32f4xx_hal_sdram.c.obj
 .debug_info    0x0000661b     0x105b cmake/stm32cubemx/CMakeFiles/STM32_Drivers.dir/__/__/Drivers/STM32F4xx_HAL_Driver/Src/stm32f4xx_hal_ltdc.c.obj
 .debug_info    0x00007676      0xc3d cmake/stm32cubemx/CMakeFiles/STM32_Drivers.dir/__/__/Drivers/STM32F4xx_HAL_Driver/Src/stm32f4xx_hal_rtc.c.obj
 .debug_info    0x000082b3     0x2f64 cmake/stm32cubemx/CMakeFiles/STM32_Drivers.dir/__/__/Drivers/STM32F4xx_HAL_Driver/Src/stm32f4xx_hal_uart.c.obj
 .debug_info    0x0000b217      0xfb3 CMakeFiles/06_RTC.dir/Core/Src/main.c.obj
 .debug_info    0x0000c1ca      0x4ad CMakeFiles/06_RTC.dir/Core/Src/gpio.c.obj
 .debug_info    0x0000c677      0x5ef CMakeFiles/06_RTC.dir/Core/Src/dma2d.c.obj
 .debug_info    0x0000cc66      0x9a2 CMakeFiles/06_RTC.dir/Core/Src/fmc.c.obj
 .debug_info    0x0000d608      0xade CMakeFiles/06_RTC.dir/Core/Src/ltdc.c.obj
 .debug_info    0x0000e0e6      0x717 CMakeFiles/06_RTC.dir/Core/Src/rtc.c.obj
 .debug_info    0x0000e7fd      0x935 CMakeFiles/06_RTC.dir/Core/Src/usart.c.obj
 .debug_info    0x0000f132      0x112 CMakeFiles/06_RTC.dir/Core/Src/stm32f4xx_it.c.obj
 .debug_info    0x0000f244      0x281 CMakeFiles/06_RTC.dir/Core/Src/stm32f4xx_hal_msp.c.obj
 .debug_info    0x0000f4c5      0x168 CMakeFiles/06_RTC.dir/Core/Src/sysmem.c.obj
 .debug_info    0x0000f62d      0x6b4 CMakeFiles/06_RTC.dir/Core/Src/syscalls.c.obj